0:0:0:0:0:0:0:1 - - [07/May/2024:10:13:24 +0200] "GET /bermecars/login.jsp HTTP/1.1" 200 3966
127.0.0.1 - tomcat [07/May/2024:10:14:06 +0200] "PUT /manager/text/deploy?path=%2Fbermecars&update=true HTTP/1.1" 200 67
0:0:0:0:0:0:0:1 - - [07/May/2024:10:14:13 +0200] "GET /bermecars/login.jsp HTTP/1.1" 200 3948
127.0.0.1 - tomcat [07/May/2024:10:15:15 +0200] "PUT /manager/text/deploy?path=%2Fbermecars&update=true HTTP/1.1" 200 67
0:0:0:0:0:0:0:1 - - [07/May/2024:10:15:18 +0200] "GET /bermecars/login.jsp HTTP/1.1" 200 3930
127.0.0.1 - tomcat [07/May/2024:10:17:04 +0200] "PUT /manager/text/deploy?path=%2Fbermecars&update=true HTTP/1.1" 200 67
0:0:0:0:0:0:0:1 - - [07/May/2024:10:17:09 +0200] "GET /bermecars/login.jsp HTTP/1.1" 200 3930
0:0:0:0:0:0:0:1 - - [07/May/2024:10:17:13 +0200] "POST /bermecars/login HTTP/1.1" 200 73
0:0:0:0:0:0:0:1 - - [07/May/2024:10:17:13 +0200] "GET /bermecars/register.jsp HTTP/1.1" 200 2440
0:0:0:0:0:0:0:1 - - [07/May/2024:10:17:26 +0200] "POST /bermecars/login HTTP/1.1" 200 2
0:0:0:0:0:0:0:1 - - [07/May/2024:10:17:26 +0200] "GET /bermecars HTTP/1.1" 302 -
0:0:0:0:0:0:0:1 - - [07/May/2024:10:17:26 +0200] "GET /bermecars/ HTTP/1.1" 200 8704
0:0:0:0:0:0:0:1 - - [07/May/2024:10:17:26 +0200] "GET /bermecar-pictures/test.jpg HTTP/1.1" 404 781
0:0:0:0:0:0:0:1 - - [07/May/2024:10:17:29 +0200] "GET /bermecars HTTP/1.1" 302 -
0:0:0:0:0:0:0:1 - - [07/May/2024:10:17:29 +0200] "GET /bermecars/ HTTP/1.1" 200 8704
0:0:0:0:0:0:0:1 - - [07/May/2024:10:17:29 +0200] "GET /bermecar-pictures/test.jpg HTTP/1.1" 404 781
0:0:0:0:0:0:0:1 - - [07/May/2024:10:17:32 +0200] "GET /bermecars/logout HTTP/1.1" 302 -
0:0:0:0:0:0:0:1 - - [07/May/2024:10:17:32 +0200] "GET /bermecars HTTP/1.1" 302 -
0:0:0:0:0:0:0:1 - - [07/May/2024:10:17:32 +0200] "GET /bermecars/ HTTP/1.1" 200 858
0:0:0:0:0:0:0:1 - - [07/May/2024:10:17:32 +0200] "GET /bermecars/login.jsp HTTP/1.1" 200 3930
127.0.0.1 - tomcat [07/May/2024:10:18:07 +0200] "PUT /manager/text/deploy?path=%2Fbermecars&update=true HTTP/1.1" 200 67
0:0:0:0:0:0:0:1 - - [07/May/2024:10:18:12 +0200] "GET /bermecars/login.jsp HTTP/1.1" 200 3936
127.0.0.1 - tomcat [07/May/2024:10:18:16 +0200] "PUT /manager/text/deploy?path=%2Fbermecars&update=true HTTP/1.1" 200 67
0:0:0:0:0:0:0:1 - - [07/May/2024:10:18:26 +0200] "GET /bermecars/login.jsp HTTP/1.1" 200 3921
127.0.0.1 - tomcat [07/May/2024:10:18:29 +0200] "PUT /manager/text/deploy?path=%2Fbermecars&update=true HTTP/1.1" 200 67
0:0:0:0:0:0:0:1 - - [07/May/2024:10:18:31 +0200] "GET /bermecars/login.jsp HTTP/1.1" 200 3921
127.0.0.1 - tomcat [07/May/2024:10:19:46 +0200] "PUT /manager/text/deploy?path=%2Fbermecars&update=true HTTP/1.1" 200 67
0:0:0:0:0:0:0:1 - - [07/May/2024:10:19:47 +0200] "GET /bermecars/login.jsp HTTP/1.1" 200 3926
127.0.0.1 - tomcat [07/May/2024:10:20:03 +0200] "PUT /manager/text/deploy?path=%2Fbermecars&update=true HTTP/1.1" 200 67
0:0:0:0:0:0:0:1 - - [07/May/2024:10:20:06 +0200] "GET /bermecars/login.jsp HTTP/1.1" 200 3926
0:0:0:0:0:0:0:1 - - [07/May/2024:10:20:06 +0200] "GET /bermecars/login.jsp HTTP/1.1" 200 3926
127.0.0.1 - tomcat [07/May/2024:10:20:24 +0200] "PUT /manager/text/deploy?path=%2Fbermecars&update=true HTTP/1.1" 200 67
0:0:0:0:0:0:0:1 - - [07/May/2024:10:20:25 +0200] "GET /bermecars/login.jsp HTTP/1.1" 200 3927
127.0.0.1 - tomcat [07/May/2024:10:20:47 +0200] "PUT /manager/text/deploy?path=%2Fbermecars&update=true HTTP/1.1" 200 67
0:0:0:0:0:0:0:1 - - [07/May/2024:10:20:48 +0200] "GET /bermecars/login.jsp HTTP/1.1" 200 3926
0:0:0:0:0:0:0:1 - - [07/May/2024:10:20:49 +0200] "GET /bermecars/login.jsp HTTP/1.1" 200 3926
0:0:0:0:0:0:0:1 - - [07/May/2024:10:20:49 +0200] "GET /bermecars/login.jsp HTTP/1.1" 200 3926
0:0:0:0:0:0:0:1 - - [07/May/2024:10:20:49 +0200] "GET /bermecars/login.jsp HTTP/1.1" 200 3926
127.0.0.1 - tomcat [07/May/2024:10:21:02 +0200] "PUT /manager/text/deploy?path=%2Fbermecars&update=true HTTP/1.1" 200 67
0:0:0:0:0:0:0:1 - - [07/May/2024:10:21:03 +0200] "GET /bermecars/login.jsp HTTP/1.1" 200 3926
0:0:0:0:0:0:0:1 - - [07/May/2024:10:21:04 +0200] "GET /bermecars/login.jsp HTTP/1.1" 200 3926
127.0.0.1 - tomcat [07/May/2024:10:21:12 +0200] "PUT /manager/text/deploy?path=%2Fbermecars&update=true HTTP/1.1" 200 67
0:0:0:0:0:0:0:1 - - [07/May/2024:10:21:14 +0200] "GET /bermecars/login.jsp HTTP/1.1" 200 3927
0:0:0:0:0:0:0:1 - - [07/May/2024:10:21:14 +0200] "GET /bermecars/login.jsp HTTP/1.1" 200 3927
0:0:0:0:0:0:0:1 - - [07/May/2024:10:21:14 +0200] "GET /bermecars/login.jsp HTTP/1.1" 200 3927
0:0:0:0:0:0:0:1 - - [07/May/2024:10:21:15 +0200] "GET /bermecars/login.jsp HTTP/1.1" 200 3927
127.0.0.1 - tomcat [07/May/2024:10:21:39 +0200] "PUT /manager/text/deploy?path=%2Fbermecars&update=true HTTP/1.1" 200 67
0:0:0:0:0:0:0:1 - - [07/May/2024:10:21:40 +0200] "GET /bermecars/login.jsp HTTP/1.1" 200 3923
127.0.0.1 - tomcat [07/May/2024:10:22:12 +0200] "PUT /manager/text/deploy?path=%2Fbermecars&update=true HTTP/1.1" 200 67
0:0:0:0:0:0:0:1 - - [07/May/2024:10:22:15 +0200] "GET /bermecars/login.jsp HTTP/1.1" 200 3926
127.0.0.1 - tomcat [07/May/2024:10:22:25 +0200] "PUT /manager/text/deploy?path=%2Fbermecars&update=true HTTP/1.1" 200 67
0:0:0:0:0:0:0:1 - - [07/May/2024:10:22:26 +0200] "GET /bermecars/login.jsp HTTP/1.1" 200 3921
127.0.0.1 - tomcat [07/May/2024:10:22:56 +0200] "PUT /manager/text/deploy?path=%2Fbermecars&update=true HTTP/1.1" 200 67
0:0:0:0:0:0:0:1 - - [07/May/2024:10:22:58 +0200] "GET /bermecars/login.jsp HTTP/1.1" 200 3921
127.0.0.1 - tomcat [07/May/2024:10:23:36 +0200] "PUT /manager/text/deploy?path=%2Fbermecars&update=true HTTP/1.1" 200 67
0:0:0:0:0:0:0:1 - - [07/May/2024:10:23:37 +0200] "GET /bermecars/login.jsp HTTP/1.1" 200 3921
0:0:0:0:0:0:0:1 - - [07/May/2024:10:23:38 +0200] "GET /bermecars/login.jsp HTTP/1.1" 200 3921
0:0:0:0:0:0:0:1 - - [07/May/2024:10:23:38 +0200] "GET /bermecars/login.jsp HTTP/1.1" 200 3921
0:0:0:0:0:0:0:1 - - [07/May/2024:10:23:59 +0200] "GET /bermecars/login.jsp HTTP/1.1" 200 3921
127.0.0.1 - tomcat [07/May/2024:10:24:06 +0200] "PUT /manager/text/deploy?path=%2Fbermecars&update=true HTTP/1.1" 200 67
0:0:0:0:0:0:0:1 - - [07/May/2024:10:24:07 +0200] "GET /bermecars/login.jsp HTTP/1.1" 200 3921
0:0:0:0:0:0:0:1 - - [07/May/2024:10:24:08 +0200] "GET /bermecars/login.jsp HTTP/1.1" 200 3921
0:0:0:0:0:0:0:1 - - [07/May/2024:10:24:10 +0200] "GET /bermecars/login.jsp HTTP/1.1" 200 3921
0:0:0:0:0:0:0:1 - - [07/May/2024:10:24:10 +0200] "GET /bermecars/login.jsp HTTP/1.1" 200 3921
0:0:0:0:0:0:0:1 - - [07/May/2024:10:24:10 +0200] "GET /bermecars/login.jsp HTTP/1.1" 200 3921
127.0.0.1 - tomcat [07/May/2024:10:24:20 +0200] "PUT /manager/text/deploy?path=%2Fbermecars&update=true HTTP/1.1" 200 67
0:0:0:0:0:0:0:1 - - [07/May/2024:10:24:21 +0200] "GET /bermecars/login.jsp HTTP/1.1" 200 3921
0:0:0:0:0:0:0:1 - - [07/May/2024:10:26:06 +0200] "GET /bermecars/login.jsp HTTP/1.1" 200 3921
0:0:0:0:0:0:0:1 - - [07/May/2024:10:26:07 +0200] "GET /bermecars/login.jsp HTTP/1.1" 200 3921
127.0.0.1 - tomcat [07/May/2024:10:26:56 +0200] "PUT /manager/text/deploy?path=%2Fbermecars&update=true HTTP/1.1" 200 67
0:0:0:0:0:0:0:1 - - [07/May/2024:10:26:57 +0200] "GET /bermecars/login.jsp HTTP/1.1" 200 3922
0:0:0:0:0:0:0:1 - - [07/May/2024:10:27:00 +0200] "GET /bermecars/login.jsp HTTP/1.1" 200 3922
0:0:0:0:0:0:0:1 - - [07/May/2024:10:27:05 +0200] "POST /bermecars/login HTTP/1.1" 200 2
0:0:0:0:0:0:0:1 - - [07/May/2024:10:27:05 +0200] "GET /bermecars HTTP/1.1" 302 -
0:0:0:0:0:0:0:1 - - [07/May/2024:10:27:06 +0200] "GET /bermecars/ HTTP/1.1" 200 8704
0:0:0:0:0:0:0:1 - - [07/May/2024:10:27:06 +0200] "GET /bermecar-pictures/test.jpg HTTP/1.1" 404 781
0:0:0:0:0:0:0:1 - - [07/May/2024:10:27:11 +0200] "GET /bermecars/logout HTTP/1.1" 302 -
0:0:0:0:0:0:0:1 - - [07/May/2024:10:27:11 +0200] "GET /bermecars HTTP/1.1" 302 -
0:0:0:0:0:0:0:1 - - [07/May/2024:10:27:11 +0200] "GET /bermecars/ HTTP/1.1" 200 858
0:0:0:0:0:0:0:1 - - [07/May/2024:10:27:11 +0200] "GET /bermecars/login.jsp HTTP/1.1" 200 3922
0:0:0:0:0:0:0:1 - - [07/May/2024:10:27:34 +0200] "GET /bermecars/login.jsp HTTP/1.1" 200 3922
0:0:0:0:0:0:0:1 - - [07/May/2024:10:27:34 +0200] "GET /bermecars/login.jsp HTTP/1.1" 200 3922
127.0.0.1 - tomcat [07/May/2024:10:28:40 +0200] "PUT /manager/text/deploy?path=%2Fbermecars&update=true HTTP/1.1" 200 67
127.0.0.1 - tomcat [07/May/2024:10:29:09 +0200] "PUT /manager/text/deploy?path=%2Fbermecars&update=true HTTP/1.1" 200 67
0:0:0:0:0:0:0:1 - - [07/May/2024:10:29:11 +0200] "GET /bermecars/login.jsp HTTP/1.1" 200 3863
127.0.0.1 - tomcat [07/May/2024:10:29:36 +0200] "PUT /manager/text/deploy?path=%2Fbermecars&update=true HTTP/1.1" 200 67
127.0.0.1 - tomcat [07/May/2024:10:31:28 +0200] "PUT /manager/text/deploy?path=%2Fbermecars&update=true HTTP/1.1" 200 67
0:0:0:0:0:0:0:1 - - [07/May/2024:10:31:30 +0200] "GET /bermecars/login.jsp HTTP/1.1" 200 3847
0:0:0:0:0:0:0:1 - - [07/May/2024:10:31:33 +0200] "GET /bermecars/register.jsp HTTP/1.1" 200 4255
127.0.0.1 - tomcat [07/May/2024:10:32:19 +0200] "PUT /manager/text/deploy?path=%2Fbermecars&update=true HTTP/1.1" 200 67
0:0:0:0:0:0:0:1 - - [07/May/2024:10:32:31 +0200] "GET /bermecars/register.jsp HTTP/1.1" 200 4186
0:0:0:0:0:0:0:1 - - [07/May/2024:10:32:33 +0200] "GET /bermecars/login.jsp HTTP/1.1" 200 3847
127.0.0.1 - tomcat [07/May/2024:10:32:35 +0200] "PUT /manager/text/deploy?path=%2Fbermecars&update=true HTTP/1.1" 200 67
0:0:0:0:0:0:0:1 - - [07/May/2024:10:32:35 +0200] "GET /bermecars/register.jsp HTTP/1.1" 200 4181
127.0.0.1 - tomcat [07/May/2024:10:32:58 +0200] "PUT /manager/text/deploy?path=%2Fbermecars&update=true HTTP/1.1" 200 67
0:0:0:0:0:0:0:1 - - [07/May/2024:10:33:02 +0200] "GET /bermecars/register.jsp HTTP/1.1" 200 4127
0:0:0:0:0:0:0:1 - - [07/May/2024:10:33:05 +0200] "GET /bermecars/login.jsp HTTP/1.1" 200 3857
0:0:0:0:0:0:0:1 - - [07/May/2024:10:33:06 +0200] "GET /bermecars/register.jsp HTTP/1.1" 200 4127
0:0:0:0:0:0:0:1 - - [07/May/2024:10:33:07 +0200] "GET /bermecars/login.jsp HTTP/1.1" 200 3857
0:0:0:0:0:0:0:1 - - [07/May/2024:10:33:08 +0200] "GET /bermecars/register.jsp HTTP/1.1" 200 4127
0:0:0:0:0:0:0:1 - - [07/May/2024:10:33:12 +0200] "GET /bermecars/login.jsp HTTP/1.1" 200 3857
0:0:0:0:0:0:0:1 - - [07/May/2024:10:33:14 +0200] "GET /bermecars/register.jsp HTTP/1.1" 200 4127
0:0:0:0:0:0:0:1 - - [07/May/2024:10:33:16 +0200] "GET /bermecars/login.jsp HTTP/1.1" 200 3857
0:0:0:0:0:0:0:1 - - [07/May/2024:10:33:17 +0200] "GET /bermecars/register.jsp HTTP/1.1" 200 4127
0:0:0:0:0:0:0:1 - - [07/May/2024:10:33:22 +0200] "GET /bermecars/login.jsp HTTP/1.1" 200 3857
0:0:0:0:0:0:0:1 - - [07/May/2024:10:33:27 +0200] "POST /bermecars/login HTTP/1.1" 200 2
0:0:0:0:0:0:0:1 - - [07/May/2024:10:33:27 +0200] "GET /bermecars HTTP/1.1" 302 -
0:0:0:0:0:0:0:1 - - [07/May/2024:10:33:27 +0200] "GET /bermecars/ HTTP/1.1" 200 8798
0:0:0:0:0:0:0:1 - - [07/May/2024:10:33:27 +0200] "GET /bermecar-pictures/test.jpg HTTP/1.1" 404 781
127.0.0.1 - tomcat [07/May/2024:10:33:48 +0200] "PUT /manager/text/deploy?path=%2Fbermecars&update=true HTTP/1.1" 200 67
0:0:0:0:0:0:0:1 - - [07/May/2024:10:33:50 +0200] "GET /bermecars/ HTTP/1.1" 200 858
0:0:0:0:0:0:0:1 - - [07/May/2024:10:33:51 +0200] "GET /bermecars/login.jsp HTTP/1.1" 200 3857
0:0:0:0:0:0:0:1 - - [07/May/2024:10:33:56 +0200] "POST /bermecars/login HTTP/1.1" 200 2
0:0:0:0:0:0:0:1 - - [07/May/2024:10:33:56 +0200] "GET /bermecars HTTP/1.1" 302 -
0:0:0:0:0:0:0:1 - - [07/May/2024:10:33:56 +0200] "GET /bermecars/ HTTP/1.1" 200 8798
0:0:0:0:0:0:0:1 - - [07/May/2024:10:33:56 +0200] "GET /bermecar-pictures/test.jpg HTTP/1.1" 404 781
0:0:0:0:0:0:0:1 - - [07/May/2024:10:33:58 +0200] "GET /bermecars/reservation.jsp HTTP/1.1" 200 2388
0:0:0:0:0:0:0:1 - - [07/May/2024:10:34:00 +0200] "GET /bermecars HTTP/1.1" 302 -
0:0:0:0:0:0:0:1 - - [07/May/2024:10:34:00 +0200] "GET /bermecars/ HTTP/1.1" 200 8798
0:0:0:0:0:0:0:1 - - [07/May/2024:10:34:00 +0200] "GET /bermecar-pictures/test.jpg HTTP/1.1" 404 781
0:0:0:0:0:0:0:1 - - [07/May/2024:10:34:03 +0200] "GET /bermecars/view-car.jsp?id=28 HTTP/1.1" 200 2530
0:0:0:0:0:0:0:1 - - [07/May/2024:10:34:03 +0200] "GET /bermecar-pictures/test.jpg HTTP/1.1" 404 781
0:0:0:0:0:0:0:1 - - [07/May/2024:10:34:11 +0200] "GET /bermecars/logout HTTP/1.1" 302 -
0:0:0:0:0:0:0:1 - - [07/May/2024:10:34:11 +0200] "GET /bermecars HTTP/1.1" 302 -
0:0:0:0:0:0:0:1 - - [07/May/2024:10:34:11 +0200] "GET /bermecars/ HTTP/1.1" 200 858
0:0:0:0:0:0:0:1 - - [07/May/2024:10:34:11 +0200] "GET /bermecars/login.jsp HTTP/1.1" 200 3857
0:0:0:0:0:0:0:1 - - [07/May/2024:10:34:29 +0200] "POST /bermecars/login HTTP/1.1" 200 2
0:0:0:0:0:0:0:1 - - [07/May/2024:10:34:29 +0200] "GET /bermecars HTTP/1.1" 302 -
0:0:0:0:0:0:0:1 - - [07/May/2024:10:34:29 +0200] "GET /bermecars/ HTTP/1.1" 200 8798
0:0:0:0:0:0:0:1 - - [07/May/2024:10:34:30 +0200] "GET /bermecar-pictures/test.jpg HTTP/1.1" 404 781
0:0:0:0:0:0:0:1 - - [07/May/2024:10:34:32 +0200] "GET /bermecars/edit-car.jsp HTTP/1.1" 200 4455
0:0:0:0:0:0:0:1 - - [07/May/2024:10:34:43 +0200] "GET /bermecars HTTP/1.1" 302 -
0:0:0:0:0:0:0:1 - - [07/May/2024:10:34:43 +0200] "GET /bermecars/ HTTP/1.1" 200 8798
0:0:0:0:0:0:0:1 - - [07/May/2024:10:34:43 +0200] "GET /bermecar-pictures/test.jpg HTTP/1.1" 404 781
0:0:0:0:0:0:0:1 - - [07/May/2024:10:34:45 +0200] "GET /bermecars/view-car.jsp?id=21 HTTP/1.1" 200 2539
0:0:0:0:0:0:0:1 - - [07/May/2024:10:34:46 +0200] "GET /bermecars HTTP/1.1" 302 -
0:0:0:0:0:0:0:1 - - [07/May/2024:10:34:46 +0200] "GET /bermecars/ HTTP/1.1" 200 8798
0:0:0:0:0:0:0:1 - - [07/May/2024:10:34:46 +0200] "GET /bermecar-pictures/test.jpg HTTP/1.1" 404 781
0:0:0:0:0:0:0:1 - - [07/May/2024:10:35:02 +0200] "GET /bermecars/view-car.jsp?id=21 HTTP/1.1" 200 2539
0:0:0:0:0:0:0:1 - - [07/May/2024:10:35:47 +0200] "GET /bermecars HTTP/1.1" 302 -
0:0:0:0:0:0:0:1 - - [07/May/2024:10:35:47 +0200] "GET /bermecars/ HTTP/1.1" 200 8798
0:0:0:0:0:0:0:1 - - [07/May/2024:10:35:47 +0200] "GET /bermecar-pictures/test.jpg HTTP/1.1" 404 781
0:0:0:0:0:0:0:1 - - [07/May/2024:10:38:54 +0200] "GET /bermecars/view-car.jsp?id=21 HTTP/1.1" 200 2539
0:0:0:0:0:0:0:1 - - [07/May/2024:10:39:08 +0200] "GET /bermecars/reservecar?id=21 HTTP/1.1" 302 -
0:0:0:0:0:0:0:1 - - [07/May/2024:10:39:08 +0200] "GET /bermecars/reservation.jsp HTTP/1.1" 200 2706
0:0:0:0:0:0:0:1 - - [07/May/2024:10:39:13 +0200] "GET /bermecars HTTP/1.1" 302 -
0:0:0:0:0:0:0:1 - - [07/May/2024:10:39:14 +0200] "GET /bermecars/ HTTP/1.1" 200 8798
0:0:0:0:0:0:0:1 - - [07/May/2024:10:39:14 +0200] "GET /bermecar-pictures/test.jpg HTTP/1.1" 404 781
127.0.0.1 - tomcat [07/May/2024:10:40:45 +0200] "PUT /manager/text/deploy?path=%2Fbermecars&update=true HTTP/1.1" 200 67
0:0:0:0:0:0:0:1 - - [07/May/2024:10:40:48 +0200] "GET /bermecars/ HTTP/1.1" 200 858
0:0:0:0:0:0:0:1 - - [07/May/2024:10:40:48 +0200] "GET /bermecars/login.jsp HTTP/1.1" 200 3857
0:0:0:0:0:0:0:1 - - [07/May/2024:10:40:58 +0200] "POST /bermecars/login HTTP/1.1" 200 2
0:0:0:0:0:0:0:1 - - [07/May/2024:10:40:58 +0200] "GET /bermecars HTTP/1.1" 302 -
0:0:0:0:0:0:0:1 - - [07/May/2024:10:40:58 +0200] "GET /bermecars/ HTTP/1.1" 200 8798
0:0:0:0:0:0:0:1 - - [07/May/2024:10:40:58 +0200] "GET /bermecar-pictures/test.jpg HTTP/1.1" 404 781
0:0:0:0:0:0:0:1 - - [07/May/2024:10:41:01 +0200] "GET /bermecars/view-car.jsp?id=2 HTTP/1.1" 200 2540
0:0:0:0:0:0:0:1 - - [07/May/2024:10:41:02 +0200] "GET /bermecars/reservecar?id=2 HTTP/1.1" 302 -
0:0:0:0:0:0:0:1 - - [07/May/2024:10:41:03 +0200] "GET /bermecars/reservation.jsp HTTP/1.1" 500 2864
127.0.0.1 - tomcat [07/May/2024:10:46:42 +0200] "PUT /manager/text/deploy?path=%2Fbermecars&update=true HTTP/1.1" 200 67
0:0:0:0:0:0:0:1 - - [07/May/2024:10:46:45 +0200] "GET /bermecars HTTP/1.1" 302 -
0:0:0:0:0:0:0:1 - - [07/May/2024:10:46:45 +0200] "GET /bermecars/ HTTP/1.1" 200 858
0:0:0:0:0:0:0:1 - - [07/May/2024:10:46:45 +0200] "GET /bermecars/login.jsp HTTP/1.1" 200 3857
0:0:0:0:0:0:0:1 - - [07/May/2024:10:46:51 +0200] "POST /bermecars/login HTTP/1.1" 200 2
0:0:0:0:0:0:0:1 - - [07/May/2024:10:46:51 +0200] "GET /bermecars HTTP/1.1" 302 -
0:0:0:0:0:0:0:1 - - [07/May/2024:10:46:51 +0200] "GET /bermecars/ HTTP/1.1" 200 8798
0:0:0:0:0:0:0:1 - - [07/May/2024:10:46:51 +0200] "GET /bermecar-pictures/test.jpg HTTP/1.1" 404 781
0:0:0:0:0:0:0:1 - - [07/May/2024:10:46:53 +0200] "GET /bermecars/view-car.jsp?id=1 HTTP/1.1" 200 2527
0:0:0:0:0:0:0:1 - - [07/May/2024:10:46:54 +0200] "GET /bermecars/reservecar?id=1 HTTP/1.1" 302 -
0:0:0:0:0:0:0:1 - - [07/May/2024:10:46:54 +0200] "GET /bermecars/reservation.jsp HTTP/1.1" 500 2873
127.0.0.1 - tomcat [07/May/2024:10:50:09 +0200] "PUT /manager/text/deploy?path=%2Fbermecars&update=true HTTP/1.1" 200 67
0:0:0:0:0:0:0:1 - - [07/May/2024:10:50:13 +0200] "GET /bermecars/reservation.jsp HTTP/1.1" 302 -
0:0:0:0:0:0:0:1 - - [07/May/2024:10:50:13 +0200] "GET /bermecars/index.jsp HTTP/1.1" 200 858
0:0:0:0:0:0:0:1 - - [07/May/2024:10:50:13 +0200] "GET /bermecars/login.jsp HTTP/1.1" 200 3857
0:0:0:0:0:0:0:1 - - [07/May/2024:10:50:17 +0200] "POST /bermecars/login HTTP/1.1" 200 2
0:0:0:0:0:0:0:1 - - [07/May/2024:10:50:17 +0200] "GET /bermecars HTTP/1.1" 302 -
0:0:0:0:0:0:0:1 - - [07/May/2024:10:50:17 +0200] "GET /bermecars/ HTTP/1.1" 200 8798
0:0:0:0:0:0:0:1 - - [07/May/2024:10:50:17 +0200] "GET /bermecar-pictures/test.jpg HTTP/1.1" 404 781
0:0:0:0:0:0:0:1 - - [07/May/2024:10:50:22 +0200] "GET /bermecars/view-car.jsp?id=1 HTTP/1.1" 200 2527
0:0:0:0:0:0:0:1 - - [07/May/2024:10:50:23 +0200] "GET /bermecars/reservecar?id=1 HTTP/1.1" 302 -
0:0:0:0:0:0:0:1 - - [07/May/2024:10:50:23 +0200] "GET /bermecars/reservation.jsp HTTP/1.1" 500 2863
127.0.0.1 - tomcat [07/May/2024:11:01:45 +0200] "PUT /manager/text/deploy?path=%2Fbermecars&update=true HTTP/1.1" 200 67
0:0:0:0:0:0:0:1 - - [07/May/2024:11:02:10 +0200] "GET /bermecars/reservation.jsp HTTP/1.1" 302 -
0:0:0:0:0:0:0:1 - - [07/May/2024:11:02:10 +0200] "GET /bermecars/index.jsp HTTP/1.1" 200 858
0:0:0:0:0:0:0:1 - - [07/May/2024:11:02:10 +0200] "GET /bermecars/login.jsp HTTP/1.1" 200 3857
0:0:0:0:0:0:0:1 - - [07/May/2024:11:02:14 +0200] "POST /bermecars/login HTTP/1.1" 200 2
0:0:0:0:0:0:0:1 - - [07/May/2024:11:02:14 +0200] "GET /bermecars HTTP/1.1" 302 -
0:0:0:0:0:0:0:1 - - [07/May/2024:11:02:14 +0200] "GET /bermecars/ HTTP/1.1" 200 8798
0:0:0:0:0:0:0:1 - - [07/May/2024:11:02:14 +0200] "GET /bermecar-pictures/test.jpg HTTP/1.1" 404 781
0:0:0:0:0:0:0:1 - - [07/May/2024:11:02:19 +0200] "GET /bermecars/view-car.jsp?id=2 HTTP/1.1" 200 2540
0:0:0:0:0:0:0:1 - - [07/May/2024:11:02:20 +0200] "GET /bermecars/reservecar?id=2 HTTP/1.1" 302 -
0:0:0:0:0:0:0:1 - - [07/May/2024:11:02:20 +0200] "GET /bermecars/reservation.jsp HTTP/1.1" 200 2437
0:0:0:0:0:0:0:1 - - [07/May/2024:11:02:37 +0200] "GET /bermecars/logout HTTP/1.1" 302 -
0:0:0:0:0:0:0:1 - - [07/May/2024:11:02:37 +0200] "GET /bermecars HTTP/1.1" 302 -
0:0:0:0:0:0:0:1 - - [07/May/2024:11:02:37 +0200] "GET /bermecars/ HTTP/1.1" 200 858
0:0:0:0:0:0:0:1 - - [07/May/2024:11:02:37 +0200] "GET /bermecars/login.jsp HTTP/1.1" 200 3857
0:0:0:0:0:0:0:1 - - [07/May/2024:11:02:39 +0200] "GET /bermecars/register.jsp HTTP/1.1" 200 4127
0:0:0:0:0:0:0:1 - - [07/May/2024:11:02:44 +0200] "POST /bermecars/register HTTP/1.1" 200 2
0:0:0:0:0:0:0:1 - - [07/May/2024:11:02:45 +0200] "GET /bermecars HTTP/1.1" 302 -
0:0:0:0:0:0:0:1 - - [07/May/2024:11:02:45 +0200] "GET /bermecars/ HTTP/1.1" 200 8705
0:0:0:0:0:0:0:1 - - [07/May/2024:11:02:45 +0200] "GET /bermecar-pictures/test.jpg HTTP/1.1" 404 781
0:0:0:0:0:0:0:1 - - [07/May/2024:11:02:47 +0200] "GET /bermecars/view-car.jsp?id=21 HTTP/1.1" 200 2446
0:0:0:0:0:0:0:1 - - [07/May/2024:11:02:48 +0200] "GET /bermecars/reservecar?id=21 HTTP/1.1" 302 -
0:0:0:0:0:0:0:1 - - [07/May/2024:11:02:48 +0200] "GET /bermecars/reservation.jsp HTTP/1.1" 200 1756
0:0:0:0:0:0:0:1 - - [07/May/2024:11:02:50 +0200] "GET /bermecars HTTP/1.1" 302 -
0:0:0:0:0:0:0:1 - - [07/May/2024:11:02:51 +0200] "GET /bermecars/ HTTP/1.1" 200 8705
0:0:0:0:0:0:0:1 - - [07/May/2024:11:02:51 +0200] "GET /bermecar-pictures/test.jpg HTTP/1.1" 404 781
0:0:0:0:0:0:0:1 - - [07/May/2024:11:02:52 +0200] "GET /bermecars/view-car.jsp?id=2 HTTP/1.1" 200 2447
0:0:0:0:0:0:0:1 - - [07/May/2024:11:02:53 +0200] "GET /bermecars/reservecar?id=2 HTTP/1.1" 302 -
0:0:0:0:0:0:0:1 - - [07/May/2024:11:02:53 +0200] "GET /bermecars/reservation.jsp HTTP/1.1" 200 1849
0:0:0:0:0:0:0:1 - - [07/May/2024:11:02:55 +0200] "GET /bermecars HTTP/1.1" 302 -
0:0:0:0:0:0:0:1 - - [07/May/2024:11:02:56 +0200] "GET /bermecars/ HTTP/1.1" 200 8705
0:0:0:0:0:0:0:1 - - [07/May/2024:11:02:56 +0200] "GET /bermecar-pictures/test.jpg HTTP/1.1" 404 781
0:0:0:0:0:0:0:1 - - [07/May/2024:11:02:58 +0200] "GET /bermecars/view-car.jsp?id=22 HTTP/1.1" 200 2454
0:0:0:0:0:0:0:1 - - [07/May/2024:11:02:59 +0200] "GET /bermecars/reservecar?id=22 HTTP/1.1" 302 -
0:0:0:0:0:0:0:1 - - [07/May/2024:11:02:59 +0200] "GET /bermecars/reservation.jsp HTTP/1.1" 200 1942
0:0:0:0:0:0:0:1 - - [07/May/2024:11:03:00 +0200] "GET /bermecars HTTP/1.1" 302 -
0:0:0:0:0:0:0:1 - - [07/May/2024:11:03:00 +0200] "GET /bermecars/ HTTP/1.1" 200 8705
0:0:0:0:0:0:0:1 - - [07/May/2024:11:03:00 +0200] "GET /bermecar-pictures/test.jpg HTTP/1.1" 404 781
0:0:0:0:0:0:0:1 - - [07/May/2024:11:03:03 +0200] "GET /bermecars/view-car.jsp?id=27 HTTP/1.1" 200 2447
0:0:0:0:0:0:0:1 - - [07/May/2024:11:03:04 +0200] "GET /bermecars/reservecar?id=27 HTTP/1.1" 302 -
0:0:0:0:0:0:0:1 - - [07/May/2024:11:03:04 +0200] "GET /bermecars/reservation.jsp HTTP/1.1" 200 2035
0:0:0:0:0:0:0:1 - - [07/May/2024:11:03:09 +0200] "GET /bermecars/logout HTTP/1.1" 302 -
0:0:0:0:0:0:0:1 - - [07/May/2024:11:03:09 +0200] "GET /bermecars HTTP/1.1" 302 -
0:0:0:0:0:0:0:1 - - [07/May/2024:11:03:09 +0200] "GET /bermecars/ HTTP/1.1" 200 858
0:0:0:0:0:0:0:1 - - [07/May/2024:11:03:09 +0200] "GET /bermecars/login.jsp HTTP/1.1" 200 3857
0:0:0:0:0:0:0:1 - - [07/May/2024:11:03:12 +0200] "POST /bermecars/login HTTP/1.1" 200 2
0:0:0:0:0:0:0:1 - - [07/May/2024:11:03:12 +0200] "GET /bermecars HTTP/1.1" 302 -
0:0:0:0:0:0:0:1 - - [07/May/2024:11:03:12 +0200] "GET /bermecars/ HTTP/1.1" 200 8705
0:0:0:0:0:0:0:1 - - [07/May/2024:11:03:12 +0200] "GET /bermecar-pictures/test.jpg HTTP/1.1" 404 781
0:0:0:0:0:0:0:1 - - [07/May/2024:11:03:14 +0200] "GET /bermecars/view-car.jsp?id=1 HTTP/1.1" 200 2434
0:0:0:0:0:0:0:1 - - [07/May/2024:11:03:14 +0200] "GET /bermecars/reservecar?id=1 HTTP/1.1" 302 -
0:0:0:0:0:0:0:1 - - [07/May/2024:11:03:15 +0200] "GET /bermecars/reservation.jsp HTTP/1.1" 200 2128
127.0.0.1 - tomcat [07/May/2024:11:03:31 +0200] "PUT /manager/text/deploy?path=%2Fbermecars&update=true HTTP/1.1" 200 67
0:0:0:0:0:0:0:1 - - [07/May/2024:11:04:21 +0200] "GET /bermecars HTTP/1.1" 302 -
0:0:0:0:0:0:0:1 - - [07/May/2024:11:04:21 +0200] "GET /bermecars/ HTTP/1.1" 200 858
0:0:0:0:0:0:0:1 - - [07/May/2024:11:04:21 +0200] "GET /bermecars/login.jsp HTTP/1.1" 200 3857
0:0:0:0:0:0:0:1 - - [07/May/2024:11:04:28 +0200] "POST /bermecars/login HTTP/1.1" 200 2
0:0:0:0:0:0:0:1 - - [07/May/2024:11:04:28 +0200] "GET /bermecars HTTP/1.1" 302 -
0:0:0:0:0:0:0:1 - - [07/May/2024:11:04:28 +0200] "GET /bermecars/ HTTP/1.1" 200 8798
0:0:0:0:0:0:0:1 - - [07/May/2024:11:04:28 +0200] "GET /bermecar-pictures/test.jpg HTTP/1.1" 404 781
0:0:0:0:0:0:0:1 - - [07/May/2024:11:04:28 +0200] "GET /bermecar-pictures/911gtr.jpeg HTTP/1.1" 304 -
0:0:0:0:0:0:0:1 - - [07/May/2024:11:04:30 +0200] "GET /bermecars/view-car.jsp?id=21 HTTP/1.1" 200 2539
0:0:0:0:0:0:0:1 - - [07/May/2024:11:04:31 +0200] "GET /bermecars/reservecar?id=21 HTTP/1.1" 302 -
0:0:0:0:0:0:0:1 - - [07/May/2024:11:04:31 +0200] "GET /bermecars/reservation.jsp HTTP/1.1" 200 2530
0:0:0:0:0:0:0:1 - - [07/May/2024:11:05:46 +0200] "GET /bermecars/reservation.jsp HTTP/1.1" 200 2530
0:0:0:0:0:0:0:1 - - [07/May/2024:11:05:47 +0200] "GET /bermecars/reservation.jsp HTTP/1.1" 200 2530
0:0:0:0:0:0:0:1 - - [07/May/2024:11:05:47 +0200] "GET /bermecars/reservation.jsp HTTP/1.1" 200 2530
0:0:0:0:0:0:0:1 - - [07/May/2024:11:05:47 +0200] "GET /bermecars/reservation.jsp HTTP/1.1" 200 2530
0:0:0:0:0:0:0:1 - - [07/May/2024:11:08:47 +0200] "GET /bermecars HTTP/1.1" 302 -
0:0:0:0:0:0:0:1 - - [07/May/2024:11:08:47 +0200] "GET /bermecars/ HTTP/1.1" 200 8798
0:0:0:0:0:0:0:1 - - [07/May/2024:11:08:47 +0200] "GET /bermecar-pictures/test.jpg HTTP/1.1" 404 781
0:0:0:0:0:0:0:1 - - [07/May/2024:11:08:49 +0200] "GET /bermecars HTTP/1.1" 302 -
0:0:0:0:0:0:0:1 - - [07/May/2024:11:08:49 +0200] "GET /bermecars/ HTTP/1.1" 200 8798
0:0:0:0:0:0:0:1 - - [07/May/2024:11:08:49 +0200] "GET /bermecar-pictures/test.jpg HTTP/1.1" 404 781
0:0:0:0:0:0:0:1 - - [07/May/2024:11:08:50 +0200] "GET /bermecars/logout HTTP/1.1" 302 -
0:0:0:0:0:0:0:1 - - [07/May/2024:11:08:50 +0200] "GET /bermecars HTTP/1.1" 302 -
0:0:0:0:0:0:0:1 - - [07/May/2024:11:08:50 +0200] "GET /bermecars/ HTTP/1.1" 200 858
0:0:0:0:0:0:0:1 - - [07/May/2024:11:08:50 +0200] "GET /bermecars/login.jsp HTTP/1.1" 200 3857
0:0:0:0:0:0:0:1 - - [07/May/2024:11:08:55 +0200] "POST /bermecars/login HTTP/1.1" 200 2
0:0:0:0:0:0:0:1 - - [07/May/2024:11:08:55 +0200] "GET /bermecars HTTP/1.1" 302 -
0:0:0:0:0:0:0:1 - - [07/May/2024:11:08:55 +0200] "GET /bermecars/ HTTP/1.1" 200 8705
0:0:0:0:0:0:0:1 - - [07/May/2024:11:08:55 +0200] "GET /bermecar-pictures/test.jpg HTTP/1.1" 404 781
0:0:0:0:0:0:0:1 - - [07/May/2024:11:09:08 +0200] "GET /bermecars/ HTTP/1.1" 200 3928
0:0:0:0:0:0:0:1 - - [07/May/2024:11:09:11 +0200] "GET /bermecars/logout HTTP/1.1" 302 -
0:0:0:0:0:0:0:1 - - [07/May/2024:11:09:11 +0200] "GET /bermecars HTTP/1.1" 302 -
0:0:0:0:0:0:0:1 - - [07/May/2024:11:09:11 +0200] "GET /bermecars/ HTTP/1.1" 200 858
0:0:0:0:0:0:0:1 - - [07/May/2024:11:09:11 +0200] "GET /bermecars/login.jsp HTTP/1.1" 200 3857
0:0:0:0:0:0:0:1 - - [07/May/2024:11:09:14 +0200] "POST /bermecars/login HTTP/1.1" 200 73
0:0:0:0:0:0:0:1 - - [07/May/2024:11:09:15 +0200] "POST /bermecars/login HTTP/1.1" 200 73
0:0:0:0:0:0:0:1 - - [07/May/2024:11:09:16 +0200] "POST /bermecars/login HTTP/1.1" 200 73
0:0:0:0:0:0:0:1 - - [07/May/2024:11:09:16 +0200] "POST /bermecars/login HTTP/1.1" 200 73
0:0:0:0:0:0:0:1 - - [07/May/2024:11:09:16 +0200] "POST /bermecars/login HTTP/1.1" 200 73
0:0:0:0:0:0:0:1 - - [07/May/2024:11:09:16 +0200] "POST /bermecars/login HTTP/1.1" 200 73
0:0:0:0:0:0:0:1 - - [07/May/2024:11:09:17 +0200] "POST /bermecars/login HTTP/1.1" 200 73
0:0:0:0:0:0:0:1 - - [07/May/2024:11:09:17 +0200] "POST /bermecars/login HTTP/1.1" 200 73
0:0:0:0:0:0:0:1 - - [07/May/2024:11:09:17 +0200] "POST /bermecars/login HTTP/1.1" 200 73
0:0:0:0:0:0:0:1 - - [07/May/2024:11:09:17 +0200] "POST /bermecars/login HTTP/1.1" 200 73
0:0:0:0:0:0:0:1 - - [07/May/2024:11:09:18 +0200] "POST /bermecars/login HTTP/1.1" 200 73
0:0:0:0:0:0:0:1 - - [07/May/2024:11:09:18 +0200] "POST /bermecars/login HTTP/1.1" 200 73
0:0:0:0:0:0:0:1 - - [07/May/2024:11:09:18 +0200] "POST /bermecars/login HTTP/1.1" 200 73
0:0:0:0:0:0:0:1 - - [07/May/2024:11:09:18 +0200] "POST /bermecars/login HTTP/1.1" 200 73
0:0:0:0:0:0:0:1 - - [07/May/2024:11:09:19 +0200] "POST /bermecars/login HTTP/1.1" 200 73
0:0:0:0:0:0:0:1 - - [07/May/2024:11:09:19 +0200] "POST /bermecars/login HTTP/1.1" 200 73
0:0:0:0:0:0:0:1 - - [07/May/2024:11:09:22 +0200] "GET /bermecars/register.jsp HTTP/1.1" 200 4127
0:0:0:0:0:0:0:1 - - [07/May/2024:11:09:27 +0200] "POST /bermecars/register HTTP/1.1" 200 2
0:0:0:0:0:0:0:1 - - [07/May/2024:11:09:27 +0200] "GET /bermecars HTTP/1.1" 302 -
0:0:0:0:0:0:0:1 - - [07/May/2024:11:09:27 +0200] "GET /bermecars/ HTTP/1.1" 200 3928
0:0:0:0:0:0:0:1 - - [07/May/2024:11:09:30 +0200] "GET /bermecars/view-car.jsp?id=29 HTTP/1.1" 200 2446
0:0:0:0:0:0:0:1 - - [07/May/2024:11:09:31 +0200] "GET /bermecars/reservecar?id=29 HTTP/1.1" 302 -
0:0:0:0:0:0:0:1 - - [07/May/2024:11:09:31 +0200] "GET /bermecars/reservation.jsp HTTP/1.1" 200 1756
0:0:0:0:0:0:0:1 - - [07/May/2024:11:09:32 +0200] "GET /bermecars HTTP/1.1" 302 -
0:0:0:0:0:0:0:1 - - [07/May/2024:11:09:32 +0200] "GET /bermecars/ HTTP/1.1" 200 3928
0:0:0:0:0:0:0:1 - - [07/May/2024:11:09:34 +0200] "GET /bermecars/view-car.jsp?id=30 HTTP/1.1" 200 2454
0:0:0:0:0:0:0:1 - - [07/May/2024:11:09:35 +0200] "GET /bermecars/reservecar?id=30 HTTP/1.1" 302 -
0:0:0:0:0:0:0:1 - - [07/May/2024:11:09:35 +0200] "GET /bermecars/reservation.jsp HTTP/1.1" 200 1849
0:0:0:0:0:0:0:1 - - [07/May/2024:11:09:36 +0200] "GET /bermecars/user-profile.jsp HTTP/1.1" 200 2281
0:0:0:0:0:0:0:1 - - [07/May/2024:11:09:37 +0200] "GET /bermecars HTTP/1.1" 302 -
0:0:0:0:0:0:0:1 - - [07/May/2024:11:09:37 +0200] "GET /bermecars/ HTTP/1.1" 200 3928
0:0:0:0:0:0:0:1 - - [07/May/2024:11:09:39 +0200] "GET /bermecars/user-profile.jsp HTTP/1.1" 200 2281
0:0:0:0:0:0:0:1 - - [07/May/2024:11:09:40 +0200] "GET /bermecars HTTP/1.1" 302 -
0:0:0:0:0:0:0:1 - - [07/May/2024:11:09:40 +0200] "GET /bermecars/ HTTP/1.1" 200 3928
0:0:0:0:0:0:0:1 - - [07/May/2024:11:09:43 +0200] "GET /bermecars/view-car.jsp?id=30 HTTP/1.1" 200 2454
0:0:0:0:0:0:0:1 - - [07/May/2024:11:09:44 +0200] "GET /bermecars/reservecar?id=30 HTTP/1.1" 302 -
0:0:0:0:0:0:0:1 - - [07/May/2024:11:09:44 +0200] "GET /bermecars/reservation.jsp HTTP/1.1" 200 1942
0:0:0:0:0:0:0:1 - - [07/May/2024:11:09:46 +0200] "GET /bermecars HTTP/1.1" 302 -
0:0:0:0:0:0:0:1 - - [07/May/2024:11:09:46 +0200] "GET /bermecars/ HTTP/1.1" 200 3928
0:0:0:0:0:0:0:1 - - [07/May/2024:11:09:47 +0200] "GET /bermecars/user-profile.jsp HTTP/1.1" 200 2281
0:0:0:0:0:0:0:1 - - [07/May/2024:11:09:48 +0200] "GET /bermecars/logout HTTP/1.1" 302 -
0:0:0:0:0:0:0:1 - - [07/May/2024:11:09:48 +0200] "GET /bermecars HTTP/1.1" 302 -
0:0:0:0:0:0:0:1 - - [07/May/2024:11:09:48 +0200] "GET /bermecars/ HTTP/1.1" 200 858
0:0:0:0:0:0:0:1 - - [07/May/2024:11:09:48 +0200] "GET /bermecars/login.jsp HTTP/1.1" 200 3857
0:0:0:0:0:0:0:1 - - [07/May/2024:11:09:50 +0200] "GET /bermecars/register.jsp HTTP/1.1" 200 4127
127.0.0.1 - tomcat [07/May/2024:11:21:22 +0200] "PUT /manager/text/deploy?path=%2Fbermecars&update=true HTTP/1.1" 200 67
0:0:0:0:0:0:0:1 - - [07/May/2024:11:21:28 +0200] "GET /bermecars/register.jsp HTTP/1.1" 200 4127
0:0:0:0:0:0:0:1 - - [07/May/2024:11:21:30 +0200] "GET /bermecars/login.jsp HTTP/1.1" 200 3857
0:0:0:0:0:0:0:1 - - [07/May/2024:11:21:35 +0200] "POST /bermecars/login HTTP/1.1" 200 73
0:0:0:0:0:0:0:1 - - [07/May/2024:11:21:38 +0200] "POST /bermecars/login HTTP/1.1" 200 73
0:0:0:0:0:0:0:1 - - [07/May/2024:11:21:39 +0200] "POST /bermecars/login HTTP/1.1" 200 73
0:0:0:0:0:0:0:1 - - [07/May/2024:11:21:43 +0200] "GET /bermecars/login.jsp HTTP/1.1" 200 3857
0:0:0:0:0:0:0:1 - - [07/May/2024:11:21:49 +0200] "POST /bermecars/login HTTP/1.1" 200 2
0:0:0:0:0:0:0:1 - - [07/May/2024:11:21:49 +0200] "GET /bermecars HTTP/1.1" 302 -
0:0:0:0:0:0:0:1 - - [07/May/2024:11:21:49 +0200] "GET /bermecars/ HTTP/1.1" 200 2655
0:0:0:0:0:0:0:1 - - [07/May/2024:11:21:54 +0200] "GET /bermecars/logout HTTP/1.1" 302 -
0:0:0:0:0:0:0:1 - - [07/May/2024:11:21:54 +0200] "GET /bermecars HTTP/1.1" 302 -
0:0:0:0:0:0:0:1 - - [07/May/2024:11:21:54 +0200] "GET /bermecars/ HTTP/1.1" 200 858
0:0:0:0:0:0:0:1 - - [07/May/2024:11:21:54 +0200] "GET /bermecars/login.jsp HTTP/1.1" 200 3857
0:0:0:0:0:0:0:1 - - [07/May/2024:11:21:55 +0200] "GET /bermecars/register.jsp HTTP/1.1" 200 4127
0:0:0:0:0:0:0:1 - - [07/May/2024:11:22:02 +0200] "POST /bermecars/register HTTP/1.1" 200 -
0:0:0:0:0:0:0:1 - - [07/May/2024:11:22:03 +0200] "POST /bermecars/register HTTP/1.1" 200 -
127.0.0.1 - tomcat [07/May/2024:11:22:53 +0200] "PUT /manager/text/deploy?path=%2Fbermecars&update=true HTTP/1.1" 200 67
0:0:0:0:0:0:0:1 - - [07/May/2024:11:22:55 +0200] "GET /bermecars/login.jsp HTTP/1.1" 200 3857
0:0:0:0:0:0:0:1 - - [07/May/2024:11:22:57 +0200] "GET /bermecars/register.jsp HTTP/1.1" 200 4385
0:0:0:0:0:0:0:1 - - [07/May/2024:11:22:57 +0200] "POST /bermecars/login HTTP/1.1" 200 73
0:0:0:0:0:0:0:1 - - [07/May/2024:11:23:08 +0200] "POST /bermecars/register HTTP/1.1" 200 -
0:0:0:0:0:0:0:1 - - [07/May/2024:11:23:10 +0200] "POST /bermecars/register HTTP/1.1" 200 -
0:0:0:0:0:0:0:1 - - [07/May/2024:11:23:20 +0200] "POST /bermecars/register HTTP/1.1" 200 -
0:0:0:0:0:0:0:1 - - [07/May/2024:11:23:21 +0200] "POST /bermecars/register HTTP/1.1" 200 -
0:0:0:0:0:0:0:1 - - [07/May/2024:11:23:24 +0200] "POST /bermecars/register HTTP/1.1" 200 -
0:0:0:0:0:0:0:1 - - [07/May/2024:11:23:25 +0200] "POST /bermecars/register HTTP/1.1" 200 -
0:0:0:0:0:0:0:1 - - [07/May/2024:11:23:25 +0200] "POST /bermecars/register HTTP/1.1" 200 -
0:0:0:0:0:0:0:1 - - [07/May/2024:11:23:25 +0200] "POST /bermecars/register HTTP/1.1" 200 -
0:0:0:0:0:0:0:1 - - [07/May/2024:11:23:26 +0200] "POST /bermecars/register HTTP/1.1" 200 -
0:0:0:0:0:0:0:1 - - [07/May/2024:11:23:26 +0200] "POST /bermecars/register HTTP/1.1" 200 -
0:0:0:0:0:0:0:1 - - [07/May/2024:11:23:26 +0200] "POST /bermecars/register HTTP/1.1" 200 -
0:0:0:0:0:0:0:1 - - [07/May/2024:11:23:26 +0200] "POST /bermecars/register HTTP/1.1" 200 -
0:0:0:0:0:0:0:1 - - [07/May/2024:11:23:27 +0200] "POST /bermecars/register HTTP/1.1" 200 -
0:0:0:0:0:0:0:1 - - [07/May/2024:11:23:27 +0200] "POST /bermecars/register HTTP/1.1" 200 -
0:0:0:0:0:0:0:1 - - [07/May/2024:11:23:27 +0200] "POST /bermecars/register HTTP/1.1" 200 -
0:0:0:0:0:0:0:1 - - [07/May/2024:11:23:53 +0200] "GET /bermecars/register.jsp HTTP/1.1" 200 4385
0:0:0:0:0:0:0:1 - - [07/May/2024:11:23:59 +0200] "POST /bermecars/register HTTP/1.1" 200 -
0:0:0:0:0:0:0:1 - - [07/May/2024:11:24:00 +0200] "POST /bermecars/register HTTP/1.1" 200 -
0:0:0:0:0:0:0:1 - - [07/May/2024:11:24:00 +0200] "POST /bermecars/register HTTP/1.1" 200 -
0:0:0:0:0:0:0:1 - - [07/May/2024:11:24:00 +0200] "POST /bermecars/register HTTP/1.1" 200 -
0:0:0:0:0:0:0:1 - - [07/May/2024:11:24:11 +0200] "POST /bermecars/register HTTP/1.1" 200 -
0:0:0:0:0:0:0:1 - - [07/May/2024:11:24:11 +0200] "POST /bermecars/register HTTP/1.1" 200 -
0:0:0:0:0:0:0:1 - - [07/May/2024:11:24:11 +0200] "POST /bermecars/register HTTP/1.1" 200 -
127.0.0.1 - tomcat [07/May/2024:11:30:29 +0200] "PUT /manager/text/deploy?path=%2Fbermecars&update=true HTTP/1.1" 200 67
0:0:0:0:0:0:0:1 - - [07/May/2024:11:30:31 +0200] "GET /bermecars/register.jsp HTTP/1.1" 200 4385
0:0:0:0:0:0:0:1 - - [07/May/2024:11:30:38 +0200] "POST /bermecars/register HTTP/1.1" 200 -
0:0:0:0:0:0:0:1 - - [07/May/2024:11:30:38 +0200] "POST /bermecars/register HTTP/1.1" 200 -
0:0:0:0:0:0:0:1 - - [07/May/2024:11:30:39 +0200] "POST /bermecars/register HTTP/1.1" 200 -
0:0:0:0:0:0:0:1 - - [07/May/2024:11:30:40 +0200] "POST /bermecars/register HTTP/1.1" 200 -
0:0:0:0:0:0:0:1 - - [07/May/2024:11:30:48 +0200] "POST /bermecars/register HTTP/1.1" 200 -
0:0:0:0:0:0:0:1 - - [07/May/2024:11:30:48 +0200] "POST /bermecars/register HTTP/1.1" 200 -
0:0:0:0:0:0:0:1 - - [07/May/2024:11:30:48 +0200] "POST /bermecars/register HTTP/1.1" 200 -
0:0:0:0:0:0:0:1 - - [07/May/2024:11:30:48 +0200] "POST /bermecars/register HTTP/1.1" 200 -
0:0:0:0:0:0:0:1 - - [07/May/2024:11:31:56 +0200] "POST /bermecars/register HTTP/1.1" 200 -
127.0.0.1 - tomcat [07/May/2024:11:38:48 +0200] "PUT /manager/text/deploy?path=%2Fbermecars&update=true HTTP/1.1" 200 67
0:0:0:0:0:0:0:1 - - [07/May/2024:11:38:49 +0200] "GET /bermecars/register.jsp HTTP/1.1" 200 4127
0:0:0:0:0:0:0:1 - - [07/May/2024:11:38:50 +0200] "GET /bermecars/register.jsp HTTP/1.1" 200 4127
0:0:0:0:0:0:0:1 - - [07/May/2024:11:38:58 +0200] "POST /bermecars/register HTTP/1.1" 200 2
0:0:0:0:0:0:0:1 - - [07/May/2024:11:38:58 +0200] "GET /bermecars HTTP/1.1" 302 -
0:0:0:0:0:0:0:1 - - [07/May/2024:11:38:58 +0200] "GET /bermecars/ HTTP/1.1" 200 3241
0:0:0:0:0:0:0:1 - - [07/May/2024:11:39:02 +0200] "GET /bermecars/view-car.jsp?id=37 HTTP/1.1" 200 2446
0:0:0:0:0:0:0:1 - - [07/May/2024:11:39:03 +0200] "GET /bermecars/reservecar?id=37 HTTP/1.1" 302 -
0:0:0:0:0:0:0:1 - - [07/May/2024:11:39:04 +0200] "GET /bermecars/reservation.jsp HTTP/1.1" 500 2863
127.0.0.1 - tomcat [07/May/2024:11:41:57 +0200] "PUT /manager/text/deploy?path=%2Fbermecars&update=true HTTP/1.1" 200 67
127.0.0.1 - tomcat [07/May/2024:11:42:03 +0200] "PUT /manager/text/deploy?path=%2Fbermecars&update=true HTTP/1.1" 200 67
0:0:0:0:0:0:0:1 - - [07/May/2024:11:42:06 +0200] "GET /bermecars/reservation.jsp HTTP/1.1" 500 3380
0:0:0:0:0:0:0:1 - - [07/May/2024:11:42:07 +0200] "GET /bermecars/reservation.jsp HTTP/1.1" 500 2862
0:0:0:0:0:0:0:1 - - [07/May/2024:11:42:08 +0200] "GET /bermecars/reservation.jsp HTTP/1.1" 500 2862
0:0:0:0:0:0:0:1 - - [07/May/2024:11:42:10 +0200] "GET /bermecars/reservation.jsp HTTP/1.1" 500 2862
0:0:0:0:0:0:0:1 - - [07/May/2024:11:42:11 +0200] "GET /bermecars/reservation.jsp HTTP/1.1" 500 3380
127.0.0.1 - tomcat [07/May/2024:11:42:39 +0200] "PUT /manager/text/deploy?path=%2Fbermecars&update=true HTTP/1.1" 200 67
0:0:0:0:0:0:0:1 - - [07/May/2024:11:46:03 +0200] "GET /bermecars/reservation.jsp HTTP/1.1" 302 -
0:0:0:0:0:0:0:1 - - [07/May/2024:11:46:03 +0200] "GET /bermecars/index.jsp HTTP/1.1" 200 858
0:0:0:0:0:0:0:1 - - [07/May/2024:11:46:03 +0200] "GET /bermecars/login.jsp HTTP/1.1" 200 3857
127.0.0.1 - tomcat [07/May/2024:11:46:11 +0200] "PUT /manager/text/deploy?path=%2Fbermecars&update=true HTTP/1.1" 200 67
0:0:0:0:0:0:0:1 - - [07/May/2024:11:46:23 +0200] "POST /bermecars/login HTTP/1.1" 200 73
0:0:0:0:0:0:0:1 - - [07/May/2024:11:46:23 +0200] "POST /bermecars/login HTTP/1.1" 200 73
0:0:0:0:0:0:0:1 - - [07/May/2024:11:46:23 +0200] "POST /bermecars/login HTTP/1.1" 200 73
0:0:0:0:0:0:0:1 - - [07/May/2024:11:46:23 +0200] "POST /bermecars/login HTTP/1.1" 200 73
0:0:0:0:0:0:0:1 - - [07/May/2024:11:46:27 +0200] "POST /bermecars/login HTTP/1.1" 200 73
0:0:0:0:0:0:0:1 - - [07/May/2024:11:46:27 +0200] "POST /bermecars/login HTTP/1.1" 200 73
0:0:0:0:0:0:0:1 - - [07/May/2024:11:46:28 +0200] "GET /bermecars/register.jsp HTTP/1.1" 200 4127
0:0:0:0:0:0:0:1 - - [07/May/2024:11:46:34 +0200] "POST /bermecars/register HTTP/1.1" 200 2
0:0:0:0:0:0:0:1 - - [07/May/2024:11:46:34 +0200] "GET /bermecars HTTP/1.1" 302 -
0:0:0:0:0:0:0:1 - - [07/May/2024:11:46:34 +0200] "GET /bermecars/ HTTP/1.1" 200 3241
0:0:0:0:0:0:0:1 - - [07/May/2024:11:46:38 +0200] "GET /bermecars/view-car.jsp?id=37 HTTP/1.1" 200 2446
0:0:0:0:0:0:0:1 - - [07/May/2024:11:46:40 +0200] "GET /bermecars/reservecar?id=37 HTTP/1.1" 302 -
0:0:0:0:0:0:0:1 - - [07/May/2024:11:46:40 +0200] "GET /bermecars/reservation.jsp HTTP/1.1" 200 2020
0:0:0:0:0:0:0:1 - - [07/May/2024:11:46:49 +0200] "GET /bermecars HTTP/1.1" 302 -
0:0:0:0:0:0:0:1 - - [07/May/2024:11:46:49 +0200] "GET /bermecars/ HTTP/1.1" 200 3241
127.0.0.1 - tomcat [07/May/2024:11:49:11 +0200] "PUT /manager/text/deploy?path=%2Fbermecars&update=true HTTP/1.1" 200 67
0:0:0:0:0:0:0:1 - - [07/May/2024:11:49:14 +0200] "GET /bermecars/ HTTP/1.1" 200 858
0:0:0:0:0:0:0:1 - - [07/May/2024:11:49:14 +0200] "GET /bermecars/login.jsp HTTP/1.1" 200 3857
0:0:0:0:0:0:0:1 - - [07/May/2024:11:49:22 +0200] "POST /bermecars/login HTTP/1.1" 200 73
0:0:0:0:0:0:0:1 - - [07/May/2024:11:49:24 +0200] "POST /bermecars/login HTTP/1.1" 200 73
0:0:0:0:0:0:0:1 - - [07/May/2024:11:49:25 +0200] "POST /bermecars/login HTTP/1.1" 200 73
0:0:0:0:0:0:0:1 - - [07/May/2024:11:49:30 +0200] "POST /bermecars/login HTTP/1.1" 200 73
0:0:0:0:0:0:0:1 - - [07/May/2024:11:49:31 +0200] "POST /bermecars/login HTTP/1.1" 200 73
0:0:0:0:0:0:0:1 - - [07/May/2024:11:49:32 +0200] "GET /bermecars/register.jsp HTTP/1.1" 200 4127
0:0:0:0:0:0:0:1 - - [07/May/2024:11:49:37 +0200] "GET /bermecars/login.jsp HTTP/1.1" 200 3857
0:0:0:0:0:0:0:1 - - [07/May/2024:11:49:41 +0200] "POST /bermecars/login HTTP/1.1" 200 2
0:0:0:0:0:0:0:1 - - [07/May/2024:11:49:41 +0200] "GET /bermecars HTTP/1.1" 302 -
0:0:0:0:0:0:0:1 - - [07/May/2024:11:49:41 +0200] "GET /bermecars/ HTTP/1.1" 200 3241
0:0:0:0:0:0:0:1 - - [07/May/2024:11:49:44 +0200] "GET /bermecars/view-car.jsp?id=37 HTTP/1.1" 200 2446
0:0:0:0:0:0:0:1 - - [07/May/2024:11:49:45 +0200] "GET /bermecars/reservecar?id=37 HTTP/1.1" 302 -
0:0:0:0:0:0:0:1 - - [07/May/2024:11:49:46 +0200] "GET /bermecars/reservation.jsp HTTP/1.1" 200 2381
127.0.0.1 - tomcat [07/May/2024:11:50:10 +0200] "PUT /manager/text/deploy?path=%2Fbermecars&update=true HTTP/1.1" 200 67
0:0:0:0:0:0:0:1 - - [07/May/2024:11:50:14 +0200] "GET /bermecars HTTP/1.1" 302 -
0:0:0:0:0:0:0:1 - - [07/May/2024:11:50:14 +0200] "GET /bermecars/ HTTP/1.1" 200 858
0:0:0:0:0:0:0:1 - - [07/May/2024:11:50:14 +0200] "GET /bermecars/login.jsp HTTP/1.1" 200 3857
0:0:0:0:0:0:0:1 - - [07/May/2024:11:50:18 +0200] "POST /bermecars/login HTTP/1.1" 200 2
0:0:0:0:0:0:0:1 - - [07/May/2024:11:50:18 +0200] "GET /bermecars HTTP/1.1" 302 -
0:0:0:0:0:0:0:1 - - [07/May/2024:11:50:18 +0200] "GET /bermecars/ HTTP/1.1" 200 3241
0:0:0:0:0:0:0:1 - - [07/May/2024:11:50:21 +0200] "GET /bermecars/view-car.jsp?id=37 HTTP/1.1" 200 2446
0:0:0:0:0:0:0:1 - - [07/May/2024:11:50:22 +0200] "GET /bermecars/reservecar?id=37 HTTP/1.1" 302 -
0:0:0:0:0:0:0:1 - - [07/May/2024:11:50:22 +0200] "GET /bermecars/reservation.jsp HTTP/1.1" 500 2863
127.0.0.1 - tomcat [07/May/2024:11:51:31 +0200] "PUT /manager/text/deploy?path=%2Fbermecars&update=true HTTP/1.1" 200 67
0:0:0:0:0:0:0:1 - - [07/May/2024:11:51:34 +0200] "GET /bermecars/reservation.jsp HTTP/1.1" 500 2854
0:0:0:0:0:0:0:1 - - [07/May/2024:11:51:37 +0200] "GET /bermecars HTTP/1.1" 302 -
0:0:0:0:0:0:0:1 - - [07/May/2024:11:51:37 +0200] "GET /bermecars/ HTTP/1.1" 200 858
0:0:0:0:0:0:0:1 - - [07/May/2024:11:51:37 +0200] "GET /bermecars/login.jsp HTTP/1.1" 200 3857
0:0:0:0:0:0:0:1 - - [07/May/2024:11:51:43 +0200] "POST /bermecars/login HTTP/1.1" 200 2
0:0:0:0:0:0:0:1 - - [07/May/2024:11:51:43 +0200] "GET /bermecars HTTP/1.1" 302 -
0:0:0:0:0:0:0:1 - - [07/May/2024:11:51:43 +0200] "GET /bermecars/ HTTP/1.1" 200 3241
0:0:0:0:0:0:0:1 - - [07/May/2024:11:51:46 +0200] "GET /bermecars/view-car.jsp?id=37 HTTP/1.1" 200 2446
0:0:0:0:0:0:0:1 - - [07/May/2024:11:51:48 +0200] "GET /bermecars/reservecar?id=37 HTTP/1.1" 302 -
0:0:0:0:0:0:0:1 - - [07/May/2024:11:51:48 +0200] "GET /bermecars/reservation.jsp HTTP/1.1" 500 2854
127.0.0.1 - tomcat [07/May/2024:11:52:38 +0200] "PUT /manager/text/deploy?path=%2Fbermecars&update=true HTTP/1.1" 200 67
0:0:0:0:0:0:0:1 - - [07/May/2024:11:52:41 +0200] "GET /bermecars/reservation.jsp HTTP/1.1" 500 2940
0:0:0:0:0:0:0:1 - - [07/May/2024:11:52:42 +0200] "GET /bermecars/reservation.jsp HTTP/1.1" 500 2862
0:0:0:0:0:0:0:1 - - [07/May/2024:11:52:44 +0200] "GET /bermecars HTTP/1.1" 302 -
0:0:0:0:0:0:0:1 - - [07/May/2024:11:52:44 +0200] "GET /bermecars/ HTTP/1.1" 200 858
0:0:0:0:0:0:0:1 - - [07/May/2024:11:52:45 +0200] "GET /bermecars/login.jsp HTTP/1.1" 200 3857
0:0:0:0:0:0:0:1 - - [07/May/2024:11:52:51 +0200] "POST /bermecars/login HTTP/1.1" 200 2
0:0:0:0:0:0:0:1 - - [07/May/2024:11:52:51 +0200] "GET /bermecars HTTP/1.1" 302 -
0:0:0:0:0:0:0:1 - - [07/May/2024:11:52:51 +0200] "GET /bermecars/ HTTP/1.1" 200 3241
0:0:0:0:0:0:0:1 - - [07/May/2024:11:52:55 +0200] "GET /bermecars/view-car.jsp?id=37 HTTP/1.1" 200 2446
0:0:0:0:0:0:0:1 - - [07/May/2024:11:52:55 +0200] "GET /bermecars/reservecar?id=37 HTTP/1.1" 302 -
0:0:0:0:0:0:0:1 - - [07/May/2024:11:52:56 +0200] "GET /bermecars/reservation.jsp HTTP/1.1" 500 2940
127.0.0.1 - tomcat [07/May/2024:11:53:13 +0200] "PUT /manager/text/deploy?path=%2Fbermecars&update=true HTTP/1.1" 200 67
0:0:0:0:0:0:0:1 - - [07/May/2024:11:53:16 +0200] "GET /bermecars HTTP/1.1" 302 -
0:0:0:0:0:0:0:1 - - [07/May/2024:11:53:16 +0200] "GET /bermecars/ HTTP/1.1" 200 858
0:0:0:0:0:0:0:1 - - [07/May/2024:11:53:16 +0200] "GET /bermecars/login.jsp HTTP/1.1" 200 3857
0:0:0:0:0:0:0:1 - - [07/May/2024:11:53:20 +0200] "POST /bermecars/login HTTP/1.1" 200 2
0:0:0:0:0:0:0:1 - - [07/May/2024:11:53:20 +0200] "GET /bermecars HTTP/1.1" 302 -
0:0:0:0:0:0:0:1 - - [07/May/2024:11:53:20 +0200] "GET /bermecars/ HTTP/1.1" 200 3241
0:0:0:0:0:0:0:1 - - [07/May/2024:11:53:22 +0200] "GET /bermecars/view-car.jsp?id=37 HTTP/1.1" 200 2446
0:0:0:0:0:0:0:1 - - [07/May/2024:11:53:27 +0200] "GET /bermecars/reservecar?id=37 HTTP/1.1" 302 -
0:0:0:0:0:0:0:1 - - [07/May/2024:11:53:27 +0200] "GET /bermecars/reservation.jsp HTTP/1.1" 500 2740
127.0.0.1 - tomcat [07/May/2024:11:54:46 +0200] "PUT /manager/text/deploy?path=%2Fbermecars&update=true HTTP/1.1" 200 67
0:0:0:0:0:0:0:1 - - [07/May/2024:11:54:50 +0200] "GET /bermecars HTTP/1.1" 302 -
0:0:0:0:0:0:0:1 - - [07/May/2024:11:54:50 +0200] "GET /bermecars/ HTTP/1.1" 200 858
0:0:0:0:0:0:0:1 - - [07/May/2024:11:54:50 +0200] "GET /bermecars/login.jsp HTTP/1.1" 200 3857
0:0:0:0:0:0:0:1 - - [07/May/2024:11:54:57 +0200] "POST /bermecars/login HTTP/1.1" 200 2
0:0:0:0:0:0:0:1 - - [07/May/2024:11:54:57 +0200] "GET /bermecars HTTP/1.1" 302 -
0:0:0:0:0:0:0:1 - - [07/May/2024:11:54:57 +0200] "GET /bermecars/ HTTP/1.1" 200 3241
0:0:0:0:0:0:0:1 - - [07/May/2024:11:55:00 +0200] "GET /bermecars/view-car.jsp?id=37 HTTP/1.1" 200 2446
0:0:0:0:0:0:0:1 - - [07/May/2024:11:55:01 +0200] "GET /bermecars/reservecar?id=37 HTTP/1.1" 302 -
0:0:0:0:0:0:0:1 - - [07/May/2024:11:55:01 +0200] "GET /bermecars/reservation.jsp HTTP/1.1" 500 2631
127.0.0.1 - tomcat [07/May/2024:11:56:12 +0200] "PUT /manager/text/deploy?path=%2Fbermecars&update=true HTTP/1.1" 200 67
0:0:0:0:0:0:0:1 - - [07/May/2024:11:56:15 +0200] "GET /bermecars HTTP/1.1" 302 -
0:0:0:0:0:0:0:1 - - [07/May/2024:11:56:15 +0200] "GET /bermecars/ HTTP/1.1" 200 858
0:0:0:0:0:0:0:1 - - [07/May/2024:11:56:15 +0200] "GET /bermecars/login.jsp HTTP/1.1" 200 3857
0:0:0:0:0:0:0:1 - - [07/May/2024:11:56:22 +0200] "POST /bermecars/login HTTP/1.1" 200 2
0:0:0:0:0:0:0:1 - - [07/May/2024:11:56:22 +0200] "GET /bermecars HTTP/1.1" 302 -
0:0:0:0:0:0:0:1 - - [07/May/2024:11:56:23 +0200] "GET /bermecars/ HTTP/1.1" 200 3241
0:0:0:0:0:0:0:1 - - [07/May/2024:11:56:31 +0200] "GET /bermecars/view-car.jsp?id=37 HTTP/1.1" 200 2446
0:0:0:0:0:0:0:1 - - [07/May/2024:11:56:33 +0200] "GET /bermecars/reservecar?id=37 HTTP/1.1" 302 -
0:0:0:0:0:0:0:1 - - [07/May/2024:11:56:33 +0200] "GET /bermecars/reservation.jsp HTTP/1.1" 500 2585
127.0.0.1 - tomcat [07/May/2024:11:56:47 +0200] "PUT /manager/text/deploy?path=%2Fbermecars&update=true HTTP/1.1" 200 67
0:0:0:0:0:0:0:1 - - [07/May/2024:11:57:01 +0200] "GET /bermecars/reservation.jsp HTTP/1.1" 500 2568
127.0.0.1 - tomcat [07/May/2024:11:57:20 +0200] "PUT /manager/text/deploy?path=%2Fbermecars&update=true HTTP/1.1" 200 67
127.0.0.1 - tomcat [07/May/2024:14:59:53 +0200] "PUT /manager/text/deploy?path=%2Fbermecars&update=true HTTP/1.1" 200 67
0:0:0:0:0:0:0:1 - - [07/May/2024:14:59:57 +0200] "GET /bermecars/reservation.jsp HTTP/1.1" 302 -
0:0:0:0:0:0:0:1 - - [07/May/2024:14:59:57 +0200] "GET /bermecars/index.jsp HTTP/1.1" 200 858
0:0:0:0:0:0:0:1 - - [07/May/2024:14:59:57 +0200] "GET /bermecars/login.jsp HTTP/1.1" 200 3857
0:0:0:0:0:0:0:1 - - [07/May/2024:15:00:07 +0200] "POST /bermecars/login HTTP/1.1" 200 2
0:0:0:0:0:0:0:1 - - [07/May/2024:15:00:07 +0200] "GET /bermecars HTTP/1.1" 302 -
0:0:0:0:0:0:0:1 - - [07/May/2024:15:00:07 +0200] "GET /bermecars/ HTTP/1.1" 200 3241
0:0:0:0:0:0:0:1 - - [07/May/2024:15:00:07 +0200] "GET /bermecar-pictures/488.jpeg HTTP/1.1" 304 -
0:0:0:0:0:0:0:1 - - [07/May/2024:15:00:23 +0200] "GET /bermecars/view-car.jsp?id=37 HTTP/1.1" 200 2446
0:0:0:0:0:0:0:1 - - [07/May/2024:15:00:24 +0200] "GET /bermecars/reservecar?id=37 HTTP/1.1" 302 -
0:0:0:0:0:0:0:1 - - [07/May/2024:15:00:24 +0200] "GET /bermecars/reservation.jsp HTTP/1.1" 500 2863
127.0.0.1 - tomcat [07/May/2024:15:08:28 +0200] "PUT /manager/text/deploy?path=%2Fbermecars&update=true HTTP/1.1" 200 67
0:0:0:0:0:0:0:1 - - [07/May/2024:15:08:37 +0200] "GET /bermecars/reservation.jsp HTTP/1.1" 302 -
0:0:0:0:0:0:0:1 - - [07/May/2024:15:08:37 +0200] "GET /bermecars/index.jsp HTTP/1.1" 200 858
0:0:0:0:0:0:0:1 - - [07/May/2024:15:08:37 +0200] "GET /bermecars/login.jsp HTTP/1.1" 200 3857
0:0:0:0:0:0:0:1 - - [07/May/2024:15:08:42 +0200] "POST /bermecars/login HTTP/1.1" 200 2
0:0:0:0:0:0:0:1 - - [07/May/2024:15:08:42 +0200] "GET /bermecars HTTP/1.1" 302 -
0:0:0:0:0:0:0:1 - - [07/May/2024:15:08:42 +0200] "GET /bermecars/ HTTP/1.1" 200 3241
0:0:0:0:0:0:0:1 - - [07/May/2024:15:08:51 +0200] "GET /bermecars/view-car.jsp?id=37 HTTP/1.1" 200 2446
0:0:0:0:0:0:0:1 - - [07/May/2024:15:08:58 +0200] "GET /bermecars/reservecar?id=37 HTTP/1.1" 302 -
0:0:0:0:0:0:0:1 - - [07/May/2024:15:08:58 +0200] "GET /bermecars/reservation.jsp HTTP/1.1" 500 2883
127.0.0.1 - tomcat [07/May/2024:15:11:11 +0200] "PUT /manager/text/deploy?path=%2Fbermecars&update=true HTTP/1.1" 200 67
127.0.0.1 - tomcat [07/May/2024:15:14:42 +0200] "PUT /manager/text/deploy?path=%2Fbermecars&update=true HTTP/1.1" 200 67
0:0:0:0:0:0:0:1 - - [07/May/2024:15:14:51 +0200] "GET /bermecars/reservation.jsp HTTP/1.1" 302 -
0:0:0:0:0:0:0:1 - - [07/May/2024:15:14:51 +0200] "GET /bermecars/index.jsp HTTP/1.1" 200 858
0:0:0:0:0:0:0:1 - - [07/May/2024:15:14:51 +0200] "GET /bermecars/login.jsp HTTP/1.1" 200 3857
0:0:0:0:0:0:0:1 - - [07/May/2024:15:14:52 +0200] "GET /bermecars/ HTTP/1.1" 200 858
0:0:0:0:0:0:0:1 - - [07/May/2024:15:14:52 +0200] "GET /bermecars/login.jsp HTTP/1.1" 200 3857
0:0:0:0:0:0:0:1 - - [07/May/2024:15:14:56 +0200] "POST /bermecars/login HTTP/1.1" 200 2
0:0:0:0:0:0:0:1 - - [07/May/2024:15:14:56 +0200] "GET /bermecars HTTP/1.1" 302 -
0:0:0:0:0:0:0:1 - - [07/May/2024:15:14:56 +0200] "GET /bermecars/ HTTP/1.1" 200 3241
0:0:0:0:0:0:0:1 - - [07/May/2024:15:15:01 +0200] "GET /bermecars/user-profile.jsp HTTP/1.1" 200 2281
0:0:0:0:0:0:0:1 - - [07/May/2024:15:15:04 +0200] "GET /bermecars HTTP/1.1" 302 -
0:0:0:0:0:0:0:1 - - [07/May/2024:15:15:04 +0200] "GET /bermecars/ HTTP/1.1" 200 3241
0:0:0:0:0:0:0:1 - - [07/May/2024:15:22:14 +0200] "GET /bermecars/user-profile.jsp HTTP/1.1" 200 2281
0:0:0:0:0:0:0:1 - - [07/May/2024:15:22:17 +0200] "GET /bermecars HTTP/1.1" 302 -
0:0:0:0:0:0:0:1 - - [07/May/2024:15:22:18 +0200] "GET /bermecars/ HTTP/1.1" 200 3241
0:0:0:0:0:0:0:1 - - [07/May/2024:15:22:21 +0200] "GET /bermecars/user-profile.jsp HTTP/1.1" 200 2281
127.0.0.1 - tomcat [07/May/2024:15:24:04 +0200] "PUT /manager/text/deploy?path=%2Fbermecars&update=true HTTP/1.1" 200 67
0:0:0:0:0:0:0:1 - - [07/May/2024:15:24:07 +0200] "GET /bermecars/user-profile.jsp HTTP/1.1" 500 2613
0:0:0:0:0:0:0:1 - - [07/May/2024:15:24:09 +0200] "GET /bermecars HTTP/1.1" 302 -
0:0:0:0:0:0:0:1 - - [07/May/2024:15:24:10 +0200] "GET /bermecars/ HTTP/1.1" 200 858
