127.0.0.1 - tomcat [20/May/2024:16:49:06 +0200] "PUT /manager/text/deploy?path=%2Fbermecars&update=true HTTP/1.1" 200 67
0:0:0:0:0:0:0:1 - - [20/May/2024:16:49:13 +0200] "GET /bermecars HTTP/1.1" 302 -
0:0:0:0:0:0:0:1 - - [20/May/2024:16:49:15 +0200] "GET /bermecars/ HTTP/1.1" 200 999
0:0:0:0:0:0:0:1 - - [20/May/2024:16:49:15 +0200] "GET /bermecars/login.jsp HTTP/1.1" 200 3851
0:0:0:0:0:0:0:1 - - [20/May/2024:16:49:15 +0200] "GET /favicon.ico HTTP/1.1" 200 21630
0:0:0:0:0:0:0:1 - - [20/May/2024:16:49:23 +0200] "POST /bermecars/login HTTP/1.1" 200 73
0:0:0:0:0:0:0:1 - - [20/May/2024:16:49:28 +0200] "POST /bermecars/login HTTP/1.1" 200 73
0:0:0:0:0:0:0:1 - - [20/May/2024:16:49:39 +0200] "GET /bermecars/register.jsp HTTP/1.1" 200 4127
0:0:0:0:0:0:0:1 - - [20/May/2024:16:49:53 +0200] "POST /bermecars/register HTTP/1.1" 200 2
0:0:0:0:0:0:0:1 - - [20/May/2024:16:49:53 +0200] "GET /bermecars HTTP/1.1" 302 -
0:0:0:0:0:0:0:1 - - [20/May/2024:16:49:53 +0200] "GET /bermecars/ HTTP/1.1" 200 7452
0:0:0:0:0:0:0:1 - - [20/May/2024:16:49:53 +0200] "GET /bermecar-pictures/db12.jpeg HTTP/1.1" 200 44367
0:0:0:0:0:0:0:1 - - [20/May/2024:16:49:53 +0200] "GET /bermecar-pictures/aventador.jpeg HTTP/1.1" 200 45886
0:0:0:0:0:0:0:1 - - [20/May/2024:16:49:53 +0200] "GET /bermecar-pictures/murcielago.jpeg HTTP/1.1" 200 10366
0:0:0:0:0:0:0:1 - - [20/May/2024:16:49:53 +0200] "GET /bermecar-pictures/testarossa.jpeg HTTP/1.1" 200 43821
0:0:0:0:0:0:0:1 - - [20/May/2024:16:49:53 +0200] "GET /bermecar-pictures/911gtr.jpeg HTTP/1.1" 200 10628
0:0:0:0:0:0:0:1 - - [20/May/2024:16:49:53 +0200] "GET /bermecar-pictures/488.jpeg HTTP/1.1" 200 8371
0:0:0:0:0:0:0:1 - - [20/May/2024:16:49:53 +0200] "GET /bermecar-pictures/no-photo.png HTTP/1.1" 200 2739
0:0:0:0:0:0:0:1 - - [20/May/2024:16:50:02 +0200] "GET /bermecars/reservation.jsp HTTP/1.1" 200 1872
0:0:0:0:0:0:0:1 - - [20/May/2024:16:50:03 +0200] "GET /bermecars HTTP/1.1" 302 -
0:0:0:0:0:0:0:1 - - [20/May/2024:16:50:04 +0200] "GET /bermecars/ HTTP/1.1" 200 7452
0:0:0:0:0:0:0:1 - - [20/May/2024:16:50:07 +0200] "GET /bermecars/view-car.jsp?id=39 HTTP/1.1" 200 2216
0:0:0:0:0:0:0:1 - - [20/May/2024:16:50:09 +0200] "GET /bermecars/reservecar?id=39 HTTP/1.1" 302 -
0:0:0:0:0:0:0:1 - - [20/May/2024:16:50:09 +0200] "GET /bermecars/reservation.jsp HTTP/1.1" 200 2180
0:0:0:0:0:0:0:1 - - [20/May/2024:16:50:13 +0200] "GET /bermecars HTTP/1.1" 302 -
0:0:0:0:0:0:0:1 - - [20/May/2024:16:50:13 +0200] "GET /bermecars/ HTTP/1.1" 200 7452
0:0:0:0:0:0:0:1 - - [20/May/2024:16:50:29 +0200] "GET /bermecars/user-profile.jsp HTTP/1.1" 200 2043
0:0:0:0:0:0:0:1 - - [20/May/2024:16:50:31 +0200] "GET /bermecars/edit-user.jsp HTTP/1.1" 200 3789
0:0:0:0:0:0:0:1 - - [20/May/2024:16:50:44 +0200] "POST /bermecars/edit-user HTTP/1.1" 200 86
0:0:0:0:0:0:0:1 - - [20/May/2024:16:50:46 +0200] "GET /bermecars HTTP/1.1" 302 -
0:0:0:0:0:0:0:1 - - [20/May/2024:16:50:46 +0200] "GET /bermecars/ HTTP/1.1" 200 7452
0:0:0:0:0:0:0:1 - - [20/May/2024:16:50:48 +0200] "GET /bermecars/logout HTTP/1.1" 302 -
0:0:0:0:0:0:0:1 - - [20/May/2024:16:50:48 +0200] "GET /bermecars HTTP/1.1" 302 -
0:0:0:0:0:0:0:1 - - [20/May/2024:16:50:48 +0200] "GET /bermecars/ HTTP/1.1" 200 999
0:0:0:0:0:0:0:1 - - [20/May/2024:16:50:48 +0200] "GET /bermecars/login.jsp HTTP/1.1" 200 3851
0:0:0:0:0:0:0:1 - - [20/May/2024:16:50:53 +0200] "POST /bermecars/login HTTP/1.1" 200 2
0:0:0:0:0:0:0:1 - - [20/May/2024:16:50:53 +0200] "GET /bermecars HTTP/1.1" 302 -
0:0:0:0:0:0:0:1 - - [20/May/2024:16:50:53 +0200] "GET /bermecars/ HTTP/1.1" 200 7452
0:0:0:0:0:0:0:1 - - [20/May/2024:16:50:59 +0200] "GET /bermecars/logout HTTP/1.1" 302 -
0:0:0:0:0:0:0:1 - - [20/May/2024:16:50:59 +0200] "GET /bermecars HTTP/1.1" 302 -
0:0:0:0:0:0:0:1 - - [20/May/2024:16:50:59 +0200] "GET /bermecars/ HTTP/1.1" 200 999
0:0:0:0:0:0:0:1 - - [20/May/2024:16:50:59 +0200] "GET /bermecars/login.jsp HTTP/1.1" 200 3851
0:0:0:0:0:0:0:1 - - [20/May/2024:16:51:05 +0200] "POST /bermecars/login HTTP/1.1" 200 73
0:0:0:0:0:0:0:1 - - [20/May/2024:16:51:06 +0200] "POST /bermecars/login HTTP/1.1" 200 73
0:0:0:0:0:0:0:1 - - [20/May/2024:16:56:07 +0200] "GET /bermecars/login.jsp HTTP/1.1" 200 3851
0:0:0:0:0:0:0:1 - - [20/May/2024:16:56:11 +0200] "POST /bermecars/login HTTP/1.1" 200 73
0:0:0:0:0:0:0:1 - - [20/May/2024:16:56:17 +0200] "POST /bermecars/login HTTP/1.1" 200 2
0:0:0:0:0:0:0:1 - - [20/May/2024:16:56:17 +0200] "GET /bermecars HTTP/1.1" 302 -
0:0:0:0:0:0:0:1 - - [20/May/2024:16:56:17 +0200] "GET /bermecars/ HTTP/1.1" 200 7549
0:0:0:0:0:0:0:1 - - [20/May/2024:16:56:19 +0200] "GET /bermecars/edit-car.jsp HTTP/1.1" 200 4548
0:0:0:0:0:0:0:1 - - [20/May/2024:16:56:37 +0200] "POST /bermecars/edit-car HTTP/1.1" 200 84
0:0:0:0:0:0:0:1 - - [20/May/2024:16:56:39 +0200] "GET /bermecars HTTP/1.1" 302 -
0:0:0:0:0:0:0:1 - - [20/May/2024:16:56:39 +0200] "GET /bermecars/ HTTP/1.1" 200 8244
0:0:0:0:0:0:0:1 - - [20/May/2024:16:56:41 +0200] "GET /bermecars/view-car.jsp?id=61 HTTP/1.1" 200 2408
0:0:0:0:0:0:0:1 - - [20/May/2024:16:56:43 +0200] "GET /bermecars/removecar?id=61 HTTP/1.1" 302 -
0:0:0:0:0:0:0:1 - - [20/May/2024:16:56:43 +0200] "GET /bermecars/index.jsp HTTP/1.1" 200 7549
0:0:0:0:0:0:0:1 - - [20/May/2024:16:57:49 +0200] "GET /bermecars/index.jsp HTTP/1.1" 200 7549
0:0:0:0:0:0:0:1 - - [20/May/2024:16:57:58 +0200] "GET /bermecars/index.jsp HTTP/1.1" 200 8918
0:0:0:0:0:0:0:1 - - [20/May/2024:16:57:59 +0200] "GET /bermecar-pictures/amggtr.jpeg HTTP/1.1" 200 9212
0:0:0:0:0:0:0:1 - - [20/May/2024:16:57:59 +0200] "GET /bermecar-pictures/r8.jpeg HTTP/1.1" 200 6389
0:0:0:0:0:0:0:1 - - [20/May/2024:16:59:08 +0200] "GET /bermecars/logout HTTP/1.1" 302 -
0:0:0:0:0:0:0:1 - - [20/May/2024:16:59:08 +0200] "GET /bermecars HTTP/1.1" 302 -
0:0:0:0:0:0:0:1 - - [20/May/2024:16:59:08 +0200] "GET /bermecars/ HTTP/1.1" 200 999
0:0:0:0:0:0:0:1 - - [20/May/2024:16:59:08 +0200] "GET /bermecars/login.jsp HTTP/1.1" 200 3851
0:0:0:0:0:0:0:1 - - [20/May/2024:17:35:48 +0200] "GET /bermecars HTTP/1.1" 302 -
0:0:0:0:0:0:0:1 - - [20/May/2024:17:35:48 +0200] "GET /bermecars/ HTTP/1.1" 200 999
0:0:0:0:0:0:0:1 - - [20/May/2024:17:35:48 +0200] "GET /bermecars/login.jsp HTTP/1.1" 200 3851
0:0:0:0:0:0:0:1 - - [20/May/2024:17:37:21 +0200] "GET /bermecars HTTP/1.1" 302 -
0:0:0:0:0:0:0:1 - - [20/May/2024:17:37:21 +0200] "GET /bermecars/ HTTP/1.1" 200 999
0:0:0:0:0:0:0:1 - - [20/May/2024:17:37:21 +0200] "GET /bermecars/login.jsp HTTP/1.1" 200 3851
0:0:0:0:0:0:0:1 - - [20/May/2024:17:37:33 +0200] "GET /bermecars/register.jsp HTTP/1.1" 200 4127
0:0:0:0:0:0:0:1 - - [20/May/2024:17:37:47 +0200] "POST /bermecars/register HTTP/1.1" 200 2
0:0:0:0:0:0:0:1 - - [20/May/2024:17:37:47 +0200] "GET /bermecars HTTP/1.1" 302 -
0:0:0:0:0:0:0:1 - - [20/May/2024:17:37:47 +0200] "GET /bermecars/ HTTP/1.1" 200 8821
0:0:0:0:0:0:0:1 - - [20/May/2024:17:37:59 +0200] "GET /bermecars/view-car.jsp?id=40 HTTP/1.1" 200 2207
0:0:0:0:0:0:0:1 - - [20/May/2024:17:38:18 +0200] "GET /bermecars/reservecar?id=40 HTTP/1.1" 302 -
0:0:0:0:0:0:0:1 - - [20/May/2024:17:38:18 +0200] "GET /bermecars/reservation.jsp HTTP/1.1" 200 2180
0:0:0:0:0:0:0:1 - - [20/May/2024:17:38:37 +0200] "GET /bermecars/user-profile.jsp HTTP/1.1" 200 2041
0:0:0:0:0:0:0:1 - - [20/May/2024:17:38:45 +0200] "GET /bermecars/edit-user.jsp HTTP/1.1" 200 3787
0:0:0:0:0:0:0:1 - - [20/May/2024:17:39:04 +0200] "POST /bermecars/edit-user HTTP/1.1" 200 86
0:0:0:0:0:0:0:1 - - [20/May/2024:17:39:07 +0200] "GET /bermecars/logout HTTP/1.1" 302 -
0:0:0:0:0:0:0:1 - - [20/May/2024:17:39:07 +0200] "GET /bermecars HTTP/1.1" 302 -
0:0:0:0:0:0:0:1 - - [20/May/2024:17:39:07 +0200] "GET /bermecars/ HTTP/1.1" 200 999
0:0:0:0:0:0:0:1 - - [20/May/2024:17:39:07 +0200] "GET /bermecars/login.jsp HTTP/1.1" 200 3851
0:0:0:0:0:0:0:1 - - [20/May/2024:17:39:12 +0200] "POST /bermecars/login HTTP/1.1" 200 73
0:0:0:0:0:0:0:1 - - [20/May/2024:17:39:14 +0200] "POST /bermecars/login HTTP/1.1" 200 73
0:0:0:0:0:0:0:1 - - [20/May/2024:17:39:19 +0200] "POST /bermecars/login HTTP/1.1" 200 73
0:0:0:0:0:0:0:1 - - [20/May/2024:17:39:21 +0200] "POST /bermecars/login HTTP/1.1" 200 73
0:0:0:0:0:0:0:1 - - [20/May/2024:17:39:26 +0200] "POST /bermecars/login HTTP/1.1" 200 73
0:0:0:0:0:0:0:1 - - [20/May/2024:17:39:27 +0200] "POST /bermecars/login HTTP/1.1" 200 73
0:0:0:0:0:0:0:1 - - [20/May/2024:17:39:29 +0200] "POST /bermecars/login HTTP/1.1" 200 73
0:0:0:0:0:0:0:1 - - [20/May/2024:17:39:30 +0200] "GET /bermecars/register.jsp HTTP/1.1" 200 4127
0:0:0:0:0:0:0:1 - - [20/May/2024:17:39:39 +0200] "POST /bermecars/register HTTP/1.1" 200 2
0:0:0:0:0:0:0:1 - - [20/May/2024:17:39:39 +0200] "GET /bermecars HTTP/1.1" 302 -
0:0:0:0:0:0:0:1 - - [20/May/2024:17:39:40 +0200] "GET /bermecars/ HTTP/1.1" 200 8821
0:0:0:0:0:0:0:1 - - [20/May/2024:17:39:42 +0200] "GET /bermecars/user-profile.jsp HTTP/1.1" 200 2036
0:0:0:0:0:0:0:1 - - [20/May/2024:17:39:43 +0200] "GET /bermecars/edit-user.jsp HTTP/1.1" 200 3782
0:0:0:0:0:0:0:1 - - [20/May/2024:17:39:56 +0200] "POST /bermecars/edit-user HTTP/1.1" 200 86
0:0:0:0:0:0:0:1 - - [20/May/2024:17:39:58 +0200] "GET /bermecars/logout HTTP/1.1" 302 -
0:0:0:0:0:0:0:1 - - [20/May/2024:17:39:58 +0200] "GET /bermecars HTTP/1.1" 302 -
0:0:0:0:0:0:0:1 - - [20/May/2024:17:39:58 +0200] "GET /bermecars/ HTTP/1.1" 200 999
0:0:0:0:0:0:0:1 - - [20/May/2024:17:39:58 +0200] "GET /bermecars/login.jsp HTTP/1.1" 200 3851
0:0:0:0:0:0:0:1 - - [20/May/2024:17:40:03 +0200] "POST /bermecars/login HTTP/1.1" 200 2
0:0:0:0:0:0:0:1 - - [20/May/2024:17:40:03 +0200] "GET /bermecars HTTP/1.1" 302 -
0:0:0:0:0:0:0:1 - - [20/May/2024:17:40:03 +0200] "GET /bermecars/ HTTP/1.1" 200 8821
0:0:0:0:0:0:0:1 - - [20/May/2024:17:40:19 +0200] "GET /bermecars/?search=Martin HTTP/1.1" 200 3350
0:0:0:0:0:0:0:1 - - [20/May/2024:17:40:47 +0200] "GET /bermecars/logout HTTP/1.1" 302 -
0:0:0:0:0:0:0:1 - - [20/May/2024:17:40:47 +0200] "GET /bermecars HTTP/1.1" 302 -
0:0:0:0:0:0:0:1 - - [20/May/2024:17:40:47 +0200] "GET /bermecars/ HTTP/1.1" 200 999
0:0:0:0:0:0:0:1 - - [20/May/2024:17:40:47 +0200] "GET /bermecars/login.jsp HTTP/1.1" 200 3851
0:0:0:0:0:0:0:1 - - [20/May/2024:17:40:55 +0200] "POST /bermecars/login HTTP/1.1" 200 2
0:0:0:0:0:0:0:1 - - [20/May/2024:17:40:55 +0200] "GET /bermecars HTTP/1.1" 302 -
0:0:0:0:0:0:0:1 - - [20/May/2024:17:40:55 +0200] "GET /bermecars/ HTTP/1.1" 200 8918
0:0:0:0:0:0:0:1 - - [20/May/2024:17:41:03 +0200] "GET /bermecars/view-car.jsp?id=48 HTTP/1.1" 200 2408
0:0:0:0:0:0:0:1 - - [20/May/2024:17:41:08 +0200] "GET /bermecars/removecar?id=48 HTTP/1.1" 302 -
0:0:0:0:0:0:0:1 - - [20/May/2024:17:41:08 +0200] "GET /bermecars/index.jsp HTTP/1.1" 200 8241
0:0:0:0:0:0:0:1 - - [20/May/2024:17:41:13 +0200] "GET /bermecars/edit-car.jsp HTTP/1.1" 200 4548
0:0:0:0:0:0:0:1 - - [20/May/2024:17:41:19 +0200] "GET /bermecars HTTP/1.1" 302 -
0:0:0:0:0:0:0:1 - - [20/May/2024:17:41:19 +0200] "GET /bermecars/ HTTP/1.1" 200 8241
0:0:0:0:0:0:0:1 - - [20/May/2024:17:41:25 +0200] "GET /bermecars/edit-car.jsp HTTP/1.1" 200 4548
0:0:0:0:0:0:0:1 - - [20/May/2024:17:41:46 +0200] "POST /bermecars/edit-car HTTP/1.1" 200 84
0:0:0:0:0:0:0:1 - - [20/May/2024:17:41:51 +0200] "GET /bermecars HTTP/1.1" 302 -
0:0:0:0:0:0:0:1 - - [20/May/2024:17:41:51 +0200] "GET /bermecars/ HTTP/1.1" 200 8917
0:0:0:0:0:0:0:1 - - [20/May/2024:17:42:05 +0200] "GET /bermecars/view-car.jsp?id=64 HTTP/1.1" 200 2407
0:0:0:0:0:0:0:1 - - [20/May/2024:17:42:12 +0200] "GET /bermecars HTTP/1.1" 302 -
0:0:0:0:0:0:0:1 - - [20/May/2024:17:42:12 +0200] "GET /bermecars/ HTTP/1.1" 200 8917
0:0:0:0:0:0:0:1 - - [20/May/2024:17:43:14 +0200] "GET /bermecars/reservation.jsp HTTP/1.1" 200 1969
0:0:0:0:0:0:0:1 - - [20/May/2024:17:43:16 +0200] "GET /bermecars HTTP/1.1" 302 -
0:0:0:0:0:0:0:1 - - [20/May/2024:17:43:16 +0200] "GET /bermecars/ HTTP/1.1" 200 8917
0:0:0:0:0:0:0:1 - - [20/May/2024:17:44:07 +0200] "GET /bermecars/view-car.jsp?id=39 HTTP/1.1" 200 2421
0:0:0:0:0:0:0:1 - - [20/May/2024:17:44:09 +0200] "GET /bermecars/reservecar?id=39 HTTP/1.1" 302 -
0:0:0:0:0:0:0:1 - - [20/May/2024:17:44:09 +0200] "GET /bermecars/reservation.jsp HTTP/1.1" 200 2277
0:0:0:0:0:0:0:1 - - [20/May/2024:17:44:13 +0200] "GET /bermecars HTTP/1.1" 302 -
0:0:0:0:0:0:0:1 - - [20/May/2024:17:44:13 +0200] "GET /bermecars/ HTTP/1.1" 200 8917
127.0.0.1 - tomcat [20/May/2024:20:12:52 +0200] "PUT /manager/text/deploy?path=%2Fbermecars&update=true HTTP/1.1" 200 67
0:0:0:0:0:0:0:1 - - [20/May/2024:20:13:07 +0200] "GET /bermecars/login.jsp HTTP/1.1" 200 3851
0:0:0:0:0:0:0:1 - - [20/May/2024:20:13:07 +0200] "GET /favicon.ico HTTP/1.1" 200 21630
0:0:0:0:0:0:0:1 - - [20/May/2024:20:15:23 +0200] "GET /bermecars/register.jsp HTTP/1.1" 200 4127
0:0:0:0:0:0:0:1 - - [20/May/2024:20:15:27 +0200] "GET /bermecars/login.jsp HTTP/1.1" 200 3851
0:0:0:0:0:0:0:1 - - [20/May/2024:20:15:32 +0200] "POST /bermecars/login HTTP/1.1" 200 2
0:0:0:0:0:0:0:1 - - [20/May/2024:20:15:32 +0200] "GET /bermecars HTTP/1.1" 302 -
0:0:0:0:0:0:0:1 - - [20/May/2024:20:15:33 +0200] "GET /bermecars/ HTTP/1.1" 200 8917
0:0:0:0:0:0:0:1 - - [20/May/2024:20:15:33 +0200] "GET /bermecar-pictures/aventador.jpeg HTTP/1.1" 200 45886
0:0:0:0:0:0:0:1 - - [20/May/2024:20:15:33 +0200] "GET /bermecar-pictures/db12.jpeg HTTP/1.1" 200 44367
0:0:0:0:0:0:0:1 - - [20/May/2024:20:15:33 +0200] "GET /bermecar-pictures/murcielago.jpeg HTTP/1.1" 200 10366
0:0:0:0:0:0:0:1 - - [20/May/2024:20:15:33 +0200] "GET /bermecar-pictures/amggtr.jpeg HTTP/1.1" 200 9212
0:0:0:0:0:0:0:1 - - [20/May/2024:20:15:33 +0200] "GET /bermecar-pictures/911gtr.jpeg HTTP/1.1" 200 10628
0:0:0:0:0:0:0:1 - - [20/May/2024:20:15:33 +0200] "GET /bermecar-pictures/testarossa.jpeg HTTP/1.1" 200 43821
0:0:0:0:0:0:0:1 - - [20/May/2024:20:15:33 +0200] "GET /bermecar-pictures/488.jpeg HTTP/1.1" 200 8371
0:0:0:0:0:0:0:1 - - [20/May/2024:20:15:33 +0200] "GET /bermecar-pictures/no-photo.png HTTP/1.1" 200 2739
0:0:0:0:0:0:0:1 - - [20/May/2024:20:15:33 +0200] "GET /bermecar-pictures/r8.jpeg HTTP/1.1" 200 6389
0:0:0:0:0:0:0:1 - - [20/May/2024:20:15:35 +0200] "GET /bermecars/edit-car.jsp HTTP/1.1" 200 4548
0:0:0:0:0:0:0:1 - - [20/May/2024:20:32:42 +0200] "GET /bermecars/user-profile.jsp HTTP/1.1" 200 2134
0:0:0:0:0:0:0:1 - - [20/May/2024:20:32:42 +0200] "GET /bermecars/edit-car.jsp HTTP/1.1" 200 4548
0:0:0:0:0:0:0:1 - - [20/May/2024:20:32:43 +0200] "GET /bermecars HTTP/1.1" 302 -
0:0:0:0:0:0:0:1 - - [20/May/2024:20:32:43 +0200] "GET /bermecars/ HTTP/1.1" 200 8917
0:0:0:0:0:0:0:1 - - [20/May/2024:20:32:56 +0200] "GET /bermecars/edit-car.jsp HTTP/1.1" 200 4548
0:0:0:0:0:0:0:1 - - [20/May/2024:20:32:57 +0200] "GET /bermecars/user-profile.jsp HTTP/1.1" 200 2134
0:0:0:0:0:0:0:1 - - [20/May/2024:20:33:00 +0200] "GET /bermecars/reservation.jsp HTTP/1.1" 200 2277
0:0:0:0:0:0:0:1 - - [20/May/2024:20:33:01 +0200] "GET /bermecars/edit-car.jsp HTTP/1.1" 200 4548
127.0.0.1 - tomcat [20/May/2024:20:39:06 +0200] "PUT /manager/text/deploy?path=%2Fbermecars&update=true HTTP/1.1" 200 67
0:0:0:0:0:0:0:1 - - [20/May/2024:20:40:10 +0200] "GET /bermecars HTTP/1.1" 302 -
0:0:0:0:0:0:0:1 - - [20/May/2024:20:40:11 +0200] "GET /bermecars/ HTTP/1.1" 200 999
0:0:0:0:0:0:0:1 - - [20/May/2024:20:40:11 +0200] "GET /bermecars/login.jsp HTTP/1.1" 200 3851
0:0:0:0:0:0:0:1 - - [20/May/2024:20:40:16 +0200] "POST /bermecars/login HTTP/1.1" 200 2
0:0:0:0:0:0:0:1 - - [20/May/2024:20:40:16 +0200] "GET /bermecars HTTP/1.1" 302 -
0:0:0:0:0:0:0:1 - - [20/May/2024:20:40:16 +0200] "POST /bermecars/login HTTP/1.1" 200 2
0:0:0:0:0:0:0:1 - - [20/May/2024:20:40:16 +0200] "GET /bermecars HTTP/1.1" 302 -
0:0:0:0:0:0:0:1 - - [20/May/2024:20:40:16 +0200] "GET /bermecars/ HTTP/1.1" 200 9012
0:0:0:0:0:0:0:1 - - [20/May/2024:20:40:16 +0200] "GET /bermecars/ HTTP/1.1" 200 9012
0:0:0:0:0:0:0:1 - - [20/May/2024:20:40:18 +0200] "GET /bermecars/list-users.jsp HTTP/1.1" 500 4090
127.0.0.1 - tomcat [20/May/2024:20:41:45 +0200] "PUT /manager/text/deploy?path=%2Fbermecars&update=true HTTP/1.1" 200 67
0:0:0:0:0:0:0:1 - - [20/May/2024:20:41:49 +0200] "GET /bermecars/list-users.jsp HTTP/1.1" 500 3592
127.0.0.1 - tomcat [20/May/2024:20:42:19 +0200] "PUT /manager/text/deploy?path=%2Fbermecars&update=true HTTP/1.1" 200 67
0:0:0:0:0:0:0:1 - - [20/May/2024:20:42:25 +0200] "GET /bermecars HTTP/1.1" 302 -
0:0:0:0:0:0:0:1 - - [20/May/2024:20:42:25 +0200] "GET /bermecars/ HTTP/1.1" 200 999
0:0:0:0:0:0:0:1 - - [20/May/2024:20:42:26 +0200] "GET /bermecars/login.jsp HTTP/1.1" 200 3851
0:0:0:0:0:0:0:1 - - [20/May/2024:20:42:30 +0200] "POST /bermecars/login HTTP/1.1" 200 2
0:0:0:0:0:0:0:1 - - [20/May/2024:20:42:30 +0200] "GET /bermecars HTTP/1.1" 302 -
0:0:0:0:0:0:0:1 - - [20/May/2024:20:42:30 +0200] "GET /bermecars/ HTTP/1.1" 200 9012
0:0:0:0:0:0:0:1 - - [20/May/2024:20:42:33 +0200] "GET /bermecars/list-users.jsp HTTP/1.1" 500 3083
127.0.0.1 - tomcat [20/May/2024:20:43:17 +0200] "PUT /manager/text/deploy?path=%2Fbermecars&update=true HTTP/1.1" 200 67
0:0:0:0:0:0:0:1 - - [20/May/2024:20:43:19 +0200] "GET /bermecars/list-users.jsp HTTP/1.1" 500 2630
0:0:0:0:0:0:0:1 - - [20/May/2024:20:43:23 +0200] "GET /bermecars HTTP/1.1" 302 -
0:0:0:0:0:0:0:1 - - [20/May/2024:20:43:24 +0200] "GET /bermecars/ HTTP/1.1" 200 999
0:0:0:0:0:0:0:1 - - [20/May/2024:20:43:24 +0200] "GET /bermecars/login.jsp HTTP/1.1" 200 3851
0:0:0:0:0:0:0:1 - - [20/May/2024:20:43:34 +0200] "POST /bermecars/login HTTP/1.1" 200 2
0:0:0:0:0:0:0:1 - - [20/May/2024:20:43:34 +0200] "GET /bermecars HTTP/1.1" 302 -
0:0:0:0:0:0:0:1 - - [20/May/2024:20:43:34 +0200] "GET /bermecars/ HTTP/1.1" 200 9012
0:0:0:0:0:0:0:1 - - [20/May/2024:20:43:36 +0200] "GET /bermecars/list-users.jsp HTTP/1.1" 500 2630
127.0.0.1 - tomcat [20/May/2024:20:43:56 +0200] "PUT /manager/text/deploy?path=%2Fbermecars&update=true HTTP/1.1" 200 67
0:0:0:0:0:0:0:1 - - [20/May/2024:20:43:59 +0200] "GET /bermecars/list-users.jsp HTTP/1.1" 302 -
0:0:0:0:0:0:0:1 - - [20/May/2024:20:43:59 +0200] "GET /bermecars/index.jsp HTTP/1.1" 200 999
0:0:0:0:0:0:0:1 - - [20/May/2024:20:43:59 +0200] "GET /bermecars/login.jsp HTTP/1.1" 200 3851
0:0:0:0:0:0:0:1 - - [20/May/2024:20:44:03 +0200] "POST /bermecars/login HTTP/1.1" 200 2
0:0:0:0:0:0:0:1 - - [20/May/2024:20:44:03 +0200] "GET /bermecars HTTP/1.1" 302 -
0:0:0:0:0:0:0:1 - - [20/May/2024:20:44:03 +0200] "GET /bermecars/ HTTP/1.1" 200 9012
0:0:0:0:0:0:0:1 - - [20/May/2024:20:44:05 +0200] "GET /bermecars/list-users.jsp HTTP/1.1" 200 7564
127.0.0.1 - tomcat [20/May/2024:20:45:14 +0200] "PUT /manager/text/deploy?path=%2Fbermecars&update=true HTTP/1.1" 200 67
0:0:0:0:0:0:0:1 - - [20/May/2024:20:45:17 +0200] "GET /bermecars/list-users.jsp HTTP/1.1" 302 -
0:0:0:0:0:0:0:1 - - [20/May/2024:20:45:17 +0200] "GET /bermecars/index.jsp HTTP/1.1" 200 978
0:0:0:0:0:0:0:1 - - [20/May/2024:20:45:17 +0200] "GET /bermecars/login.jsp HTTP/1.1" 200 3851
0:0:0:0:0:0:0:1 - - [20/May/2024:20:45:20 +0200] "POST /bermecars/login HTTP/1.1" 200 2
0:0:0:0:0:0:0:1 - - [20/May/2024:20:45:20 +0200] "GET /bermecars HTTP/1.1" 302 -
0:0:0:0:0:0:0:1 - - [20/May/2024:20:45:20 +0200] "GET /bermecars/ HTTP/1.1" 200 8991
0:0:0:0:0:0:0:1 - - [20/May/2024:20:45:22 +0200] "GET /bermecars/list-users.jsp HTTP/1.1" 200 7543
127.0.0.1 - tomcat [20/May/2024:20:45:47 +0200] "PUT /manager/text/deploy?path=%2Fbermecars&update=true HTTP/1.1" 200 67
0:0:0:0:0:0:0:1 - - [20/May/2024:20:45:51 +0200] "GET /bermecars/list-users.jsp HTTP/1.1" 302 -
0:0:0:0:0:0:0:1 - - [20/May/2024:20:45:51 +0200] "GET /bermecars/index.jsp HTTP/1.1" 200 978
0:0:0:0:0:0:0:1 - - [20/May/2024:20:45:51 +0200] "GET /bermecars/login.jsp HTTP/1.1" 200 3851
0:0:0:0:0:0:0:1 - - [20/May/2024:20:45:55 +0200] "POST /bermecars/login HTTP/1.1" 200 2
0:0:0:0:0:0:0:1 - - [20/May/2024:20:45:55 +0200] "GET /bermecars HTTP/1.1" 302 -
0:0:0:0:0:0:0:1 - - [20/May/2024:20:45:55 +0200] "GET /bermecars/ HTTP/1.1" 200 8983
0:0:0:0:0:0:0:1 - - [20/May/2024:20:45:57 +0200] "GET /bermecars/list-users.jsp HTTP/1.1" 200 7535
127.0.0.1 - tomcat [20/May/2024:20:51:41 +0200] "PUT /manager/text/deploy?path=%2Fbermecars&update=true HTTP/1.1" 200 67
0:0:0:0:0:0:0:1 - - [20/May/2024:20:51:51 +0200] "GET /bermecars HTTP/1.1" 302 -
0:0:0:0:0:0:0:1 - - [20/May/2024:20:51:51 +0200] "GET /bermecars/ HTTP/1.1" 200 978
0:0:0:0:0:0:0:1 - - [20/May/2024:20:51:51 +0200] "GET /bermecars/login.jsp HTTP/1.1" 200 3851
0:0:0:0:0:0:0:1 - - [20/May/2024:20:51:56 +0200] "POST /bermecars/login HTTP/1.1" 200 2
0:0:0:0:0:0:0:1 - - [20/May/2024:20:51:56 +0200] "GET /bermecars HTTP/1.1" 302 -
0:0:0:0:0:0:0:1 - - [20/May/2024:20:51:56 +0200] "GET /bermecars/ HTTP/1.1" 200 8983
0:0:0:0:0:0:0:1 - - [20/May/2024:20:51:58 +0200] "GET /bermecars/edit-car.jsp HTTP/1.1" 200 4614
0:0:0:0:0:0:0:1 - - [20/May/2024:20:51:59 +0200] "GET /bermecars/list-users.jsp HTTP/1.1" 500 2502
127.0.0.1 - tomcat [20/May/2024:20:52:23 +0200] "PUT /manager/text/deploy?path=%2Fbermecars&update=true HTTP/1.1" 200 67
0:0:0:0:0:0:0:1 - - [20/May/2024:20:52:25 +0200] "GET /bermecars/list-users.jsp HTTP/1.1" 302 -
0:0:0:0:0:0:0:1 - - [20/May/2024:20:52:25 +0200] "GET /bermecars/index.jsp HTTP/1.1" 200 978
0:0:0:0:0:0:0:1 - - [20/May/2024:20:52:25 +0200] "GET /bermecars/login.jsp HTTP/1.1" 200 3851
0:0:0:0:0:0:0:1 - - [20/May/2024:20:52:28 +0200] "POST /bermecars/login HTTP/1.1" 200 2
0:0:0:0:0:0:0:1 - - [20/May/2024:20:52:28 +0200] "GET /bermecars HTTP/1.1" 302 -
0:0:0:0:0:0:0:1 - - [20/May/2024:20:52:28 +0200] "GET /bermecars/ HTTP/1.1" 200 8983
0:0:0:0:0:0:0:1 - - [20/May/2024:20:52:31 +0200] "GET /bermecars/list-users.jsp HTTP/1.1" 200 7792
0:0:0:0:0:0:0:1 - - [20/May/2024:20:52:33 +0200] "GET /bermecars/edit-users.jsp?id=1 HTTP/1.1" 404 672
127.0.0.1 - tomcat [20/May/2024:20:53:03 +0200] "PUT /manager/text/deploy?path=%2Fbermecars&update=true HTTP/1.1" 200 67
0:0:0:0:0:0:0:1 - - [20/May/2024:20:53:19 +0200] "GET /bermecars HTTP/1.1" 302 -
0:0:0:0:0:0:0:1 - - [20/May/2024:20:53:19 +0200] "GET /bermecars/ HTTP/1.1" 200 978
0:0:0:0:0:0:0:1 - - [20/May/2024:20:53:19 +0200] "GET /bermecars/login.jsp HTTP/1.1" 200 3851
0:0:0:0:0:0:0:1 - - [20/May/2024:20:53:23 +0200] "POST /bermecars/login HTTP/1.1" 200 2
0:0:0:0:0:0:0:1 - - [20/May/2024:20:53:23 +0200] "GET /bermecars HTTP/1.1" 302 -
0:0:0:0:0:0:0:1 - - [20/May/2024:20:53:23 +0200] "GET /bermecars/ HTTP/1.1" 200 8983
0:0:0:0:0:0:0:1 - - [20/May/2024:20:53:25 +0200] "GET /bermecars/list-users.jsp HTTP/1.1" 200 7778
0:0:0:0:0:0:0:1 - - [20/May/2024:20:53:27 +0200] "GET /bermecars/add-users.jsp?id=1 HTTP/1.1" 200 3999
0:0:0:0:0:0:0:1 - - [20/May/2024:20:53:39 +0200] "GET /bermecars HTTP/1.1" 302 -
0:0:0:0:0:0:0:1 - - [20/May/2024:20:53:39 +0200] "GET /bermecars/ HTTP/1.1" 200 8983
0:0:0:0:0:0:0:1 - - [20/May/2024:20:53:41 +0200] "GET /bermecars/list-users.jsp HTTP/1.1" 200 7778
127.0.0.1 - tomcat [20/May/2024:21:00:30 +0200] "PUT /manager/text/deploy?path=%2Fbermecars&update=true HTTP/1.1" 200 67
0:0:0:0:0:0:0:1 - - [20/May/2024:21:01:27 +0200] "GET /bermecars/list-users.jsp HTTP/1.1" 302 -
0:0:0:0:0:0:0:1 - - [20/May/2024:21:01:27 +0200] "GET /bermecars/index.jsp HTTP/1.1" 200 978
0:0:0:0:0:0:0:1 - - [20/May/2024:21:01:27 +0200] "GET /bermecars/login.jsp HTTP/1.1" 200 3851
0:0:0:0:0:0:0:1 - - [20/May/2024:21:01:32 +0200] "POST /bermecars/login HTTP/1.1" 200 2
0:0:0:0:0:0:0:1 - - [20/May/2024:21:01:32 +0200] "GET /bermecars HTTP/1.1" 302 -
0:0:0:0:0:0:0:1 - - [20/May/2024:21:01:32 +0200] "GET /bermecars/ HTTP/1.1" 200 8983
0:0:0:0:0:0:0:1 - - [20/May/2024:21:01:34 +0200] "GET /bermecars/list-users.jsp HTTP/1.1" 200 2447
0:0:0:0:0:0:0:1 - - [20/May/2024:21:01:35 +0200] "GET /bermecars/add-users.jsp?id=25 HTTP/1.1" 200 4002
0:0:0:0:0:0:0:1 - - [20/May/2024:21:01:39 +0200] "GET /bermecars/logout HTTP/1.1" 302 -
0:0:0:0:0:0:0:1 - - [20/May/2024:21:01:39 +0200] "GET /bermecars HTTP/1.1" 302 -
0:0:0:0:0:0:0:1 - - [20/May/2024:21:01:39 +0200] "GET /bermecars/ HTTP/1.1" 200 978
0:0:0:0:0:0:0:1 - - [20/May/2024:21:01:39 +0200] "GET /bermecars/login.jsp HTTP/1.1" 200 3851
0:0:0:0:0:0:0:1 - - [20/May/2024:21:01:40 +0200] "GET /bermecars/register.jsp HTTP/1.1" 200 4389
0:0:0:0:0:0:0:1 - - [20/May/2024:21:02:01 +0200] "POST /bermecars/register HTTP/1.1" 500 3252
0:0:0:0:0:0:0:1 - - [20/May/2024:21:02:04 +0200] "POST /bermecars/register HTTP/1.1" 500 3252
0:0:0:0:0:0:0:1 - - [20/May/2024:21:02:07 +0200] "POST /bermecars/register HTTP/1.1" 500 3252
127.0.0.1 - tomcat [20/May/2024:21:02:43 +0200] "PUT /manager/text/deploy?path=%2Fbermecars&update=true HTTP/1.1" 200 67
0:0:0:0:0:0:0:1 - - [20/May/2024:21:02:47 +0200] "GET /bermecars/register.jsp HTTP/1.1" 200 4385
0:0:0:0:0:0:0:1 - - [20/May/2024:21:02:50 +0200] "GET /bermecars/login.jsp HTTP/1.1" 200 3851
0:0:0:0:0:0:0:1 - - [20/May/2024:21:02:51 +0200] "GET /bermecars/register.jsp HTTP/1.1" 200 4385
0:0:0:0:0:0:0:1 - - [20/May/2024:21:03:02 +0200] "POST /bermecars/register HTTP/1.1" 500 3230
0:0:0:0:0:0:0:1 - - [20/May/2024:21:03:08 +0200] "POST /bermecars/register HTTP/1.1" 500 3248
127.0.0.1 - tomcat [20/May/2024:21:04:24 +0200] "PUT /manager/text/deploy?path=%2Fbermecars&update=true HTTP/1.1" 200 67
0:0:0:0:0:0:0:1 - - [20/May/2024:21:04:26 +0200] "GET /bermecars/register.jsp HTTP/1.1" 200 4385
0:0:0:0:0:0:0:1 - - [20/May/2024:21:04:28 +0200] "GET /bermecars/login.jsp HTTP/1.1" 200 3851
0:0:0:0:0:0:0:1 - - [20/May/2024:21:04:29 +0200] "GET /bermecars/register.jsp HTTP/1.1" 200 4385
0:0:0:0:0:0:0:1 - - [20/May/2024:21:04:41 +0200] "POST /bermecars/register HTTP/1.1" 200 2
0:0:0:0:0:0:0:1 - - [20/May/2024:21:04:41 +0200] "GET /bermecars HTTP/1.1" 302 -
0:0:0:0:0:0:0:1 - - [20/May/2024:21:04:41 +0200] "GET /bermecars/ HTTP/1.1" 200 8799
0:0:0:0:0:0:0:1 - - [20/May/2024:21:04:46 +0200] "GET /bermecars/user-profile.jsp HTTP/1.1" 200 2022
0:0:0:0:0:0:0:1 - - [20/May/2024:21:04:48 +0200] "GET /bermecars/edit-user.jsp HTTP/1.1" 200 3768
0:0:0:0:0:0:0:1 - - [20/May/2024:21:04:51 +0200] "GET /bermecars/reservation.jsp HTTP/1.1" 200 1851
0:0:0:0:0:0:0:1 - - [20/May/2024:21:04:52 +0200] "GET /bermecars/logout HTTP/1.1" 302 -
0:0:0:0:0:0:0:1 - - [20/May/2024:21:04:52 +0200] "GET /bermecars HTTP/1.1" 302 -
0:0:0:0:0:0:0:1 - - [20/May/2024:21:04:52 +0200] "GET /bermecars/ HTTP/1.1" 200 978
0:0:0:0:0:0:0:1 - - [20/May/2024:21:04:52 +0200] "GET /bermecars/login.jsp HTTP/1.1" 200 3851
127.0.0.1 - tomcat [20/May/2024:21:06:35 +0200] "PUT /manager/text/deploy?path=%2Fbermecars&update=true HTTP/1.1" 200 67
0:0:0:0:0:0:0:1 - - [20/May/2024:21:06:36 +0200] "GET /bermecars/login.jsp HTTP/1.1" 200 3851
0:0:0:0:0:0:0:1 - - [20/May/2024:21:06:37 +0200] "GET /bermecars/login.jsp HTTP/1.1" 200 3851
0:0:0:0:0:0:0:1 - - [20/May/2024:21:06:39 +0200] "GET /bermecars/register.jsp HTTP/1.1" 200 4385
0:0:0:0:0:0:0:1 - - [20/May/2024:21:06:51 +0200] "POST /bermecars/register HTTP/1.1" 200 2
0:0:0:0:0:0:0:1 - - [20/May/2024:21:06:51 +0200] "GET /bermecars HTTP/1.1" 302 -
0:0:0:0:0:0:0:1 - - [20/May/2024:21:06:51 +0200] "GET /bermecars/ HTTP/1.1" 200 8799
0:0:0:0:0:0:0:1 - - [20/May/2024:21:06:53 +0200] "GET /bermecars/user-profile.jsp HTTP/1.1" 200 2082
0:0:0:0:0:0:0:1 - - [20/May/2024:21:06:56 +0200] "GET /bermecars/edit-user.jsp HTTP/1.1" 200 4015
0:0:0:0:0:0:0:1 - - [20/May/2024:21:07:06 +0200] "POST /bermecars/edit-user HTTP/1.1" 200 86
0:0:0:0:0:0:0:1 - - [20/May/2024:21:07:38 +0200] "GET /bermecars HTTP/1.1" 302 -
0:0:0:0:0:0:0:1 - - [20/May/2024:21:07:38 +0200] "GET /bermecars/ HTTP/1.1" 200 8799
0:0:0:0:0:0:0:1 - - [20/May/2024:21:07:39 +0200] "GET /bermecars/logout HTTP/1.1" 302 -
0:0:0:0:0:0:0:1 - - [20/May/2024:21:07:39 +0200] "GET /bermecars HTTP/1.1" 302 -
0:0:0:0:0:0:0:1 - - [20/May/2024:21:07:39 +0200] "GET /bermecars/ HTTP/1.1" 200 978
0:0:0:0:0:0:0:1 - - [20/May/2024:21:07:39 +0200] "GET /bermecars/login.jsp HTTP/1.1" 200 3851
0:0:0:0:0:0:0:1 - - [20/May/2024:21:07:42 +0200] "POST /bermecars/login HTTP/1.1" 200 2
0:0:0:0:0:0:0:1 - - [20/May/2024:21:07:42 +0200] "GET /bermecars HTTP/1.1" 302 -
0:0:0:0:0:0:0:1 - - [20/May/2024:21:07:43 +0200] "GET /bermecars/ HTTP/1.1" 200 8983
0:0:0:0:0:0:0:1 - - [20/May/2024:21:07:44 +0200] "GET /bermecars/list-users.jsp HTTP/1.1" 200 3123
0:0:0:0:0:0:0:1 - - [20/May/2024:21:07:48 +0200] "GET /bermecars/add-users.jsp?id=26 HTTP/1.1" 200 4247
0:0:0:0:0:0:0:1 - - [20/May/2024:21:07:52 +0200] "GET /bermecars HTTP/1.1" 302 -
0:0:0:0:0:0:0:1 - - [20/May/2024:21:07:53 +0200] "GET /bermecars/ HTTP/1.1" 200 8983
0:0:0:0:0:0:0:1 - - [20/May/2024:21:07:54 +0200] "GET /bermecars/list-users.jsp HTTP/1.1" 200 3123
0:0:0:0:0:0:0:1 - - [20/May/2024:21:07:57 +0200] "GET /bermecars/list-users.jsp HTTP/1.1" 200 3123
0:0:0:0:0:0:0:1 - - [20/May/2024:21:08:01 +0200] "GET /bermecars/reservation.jsp HTTP/1.1" 200 2035
0:0:0:0:0:0:0:1 - - [20/May/2024:21:08:02 +0200] "GET /bermecars/list-users.jsp HTTP/1.1" 200 3123
127.0.0.1 - tomcat [20/May/2024:21:10:49 +0200] "PUT /manager/text/deploy?path=%2Fbermecars&update=true HTTP/1.1" 200 67
0:0:0:0:0:0:0:1 - - [20/May/2024:21:10:52 +0200] "GET /bermecars/list-users.jsp HTTP/1.1" 500 2618
127.0.0.1 - tomcat [20/May/2024:21:11:52 +0200] "PUT /manager/text/deploy?path=%2Fbermecars&update=true HTTP/1.1" 200 67
0:0:0:0:0:0:0:1 - - [20/May/2024:21:11:53 +0200] "GET /bermecars/list-users.jsp HTTP/1.1" 500 3831
127.0.0.1 - tomcat [20/May/2024:21:12:15 +0200] "PUT /manager/text/deploy?path=%2Fbermecars&update=true HTTP/1.1" 200 67
0:0:0:0:0:0:0:1 - - [20/May/2024:21:12:16 +0200] "GET /bermecars/list-users.jsp HTTP/1.1" 500 3808
0:0:0:0:0:0:0:1 - - [20/May/2024:21:12:17 +0200] "GET /bermecars/list-users.jsp HTTP/1.1" 500 2908
0:0:0:0:0:0:0:1 - - [20/May/2024:21:12:18 +0200] "GET /bermecars/list-users.jsp HTTP/1.1" 500 2908
0:0:0:0:0:0:0:1 - - [20/May/2024:21:12:20 +0200] "GET /bermecars HTTP/1.1" 302 -
0:0:0:0:0:0:0:1 - - [20/May/2024:21:12:20 +0200] "GET /bermecars/ HTTP/1.1" 200 978
0:0:0:0:0:0:0:1 - - [20/May/2024:21:12:20 +0200] "GET /bermecars/login.jsp HTTP/1.1" 200 3851
0:0:0:0:0:0:0:1 - - [20/May/2024:21:12:24 +0200] "POST /bermecars/login HTTP/1.1" 200 2
0:0:0:0:0:0:0:1 - - [20/May/2024:21:12:24 +0200] "GET /bermecars HTTP/1.1" 302 -
0:0:0:0:0:0:0:1 - - [20/May/2024:21:12:25 +0200] "GET /bermecars/ HTTP/1.1" 200 8983
0:0:0:0:0:0:0:1 - - [20/May/2024:21:12:26 +0200] "GET /bermecars/list-users.jsp HTTP/1.1" 500 3808
127.0.0.1 - tomcat [20/May/2024:21:12:55 +0200] "PUT /manager/text/deploy?path=%2Fbermecars&update=true HTTP/1.1" 200 67
0:0:0:0:0:0:0:1 - - [20/May/2024:21:13:01 +0200] "GET /bermecars/list-users.jsp HTTP/1.1" 500 3436
0:0:0:0:0:0:0:1 - - [20/May/2024:21:14:20 +0200] "GET /bermecars/list-users.jsp HTTP/1.1" 500 3436
0:0:0:0:0:0:0:1 - - [20/May/2024:21:14:21 +0200] "GET /bermecars/list-users.jsp HTTP/1.1" 500 2908
127.0.0.1 - tomcat [20/May/2024:21:14:23 +0200] "PUT /manager/text/deploy?path=%2Fbermecars&update=true HTTP/1.1" 200 67
0:0:0:0:0:0:0:1 - - [20/May/2024:21:14:24 +0200] "GET /bermecars/list-users.jsp HTTP/1.1" 500 2920
0:0:0:0:0:0:0:1 - - [20/May/2024:21:14:26 +0200] "GET /bermecars/list-users.jsp HTTP/1.1" 500 2908
0:0:0:0:0:0:0:1 - - [20/May/2024:21:14:28 +0200] "GET /bermecars HTTP/1.1" 302 -
0:0:0:0:0:0:0:1 - - [20/May/2024:21:14:28 +0200] "GET /bermecars/ HTTP/1.1" 200 978
0:0:0:0:0:0:0:1 - - [20/May/2024:21:14:28 +0200] "GET /bermecars/login.jsp HTTP/1.1" 200 3851
0:0:0:0:0:0:0:1 - - [20/May/2024:21:14:33 +0200] "POST /bermecars/login HTTP/1.1" 200 2
0:0:0:0:0:0:0:1 - - [20/May/2024:21:14:33 +0200] "GET /bermecars HTTP/1.1" 302 -
0:0:0:0:0:0:0:1 - - [20/May/2024:21:14:33 +0200] "GET /bermecars/ HTTP/1.1" 200 8983
0:0:0:0:0:0:0:1 - - [20/May/2024:21:14:35 +0200] "GET /bermecars/list-users.jsp HTTP/1.1" 500 2920
127.0.0.1 - tomcat [20/May/2024:21:15:25 +0200] "PUT /manager/text/deploy?path=%2Fbermecars&update=true HTTP/1.1" 200 67
0:0:0:0:0:0:0:1 - - [20/May/2024:21:15:35 +0200] "GET /bermecars/list-users.jsp HTTP/1.1" 500 4931
0:0:0:0:0:0:0:1 - - [20/May/2024:21:15:37 +0200] "GET /bermecars/list-users.jsp HTTP/1.1" 500 2908
127.0.0.1 - tomcat [20/May/2024:21:16:35 +0200] "PUT /manager/text/deploy?path=%2Fbermecars&update=true HTTP/1.1" 200 67
0:0:0:0:0:0:0:1 - - [20/May/2024:21:16:36 +0200] "GET /bermecars/list-users.jsp HTTP/1.1" 500 2375
127.0.0.1 - tomcat [20/May/2024:21:18:37 +0200] "PUT /manager/text/deploy?path=%2Fbermecars&update=true HTTP/1.1" 200 67
0:0:0:0:0:0:0:1 - - [20/May/2024:21:18:40 +0200] "GET /bermecars/list-users.jsp HTTP/1.1" 200 2505
0:0:0:0:0:0:0:1 - - [20/May/2024:21:18:43 +0200] "GET /bermecars HTTP/1.1" 302 -
0:0:0:0:0:0:0:1 - - [20/May/2024:21:18:43 +0200] "GET /bermecars/ HTTP/1.1" 200 978
0:0:0:0:0:0:0:1 - - [20/May/2024:21:18:44 +0200] "GET /bermecars/login.jsp HTTP/1.1" 200 3851
0:0:0:0:0:0:0:1 - - [20/May/2024:21:18:50 +0200] "POST /bermecars/login HTTP/1.1" 200 2
0:0:0:0:0:0:0:1 - - [20/May/2024:21:18:50 +0200] "GET /bermecars HTTP/1.1" 302 -
0:0:0:0:0:0:0:1 - - [20/May/2024:21:18:50 +0200] "GET /bermecars/ HTTP/1.1" 200 8983
0:0:0:0:0:0:0:1 - - [20/May/2024:21:18:52 +0200] "GET /bermecars/list-users.jsp HTTP/1.1" 200 3337
0:0:0:0:0:0:0:1 - - [20/May/2024:21:18:57 +0200] "GET /bermecars/add-users.jsp?id=27 HTTP/1.1" 200 4249
0:0:0:0:0:0:0:1 - - [20/May/2024:21:18:59 +0200] "GET /bermecars/list-users.jsp HTTP/1.1" 200 3337
127.0.0.1 - tomcat [20/May/2024:21:20:07 +0200] "PUT /manager/text/deploy?path=%2Fbermecars&update=true HTTP/1.1" 200 67
0:0:0:0:0:0:0:1 - - [20/May/2024:21:20:14 +0200] "GET /bermecars/list-users.jsp HTTP/1.1" 200 2979
0:0:0:0:0:0:0:1 - - [20/May/2024:21:21:05 +0200] "GET /bermecars HTTP/1.1" 302 -
0:0:0:0:0:0:0:1 - - [20/May/2024:21:21:05 +0200] "GET /bermecars/ HTTP/1.1" 200 978
0:0:0:0:0:0:0:1 - - [20/May/2024:21:21:05 +0200] "GET /bermecars/login.jsp HTTP/1.1" 200 3851
0:0:0:0:0:0:0:1 - - [20/May/2024:21:21:10 +0200] "POST /bermecars/login HTTP/1.1" 200 2
0:0:0:0:0:0:0:1 - - [20/May/2024:21:21:10 +0200] "GET /bermecars HTTP/1.1" 302 -
0:0:0:0:0:0:0:1 - - [20/May/2024:21:21:10 +0200] "GET /bermecars/ HTTP/1.1" 200 8983
0:0:0:0:0:0:0:1 - - [20/May/2024:21:21:12 +0200] "GET /bermecars/list-users.jsp HTTP/1.1" 200 3811
0:0:0:0:0:0:0:1 - - [20/May/2024:21:21:15 +0200] "GET /bermecars/add-users.jsp?id=27 HTTP/1.1" 200 4249
0:0:0:0:0:0:0:1 - - [20/May/2024:21:21:17 +0200] "GET /bermecars/list-users.jsp HTTP/1.1" 200 3811
0:0:0:0:0:0:0:1 - - [20/May/2024:21:21:21 +0200] "GET /bermecars HTTP/1.1" 302 -
0:0:0:0:0:0:0:1 - - [20/May/2024:21:21:21 +0200] "GET /bermecars/ HTTP/1.1" 200 8983
0:0:0:0:0:0:0:1 - - [20/May/2024:21:21:27 +0200] "GET /bermecars/user-profile.jsp HTTP/1.1" 200 2266
127.0.0.1 - tomcat [20/May/2024:21:22:34 +0200] "PUT /manager/text/deploy?path=%2Fbermecars&update=true HTTP/1.1" 200 67
0:0:0:0:0:0:0:1 - - [20/May/2024:21:23:06 +0200] "GET /bermecars/list-users.jsp HTTP/1.1" 200 2977
127.0.0.1 - tomcat [20/May/2024:21:23:33 +0200] "PUT /manager/text/deploy?path=%2Fbermecars&update=true HTTP/1.1" 200 67
0:0:0:0:0:0:0:1 - - [20/May/2024:21:24:23 +0200] "GET /bermecars HTTP/1.1" 302 -
0:0:0:0:0:0:0:1 - - [20/May/2024:21:24:23 +0200] "GET /bermecars/ HTTP/1.1" 200 978
0:0:0:0:0:0:0:1 - - [20/May/2024:21:24:23 +0200] "GET /bermecars/login.jsp HTTP/1.1" 200 3851
0:0:0:0:0:0:0:1 - - [20/May/2024:21:24:29 +0200] "POST /bermecars/login HTTP/1.1" 200 2
0:0:0:0:0:0:0:1 - - [20/May/2024:21:24:29 +0200] "GET /bermecars HTTP/1.1" 302 -
0:0:0:0:0:0:0:1 - - [20/May/2024:21:24:29 +0200] "GET /bermecars/ HTTP/1.1" 200 8981
0:0:0:0:0:0:0:1 - - [20/May/2024:21:24:29 +0200] "POST /bermecars/login HTTP/1.1" 200 2
0:0:0:0:0:0:0:1 - - [20/May/2024:21:24:31 +0200] "GET /bermecars/list-users.jsp HTTP/1.1" 200 3809
0:0:0:0:0:0:0:1 - - [20/May/2024:21:24:34 +0200] "GET /bermecars HTTP/1.1" 302 -
0:0:0:0:0:0:0:1 - - [20/May/2024:21:24:34 +0200] "GET /bermecars/ HTTP/1.1" 200 8981
0:0:0:0:0:0:0:1 - - [20/May/2024:21:24:58 +0200] "GET /bermecars/list-users.jsp HTTP/1.1" 404 686
127.0.0.1 - tomcat [20/May/2024:21:24:59 +0200] "PUT /manager/text/deploy?path=%2Fbermecars&update=true HTTP/1.1" 200 67
0:0:0:0:0:0:0:1 - - [20/May/2024:21:25:00 +0200] "GET /bermecars HTTP/1.1" 302 -
0:0:0:0:0:0:0:1 - - [20/May/2024:21:25:01 +0200] "GET /bermecars/ HTTP/1.1" 200 1085
0:0:0:0:0:0:0:1 - - [20/May/2024:21:25:01 +0200] "GET /bermecars/login.jsp HTTP/1.1" 200 3851
0:0:0:0:0:0:0:1 - - [20/May/2024:21:25:05 +0200] "POST /bermecars/login HTTP/1.1" 200 2
0:0:0:0:0:0:0:1 - - [20/May/2024:21:25:05 +0200] "GET /bermecars HTTP/1.1" 302 -
0:0:0:0:0:0:0:1 - - [20/May/2024:21:25:05 +0200] "GET /bermecars/ HTTP/1.1" 200 9088
0:0:0:0:0:0:0:1 - - [20/May/2024:21:25:07 +0200] "GET /bermecars/list-users.jsp HTTP/1.1" 200 3809
0:0:0:0:0:0:0:1 - - [20/May/2024:21:25:11 +0200] "GET /bermecars/list-users.jsp?search=2 HTTP/1.1" 200 2955
0:0:0:0:0:0:0:1 - - [20/May/2024:21:25:32 +0200] "GET /bermecars/list-users.jsp HTTP/1.1" 200 3809
127.0.0.1 - tomcat [20/May/2024:21:25:54 +0200] "PUT /manager/text/deploy?path=%2Fbermecars&update=true HTTP/1.1" 200 67
0:0:0:0:0:0:0:1 - - [20/May/2024:21:25:56 +0200] "GET /bermecars/list-users.jsp HTTP/1.1" 200 2997
0:0:0:0:0:0:0:1 - - [20/May/2024:21:25:56 +0200] "GET /bermecars/list-users.jsp HTTP/1.1" 200 2997
0:0:0:0:0:0:0:1 - - [20/May/2024:21:25:57 +0200] "GET /bermecars/list-users.jsp HTTP/1.1" 200 2997
0:0:0:0:0:0:0:1 - - [20/May/2024:21:25:58 +0200] "GET /bermecars/list-users.jsp HTTP/1.1" 200 2997
127.0.0.1 - tomcat [20/May/2024:21:26:11 +0200] "PUT /manager/text/deploy?path=%2Fbermecars&update=true HTTP/1.1" 200 67
0:0:0:0:0:0:0:1 - - [20/May/2024:21:26:21 +0200] "GET /bermecars/list-users.jsp HTTP/1.1" 200 3009
0:0:0:0:0:0:0:1 - - [20/May/2024:21:26:21 +0200] "GET /bermecars/list-users.jsp HTTP/1.1" 200 3009
0:0:0:0:0:0:0:1 - - [20/May/2024:21:26:26 +0200] "GET /bermecars/list-users.jsp?search=25 HTTP/1.1" 200 1668
0:0:0:0:0:0:0:1 - - [20/May/2024:21:26:56 +0200] "GET /bermecars/add-users.jsp?id=25 HTTP/1.1" 302 -
0:0:0:0:0:0:0:1 - - [20/May/2024:21:26:56 +0200] "GET /bermecars HTTP/1.1" 302 -
0:0:0:0:0:0:0:1 - - [20/May/2024:21:26:56 +0200] "GET /bermecars/ HTTP/1.1" 200 1085
0:0:0:0:0:0:0:1 - - [20/May/2024:21:26:56 +0200] "GET /bermecars/login.jsp HTTP/1.1" 200 3851
0:0:0:0:0:0:0:1 - - [20/May/2024:21:27:00 +0200] "POST /bermecars/login HTTP/1.1" 200 2
0:0:0:0:0:0:0:1 - - [20/May/2024:21:27:00 +0200] "GET /bermecars HTTP/1.1" 302 -
0:0:0:0:0:0:0:1 - - [20/May/2024:21:27:00 +0200] "GET /bermecars/ HTTP/1.1" 200 9088
0:0:0:0:0:0:0:1 - - [20/May/2024:21:27:02 +0200] "GET /bermecars/list-users.jsp HTTP/1.1" 200 3841
0:0:0:0:0:0:0:1 - - [20/May/2024:21:27:03 +0200] "GET /bermecars/add-users.jsp?id=25 HTTP/1.1" 200 4248
0:0:0:0:0:0:0:1 - - [20/May/2024:21:27:05 +0200] "GET /bermecars/list-users.jsp HTTP/1.1" 200 3841
0:0:0:0:0:0:0:1 - - [20/May/2024:21:27:07 +0200] "GET /bermecars HTTP/1.1" 302 -
0:0:0:0:0:0:0:1 - - [20/May/2024:21:27:07 +0200] "GET /bermecars/ HTTP/1.1" 200 9088
127.0.0.1 - tomcat [20/May/2024:21:27:33 +0200] "PUT /manager/text/deploy?path=%2Fbermecars&update=true HTTP/1.1" 200 67
0:0:0:0:0:0:0:1 - - [20/May/2024:21:27:34 +0200] "GET /bermecars/ HTTP/1.1" 200 1085
0:0:0:0:0:0:0:1 - - [20/May/2024:21:27:35 +0200] "GET /bermecars/login.jsp HTTP/1.1" 200 3851
0:0:0:0:0:0:0:1 - - [20/May/2024:21:27:39 +0200] "POST /bermecars/login HTTP/1.1" 200 2
0:0:0:0:0:0:0:1 - - [20/May/2024:21:27:39 +0200] "GET /bermecars HTTP/1.1" 302 -
0:0:0:0:0:0:0:1 - - [20/May/2024:21:27:39 +0200] "GET /bermecars/ HTTP/1.1" 200 9099
127.0.0.1 - tomcat [20/May/2024:21:28:11 +0200] "PUT /manager/text/deploy?path=%2Fbermecars&update=true HTTP/1.1" 200 67
0:0:0:0:0:0:0:1 - - [20/May/2024:21:28:14 +0200] "GET /bermecars HTTP/1.1" 302 -
0:0:0:0:0:0:0:1 - - [20/May/2024:21:28:15 +0200] "GET /bermecars/ HTTP/1.1" 200 1085
0:0:0:0:0:0:0:1 - - [20/May/2024:21:28:15 +0200] "GET /bermecars/login.jsp HTTP/1.1" 200 3851
0:0:0:0:0:0:0:1 - - [20/May/2024:21:28:19 +0200] "POST /bermecars/login HTTP/1.1" 200 2
0:0:0:0:0:0:0:1 - - [20/May/2024:21:28:19 +0200] "GET /bermecars HTTP/1.1" 302 -
0:0:0:0:0:0:0:1 - - [20/May/2024:21:28:19 +0200] "GET /bermecars/ HTTP/1.1" 200 8926
0:0:0:0:0:0:0:1 - - [20/May/2024:21:28:22 +0200] "GET /bermecars/reservation.jsp HTTP/1.1" 200 1862
0:0:0:0:0:0:0:1 - - [20/May/2024:21:28:23 +0200] "GET /bermecars HTTP/1.1" 302 -
0:0:0:0:0:0:0:1 - - [20/May/2024:21:28:23 +0200] "GET /bermecars/ HTTP/1.1" 200 8926
0:0:0:0:0:0:0:1 - - [20/May/2024:21:28:25 +0200] "GET /bermecars/view-car.jsp?id=39 HTTP/1.1" 200 2206
0:0:0:0:0:0:0:1 - - [20/May/2024:21:28:26 +0200] "GET /bermecars/reservecar?id=39 HTTP/1.1" 302 -
0:0:0:0:0:0:0:1 - - [20/May/2024:21:28:26 +0200] "GET /bermecars/reservation.jsp HTTP/1.1" 200 2170
0:0:0:0:0:0:0:1 - - [20/May/2024:21:29:24 +0200] "GET /bermecars/reservation.jsp HTTP/1.1" 200 2170
0:0:0:0:0:0:0:1 - - [20/May/2024:21:29:24 +0200] "GET /bermecars/user-profile.jsp HTTP/1.1" 200 2092
0:0:0:0:0:0:0:1 - - [20/May/2024:21:29:27 +0200] "GET /bermecars/reservation.jsp HTTP/1.1" 200 2170
0:0:0:0:0:0:0:1 - - [20/May/2024:21:29:31 +0200] "GET /bermecars HTTP/1.1" 302 -
0:0:0:0:0:0:0:1 - - [20/May/2024:21:29:31 +0200] "GET /bermecars/ HTTP/1.1" 200 8926
0:0:0:0:0:0:0:1 - - [20/May/2024:21:29:32 +0200] "GET /bermecars/view-car.jsp?id=41 HTTP/1.1" 200 2208
0:0:0:0:0:0:0:1 - - [20/May/2024:21:29:33 +0200] "GET /bermecars/reservecar?id=41 HTTP/1.1" 302 -
0:0:0:0:0:0:0:1 - - [20/May/2024:21:29:33 +0200] "GET /bermecars/reservation.jsp HTTP/1.1" 200 2478
127.0.0.1 - tomcat [20/May/2024:21:33:46 +0200] "PUT /manager/text/deploy?path=%2Fbermecars&update=true HTTP/1.1" 200 67
0:0:0:0:0:0:0:1 - - [20/May/2024:21:33:48 +0200] "GET /bermecars/reservation.jsp HTTP/1.1" 302 -
0:0:0:0:0:0:0:1 - - [20/May/2024:21:33:49 +0200] "GET /bermecars/index.jsp HTTP/1.1" 200 1085
0:0:0:0:0:0:0:1 - - [20/May/2024:21:33:49 +0200] "GET /bermecars/login.jsp HTTP/1.1" 200 3851
0:0:0:0:0:0:0:1 - - [20/May/2024:21:33:55 +0200] "POST /bermecars/login HTTP/1.1" 200 2
0:0:0:0:0:0:0:1 - - [20/May/2024:21:33:55 +0200] "GET /bermecars HTTP/1.1" 302 -
0:0:0:0:0:0:0:1 - - [20/May/2024:21:33:56 +0200] "GET /bermecars/ HTTP/1.1" 200 8926
0:0:0:0:0:0:0:1 - - [20/May/2024:21:33:58 +0200] "GET /bermecars/reservation.jsp HTTP/1.1" 200 2528
0:0:0:0:0:0:0:1 - - [20/May/2024:21:33:59 +0200] "GET /bermecars/view-reservation.jsp?id=44 HTTP/1.1" 500 3489
127.0.0.1 - tomcat [20/May/2024:21:34:32 +0200] "PUT /manager/text/deploy?path=%2Fbermecars&update=true HTTP/1.1" 200 67
0:0:0:0:0:0:0:1 - - [20/May/2024:21:34:37 +0200] "GET /bermecars/view-reservation.jsp?id=44 HTTP/1.1" 500 2902
0:0:0:0:0:0:0:1 - - [20/May/2024:21:34:42 +0200] "GET /bermecars HTTP/1.1" 302 -
0:0:0:0:0:0:0:1 - - [20/May/2024:21:34:43 +0200] "GET /bermecars/ HTTP/1.1" 200 1085
0:0:0:0:0:0:0:1 - - [20/May/2024:21:34:43 +0200] "GET /bermecars/login.jsp HTTP/1.1" 200 3851
0:0:0:0:0:0:0:1 - - [20/May/2024:21:34:51 +0200] "POST /bermecars/login HTTP/1.1" 200 2
0:0:0:0:0:0:0:1 - - [20/May/2024:21:34:51 +0200] "GET /bermecars HTTP/1.1" 302 -
0:0:0:0:0:0:0:1 - - [20/May/2024:21:34:51 +0200] "GET /bermecars/ HTTP/1.1" 200 8926
0:0:0:0:0:0:0:1 - - [20/May/2024:21:34:53 +0200] "GET /bermecars/reservation.jsp HTTP/1.1" 200 2528
0:0:0:0:0:0:0:1 - - [20/May/2024:21:34:54 +0200] "GET /bermecars/view-reservation.jsp?id=44 HTTP/1.1" 500 2902
127.0.0.1 - tomcat [20/May/2024:21:36:36 +0200] "PUT /manager/text/deploy?path=%2Fbermecars&update=true HTTP/1.1" 200 67
0:0:0:0:0:0:0:1 - - [20/May/2024:21:36:40 +0200] "GET /bermecars/view-reservation.jsp?id=44 HTTP/1.1" 200 1264
0:0:0:0:0:0:0:1 - - [20/May/2024:21:36:46 +0200] "GET /bermecars HTTP/1.1" 302 -
0:0:0:0:0:0:0:1 - - [20/May/2024:21:36:46 +0200] "GET /bermecars/ HTTP/1.1" 200 1085
0:0:0:0:0:0:0:1 - - [20/May/2024:21:36:46 +0200] "GET /bermecars/login.jsp HTTP/1.1" 200 3851
0:0:0:0:0:0:0:1 - - [20/May/2024:21:36:52 +0200] "POST /bermecars/login HTTP/1.1" 200 2
0:0:0:0:0:0:0:1 - - [20/May/2024:21:36:52 +0200] "GET /bermecars HTTP/1.1" 302 -
0:0:0:0:0:0:0:1 - - [20/May/2024:21:36:52 +0200] "GET /bermecars/ HTTP/1.1" 200 8926
0:0:0:0:0:0:0:1 - - [20/May/2024:21:36:54 +0200] "GET /bermecars/reservation.jsp HTTP/1.1" 200 2528
0:0:0:0:0:0:0:1 - - [20/May/2024:21:36:55 +0200] "GET /bermecars/view-reservation.jsp?id=44 HTTP/1.1" 200 1923
127.0.0.1 - tomcat [20/May/2024:21:37:21 +0200] "PUT /manager/text/deploy?path=%2Fbermecars&update=true HTTP/1.1" 200 67
0:0:0:0:0:0:0:1 - - [20/May/2024:21:37:27 +0200] "GET /bermecars/view-reservation.jsp?id=44 HTTP/1.1" 200 1269
127.0.0.1 - tomcat [20/May/2024:21:37:37 +0200] "PUT /manager/text/deploy?path=%2Fbermecars&update=true HTTP/1.1" 200 67
0:0:0:0:0:0:0:1 - - [20/May/2024:21:37:40 +0200] "GET /bermecars/view-reservation.jsp?id=44 HTTP/1.1" 200 1269
0:0:0:0:0:0:0:1 - - [20/May/2024:21:37:43 +0200] "GET /bermecars HTTP/1.1" 302 -
0:0:0:0:0:0:0:1 - - [20/May/2024:21:37:43 +0200] "GET /bermecars/ HTTP/1.1" 200 1085
0:0:0:0:0:0:0:1 - - [20/May/2024:21:37:43 +0200] "GET /bermecars/login.jsp HTTP/1.1" 200 3851
0:0:0:0:0:0:0:1 - - [20/May/2024:21:37:47 +0200] "POST /bermecars/login HTTP/1.1" 200 2
0:0:0:0:0:0:0:1 - - [20/May/2024:21:37:47 +0200] "GET /bermecars HTTP/1.1" 302 -
0:0:0:0:0:0:0:1 - - [20/May/2024:21:37:47 +0200] "GET /bermecars/ HTTP/1.1" 200 8926
0:0:0:0:0:0:0:1 - - [20/May/2024:21:37:49 +0200] "GET /bermecars/reservation.jsp HTTP/1.1" 200 2528
0:0:0:0:0:0:0:1 - - [20/May/2024:21:37:50 +0200] "GET /bermecars/view-reservation.jsp?id=44 HTTP/1.1" 200 1928
0:0:0:0:0:0:0:1 - - [20/May/2024:21:38:29 +0200] "GET /bermecars HTTP/1.1" 302 -
0:0:0:0:0:0:0:1 - - [20/May/2024:21:38:29 +0200] "GET /bermecars/ HTTP/1.1" 200 8926
0:0:0:0:0:0:0:1 - - [20/May/2024:21:38:33 +0200] "GET /bermecars/reservation.jsp HTTP/1.1" 200 2528
0:0:0:0:0:0:0:1 - - [20/May/2024:21:38:34 +0200] "GET /bermecars/user-profile.jsp HTTP/1.1" 200 2092
0:0:0:0:0:0:0:1 - - [20/May/2024:21:38:36 +0200] "GET /bermecars/reservation.jsp HTTP/1.1" 200 2528
0:0:0:0:0:0:0:1 - - [20/May/2024:21:38:36 +0200] "GET /bermecars HTTP/1.1" 302 -
0:0:0:0:0:0:0:1 - - [20/May/2024:21:38:36 +0200] "GET /bermecars/ HTTP/1.1" 200 8926
0:0:0:0:0:0:0:1 - - [20/May/2024:21:38:37 +0200] "GET /bermecars/reservation.jsp HTTP/1.1" 200 2528
0:0:0:0:0:0:0:1 - - [20/May/2024:21:38:39 +0200] "GET /bermecars/view-reservation.jsp?id=44 HTTP/1.1" 200 1928
0:0:0:0:0:0:0:1 - - [20/May/2024:21:38:42 +0200] "GET /bermecars HTTP/1.1" 302 -
0:0:0:0:0:0:0:1 - - [20/May/2024:21:38:42 +0200] "GET /bermecars/ HTTP/1.1" 200 8926
0:0:0:0:0:0:0:1 - - [20/May/2024:21:38:50 +0200] "GET /bermecars/view-car.jsp?id=39 HTTP/1.1" 200 2206
0:0:0:0:0:0:0:1 - - [20/May/2024:21:38:53 +0200] "GET /bermecars/reservation.jsp HTTP/1.1" 200 2528
0:0:0:0:0:0:0:1 - - [20/May/2024:21:38:54 +0200] "GET /bermecars/view-reservation.jsp?id=44 HTTP/1.1" 200 1928
0:0:0:0:0:0:0:1 - - [20/May/2024:21:40:01 +0200] "GET /bermecars/reservation.jsp HTTP/1.1" 200 2528
0:0:0:0:0:0:0:1 - - [20/May/2024:21:40:01 +0200] "GET /bermecars HTTP/1.1" 302 -
0:0:0:0:0:0:0:1 - - [20/May/2024:21:40:01 +0200] "GET /bermecars/ HTTP/1.1" 200 8926
0:0:0:0:0:0:0:1 - - [20/May/2024:21:40:03 +0200] "GET /bermecars/user-profile.jsp HTTP/1.1" 200 2092
127.0.0.1 - tomcat [20/May/2024:21:46:09 +0200] "PUT /manager/text/deploy?path=%2Fbermecars&update=true HTTP/1.1" 200 67
0:0:0:0:0:0:0:1 - - [20/May/2024:21:46:11 +0200] "GET /bermecars HTTP/1.1" 302 -
0:0:0:0:0:0:0:1 - - [20/May/2024:21:46:11 +0200] "GET /bermecars/ HTTP/1.1" 200 1085
0:0:0:0:0:0:0:1 - - [20/May/2024:21:46:11 +0200] "GET /bermecars/login.jsp HTTP/1.1" 200 3851
0:0:0:0:0:0:0:1 - - [20/May/2024:21:46:21 +0200] "POST /bermecars/login HTTP/1.1" 200 2
0:0:0:0:0:0:0:1 - - [20/May/2024:21:46:21 +0200] "GET /bermecars HTTP/1.1" 302 -
0:0:0:0:0:0:0:1 - - [20/May/2024:21:46:21 +0200] "GET /bermecars/ HTTP/1.1" 200 8926
0:0:0:0:0:0:0:1 - - [20/May/2024:21:46:23 +0200] "GET /bermecars/view-car.jsp?id=40 HTTP/1.1" 200 2197
0:0:0:0:0:0:0:1 - - [20/May/2024:21:46:24 +0200] "GET /bermecars/reservecar?id=40 HTTP/1.1" 302 -
0:0:0:0:0:0:0:1 - - [20/May/2024:21:46:24 +0200] "GET /bermecars/reservation.jsp HTTP/1.1" 200 2861
0:0:0:0:0:0:0:1 - - [20/May/2024:21:46:25 +0200] "GET /bermecars/reservation.jsp HTTP/1.1" 200 2861
0:0:0:0:0:0:0:1 - - [20/May/2024:21:46:26 +0200] "GET /bermecars/view-reservation.jsp?id=46 HTTP/1.1" 200 1924
127.0.0.1 - tomcat [20/May/2024:21:47:05 +0200] "PUT /manager/text/deploy?path=%2Fbermecars&update=true HTTP/1.1" 200 67
0:0:0:0:0:0:0:1 - - [20/May/2024:21:47:08 +0200] "GET /bermecars HTTP/1.1" 302 -
0:0:0:0:0:0:0:1 - - [20/May/2024:21:47:08 +0200] "GET /bermecars/ HTTP/1.1" 200 1085
0:0:0:0:0:0:0:1 - - [20/May/2024:21:47:08 +0200] "GET /bermecars/login.jsp HTTP/1.1" 200 3851
0:0:0:0:0:0:0:1 - - [20/May/2024:21:47:08 +0200] "GET /bermecars/view-reservation.jsp?id=46 HTTP/1.1" 200 1355
0:0:0:0:0:0:0:1 - - [20/May/2024:21:47:12 +0200] "POST /bermecars/login HTTP/1.1" 200 2
0:0:0:0:0:0:0:1 - - [20/May/2024:21:47:12 +0200] "GET /bermecars HTTP/1.1" 302 -
0:0:0:0:0:0:0:1 - - [20/May/2024:21:47:12 +0200] "GET /bermecars/ HTTP/1.1" 200 8926
0:0:0:0:0:0:0:1 - - [20/May/2024:21:47:14 +0200] "GET /bermecars/view-car.jsp?id=39 HTTP/1.1" 200 2206
0:0:0:0:0:0:0:1 - - [20/May/2024:21:47:15 +0200] "GET /bermecars/reservecar?id=39 HTTP/1.1" 302 -
0:0:0:0:0:0:0:1 - - [20/May/2024:21:47:15 +0200] "GET /bermecars/reservation.jsp HTTP/1.1" 200 3194
0:0:0:0:0:0:0:1 - - [20/May/2024:21:47:17 +0200] "GET /bermecars/view-reservation.jsp?id=46 HTTP/1.1" 200 2014
0:0:0:0:0:0:0:1 - - [20/May/2024:21:47:18 +0200] "GET /bermecars/removereservation?id=46 HTTP/1.1" 302 -
0:0:0:0:0:0:0:1 - - [20/May/2024:21:47:18 +0200] "GET /bermecars/reservation.jsp HTTP/1.1" 200 2861
0:0:0:0:0:0:0:1 - - [20/May/2024:21:47:22 +0200] "GET /bermecars/view-reservation.jsp?id=47 HTTP/1.1" 200 2014
0:0:0:0:0:0:0:1 - - [20/May/2024:21:47:22 +0200] "GET /bermecars/removereservation?id=47 HTTP/1.1" 302 -
0:0:0:0:0:0:0:1 - - [20/May/2024:21:47:22 +0200] "GET /bermecars/reservation.jsp HTTP/1.1" 200 2528
0:0:0:0:0:0:0:1 - - [20/May/2024:21:47:23 +0200] "GET /bermecars HTTP/1.1" 302 -
0:0:0:0:0:0:0:1 - - [20/May/2024:21:47:23 +0200] "GET /bermecars/ HTTP/1.1" 200 8926
0:0:0:0:0:0:0:1 - - [20/May/2024:21:47:26 +0200] "GET /bermecars/reservation.jsp HTTP/1.1" 200 2528
0:0:0:0:0:0:0:1 - - [20/May/2024:21:47:30 +0200] "GET /bermecars/user-profile.jsp HTTP/1.1" 200 2092
0:0:0:0:0:0:0:1 - - [20/May/2024:21:47:31 +0200] "GET /bermecars HTTP/1.1" 302 -
