127.0.0.1 - tomcat [06/May/2024:09:13:53 +0200] "PUT /manager/text/deploy?path=%2Fbermecars&update=true HTTP/1.1" 200 67
0:0:0:0:0:0:0:1 - - [06/May/2024:09:14:58 +0200] "GET /bermecars HTTP/1.1" 302 -
0:0:0:0:0:0:0:1 - - [06/May/2024:09:14:59 +0200] "GET /bermecars/ HTTP/1.1" 200 858
0:0:0:0:0:0:0:1 - - [06/May/2024:09:14:59 +0200] "GET /bermecars/login.jsp HTTP/1.1" 200 2432
0:0:0:0:0:0:0:1 - - [06/May/2024:09:15:05 +0200] "POST /bermecars/login HTTP/1.1" 200 2
0:0:0:0:0:0:0:1 - - [06/May/2024:09:15:05 +0200] "GET /bermecars HTTP/1.1" 302 -
0:0:0:0:0:0:0:1 - - [06/May/2024:09:15:06 +0200] "GET /bermecars/ HTTP/1.1" 200 7328
0:0:0:0:0:0:0:1 - - [06/May/2024:09:15:06 +0200] "GET /bermecar-pictures/amggtr.jpeg HTTP/1.1" 304 -
0:0:0:0:0:0:0:1 - - [06/May/2024:09:15:06 +0200] "GET /bermecar-pictures/murcielago.jpeg HTTP/1.1" 304 -
0:0:0:0:0:0:0:1 - - [06/May/2024:09:15:06 +0200] "GET /bermecar-pictures/testarossa.jpeg HTTP/1.1" 200 43821
0:0:0:0:0:0:0:1 - - [06/May/2024:09:15:06 +0200] "GET /bermecar-pictures/db12.jpeg HTTP/1.1" 304 -
0:0:0:0:0:0:0:1 - - [06/May/2024:09:15:06 +0200] "GET /bermecar-pictures/r8.jpeg HTTP/1.1" 304 -
0:0:0:0:0:0:0:1 - - [06/May/2024:09:15:06 +0200] "GET /bermecar-pictures/aventador.jpeg HTTP/1.1" 304 -
0:0:0:0:0:0:0:1 - - [06/May/2024:09:15:06 +0200] "GET /bermecar-pictures/488.jpeg HTTP/1.1" 304 -
0:0:0:0:0:0:0:1 - - [06/May/2024:09:17:42 +0200] "GET /bermecars/view-car.jsp?id=1 HTTP/1.1" 200 2437
127.0.0.1 - tomcat [06/May/2024:10:20:10 +0200] "PUT /manager/text/deploy?path=%2Fbermecars&update=true HTTP/1.1" 200 67
127.0.0.1 - tomcat [06/May/2024:10:20:28 +0200] "PUT /manager/text/deploy?path=%2Fbermecars&update=true HTTP/1.1" 200 67
0:0:0:0:0:0:0:1 - - [06/May/2024:10:20:44 +0200] "GET /bermecars/view-car.jsp?id=1 HTTP/1.1" 500 6518
0:0:0:0:0:0:0:1 - - [06/May/2024:10:20:48 +0200] "GET /bermecars/view-car.jsp?id=1 HTTP/1.1" 500 6518
0:0:0:0:0:0:0:1 - - [06/May/2024:10:20:54 +0200] "GET /bermecars/view-car.jsp?id=1 HTTP/1.1" 500 6518
0:0:0:0:0:0:0:1 - - [06/May/2024:10:20:57 +0200] "GET /bermecars HTTP/1.1" 302 -
0:0:0:0:0:0:0:1 - - [06/May/2024:10:20:57 +0200] "GET /bermecars/ HTTP/1.1" 200 858
0:0:0:0:0:0:0:1 - - [06/May/2024:10:20:57 +0200] "GET /bermecars/login.jsp HTTP/1.1" 200 2432
0:0:0:0:0:0:0:1 - - [06/May/2024:10:21:01 +0200] "POST /bermecars/login HTTP/1.1" 200 2
0:0:0:0:0:0:0:1 - - [06/May/2024:10:21:01 +0200] "GET /bermecars HTTP/1.1" 302 -
0:0:0:0:0:0:0:1 - - [06/May/2024:10:21:01 +0200] "GET /bermecars/ HTTP/1.1" 500 7899
127.0.0.1 - tomcat [06/May/2024:10:21:44 +0200] "PUT /manager/text/deploy?path=%2Fbermecars&update=true HTTP/1.1" 200 67
0:0:0:0:0:0:0:1 - - [06/May/2024:10:22:37 +0200] "GET /bermecars/ HTTP/1.1" 200 858
0:0:0:0:0:0:0:1 - - [06/May/2024:10:22:37 +0200] "GET /bermecars/login.jsp HTTP/1.1" 200 2432
0:0:0:0:0:0:0:1 - - [06/May/2024:10:22:42 +0200] "POST /bermecars/login HTTP/1.1" 200 2
0:0:0:0:0:0:0:1 - - [06/May/2024:10:22:42 +0200] "GET /bermecars HTTP/1.1" 302 -
0:0:0:0:0:0:0:1 - - [06/May/2024:10:22:42 +0200] "GET /bermecars/ HTTP/1.1" 200 3908
0:0:0:0:0:0:0:1 - - [06/May/2024:10:22:42 +0200] "GET /bermecar-pictures/r8.jpeg HTTP/1.1" 304 -
0:0:0:0:0:0:0:1 - - [06/May/2024:10:22:42 +0200] "GET /bermecar-pictures/amggtr.jpeg HTTP/1.1" 304 -
0:0:0:0:0:0:0:1 - - [06/May/2024:10:22:45 +0200] "GET /bermecars/view-car.jsp?id=1 HTTP/1.1" 200 2418
127.0.0.1 - tomcat [06/May/2024:10:23:40 +0200] "PUT /manager/text/deploy?path=%2Fbermecars&update=true HTTP/1.1" 200 67
0:0:0:0:0:0:0:1 - - [06/May/2024:10:23:46 +0200] "GET /bermecars/view-car.jsp?id=1 HTTP/1.1" 200 1754
0:0:0:0:0:0:0:1 - - [06/May/2024:10:24:12 +0200] "GET /bermecars/reserve-car?id=1 HTTP/1.1" 500 1401
127.0.0.1 - tomcat [06/May/2024:10:32:27 +0200] "PUT /manager/text/deploy?path=%2Fbermecars&update=true HTTP/1.1" 200 67
0:0:0:0:0:0:0:1 - - [06/May/2024:10:32:30 +0200] "GET /bermecars/reserve-car?id=1 HTTP/1.1" 500 1401
0:0:0:0:0:0:0:1 - - [06/May/2024:10:32:31 +0200] "GET /bermecars HTTP/1.1" 302 -
0:0:0:0:0:0:0:1 - - [06/May/2024:10:32:32 +0200] "GET /bermecars/ HTTP/1.1" 200 858
0:0:0:0:0:0:0:1 - - [06/May/2024:10:32:32 +0200] "GET /bermecars/login.jsp HTTP/1.1" 200 2432
0:0:0:0:0:0:0:1 - - [06/May/2024:10:32:37 +0200] "POST /bermecars/login HTTP/1.1" 200 2
0:0:0:0:0:0:0:1 - - [06/May/2024:10:32:37 +0200] "GET /bermecars HTTP/1.1" 302 -
0:0:0:0:0:0:0:1 - - [06/May/2024:10:32:37 +0200] "GET /bermecars/ HTTP/1.1" 200 3908
0:0:0:0:0:0:0:1 - - [06/May/2024:10:32:40 +0200] "GET /bermecars/view-car.jsp?id=1 HTTP/1.1" 200 2434
0:0:0:0:0:0:0:1 - - [06/May/2024:10:32:42 +0200] "GET /bermecars/reserve-car?id=1 HTTP/1.1" 500 8858
127.0.0.1 - tomcat [06/May/2024:10:33:15 +0200] "PUT /manager/text/deploy?path=%2Fbermecars&update=true HTTP/1.1" 200 67
0:0:0:0:0:0:0:1 - - [06/May/2024:10:33:17 +0200] "GET /bermecars HTTP/1.1" 302 -
0:0:0:0:0:0:0:1 - - [06/May/2024:10:33:17 +0200] "GET /bermecars/ HTTP/1.1" 200 858
0:0:0:0:0:0:0:1 - - [06/May/2024:10:33:17 +0200] "GET /bermecars/login.jsp HTTP/1.1" 200 2432
0:0:0:0:0:0:0:1 - - [06/May/2024:10:33:21 +0200] "POST /bermecars/login HTTP/1.1" 200 2
0:0:0:0:0:0:0:1 - - [06/May/2024:10:33:21 +0200] "GET /bermecars HTTP/1.1" 302 -
0:0:0:0:0:0:0:1 - - [06/May/2024:10:33:21 +0200] "GET /bermecars/ HTTP/1.1" 200 3908
0:0:0:0:0:0:0:1 - - [06/May/2024:10:33:24 +0200] "GET /bermecars/view-car.jsp?id=1 HTTP/1.1" 200 2434
0:0:0:0:0:0:0:1 - - [06/May/2024:10:33:26 +0200] "GET /bermecars/reserve-car?id=1 HTTP/1.1" 302 -
0:0:0:0:0:0:0:1 - - [06/May/2024:10:33:26 +0200] "GET /bermecars/reservation.jsp HTTP/1.1" 200 1413
0:0:0:0:0:0:0:1 - - [06/May/2024:10:33:33 +0200] "GET /bermecars/user-profile.jsp HTTP/1.1" 500 3092
127.0.0.1 - tomcat [06/May/2024:10:37:36 +0200] "PUT /manager/text/deploy?path=%2Fbermecars&update=true HTTP/1.1" 200 97
0:0:0:0:0:0:0:1 - - [06/May/2024:10:38:36 +0200] "GET /bermecars/user-profile.jsp HTTP/1.1" 404 760
0:0:0:0:0:0:0:1 - - [06/May/2024:10:38:39 +0200] "GET /bermecars HTTP/1.1" 404 760
0:0:0:0:0:0:0:1 - - [06/May/2024:10:38:41 +0200] "GET /bermecars HTTP/1.1" 404 760
0:0:0:0:0:0:0:1 - - [06/May/2024:10:38:45 +0200] "GET /bermecars HTTP/1.1" 404 760
0:0:0:0:0:0:0:1 - - [06/May/2024:10:38:46 +0200] "GET /bermecars HTTP/1.1" 404 760
0:0:0:0:0:0:0:1 - - [06/May/2024:10:38:46 +0200] "GET /bermecars HTTP/1.1" 404 760
0:0:0:0:0:0:0:1 - - [06/May/2024:10:38:46 +0200] "GET /bermecars HTTP/1.1" 404 760
0:0:0:0:0:0:0:1 - - [06/May/2024:10:38:46 +0200] "GET /bermecars HTTP/1.1" 404 760
127.0.0.1 - tomcat [06/May/2024:10:38:54 +0200] "PUT /manager/text/deploy?path=%2Fbermecars&update=true HTTP/1.1" 200 97
0:0:0:0:0:0:0:1 - - [06/May/2024:10:39:12 +0200] "GET /bermecars HTTP/1.1" 404 760
0:0:0:0:0:0:0:1 - - [06/May/2024:10:39:12 +0200] "GET /bermecars HTTP/1.1" 404 760
0:0:0:0:0:0:0:1 - - [06/May/2024:10:41:39 +0200] "GET /bermecars HTTP/1.1" 404 760
0:0:0:0:0:0:0:1 - - [06/May/2024:10:41:40 +0200] "GET /bermecars HTTP/1.1" 404 760
127.0.0.1 - tomcat [06/May/2024:10:41:54 +0200] "PUT /manager/text/deploy?path=%2Fbermecars&update=true HTTP/1.1" 200 97
0:0:0:0:0:0:0:1 - - [06/May/2024:10:42:02 +0200] "GET /bermecars HTTP/1.1" 404 760
0:0:0:0:0:0:0:1 - - [06/May/2024:10:42:04 +0200] "GET /bermecars HTTP/1.1" 404 760
127.0.0.1 - tomcat [06/May/2024:10:42:27 +0200] "PUT /manager/text/deploy?path=%2Fbermecars&update=true HTTP/1.1" 200 97
0:0:0:0:0:0:0:1 - - [06/May/2024:10:42:30 +0200] "GET /bermecars HTTP/1.1" 404 760
0:0:0:0:0:0:0:1 - - [06/May/2024:10:42:31 +0200] "GET /bermecars HTTP/1.1" 404 760
0:0:0:0:0:0:0:1 - - [06/May/2024:10:42:31 +0200] "GET /bermecars HTTP/1.1" 404 760
127.0.0.1 - tomcat [06/May/2024:10:42:56 +0200] "PUT /manager/text/deploy?path=%2Fbermecars&update=true HTTP/1.1" 200 97
0:0:0:0:0:0:0:1 - - [06/May/2024:10:43:18 +0200] "GET /bermecars HTTP/1.1" 404 760
0:0:0:0:0:0:0:1 - - [06/May/2024:10:43:19 +0200] "GET /bermecars HTTP/1.1" 404 760
0:0:0:0:0:0:0:1 - - [06/May/2024:10:43:19 +0200] "GET /bermecars HTTP/1.1" 404 760
0:0:0:0:0:0:0:1 - - [06/May/2024:10:43:19 +0200] "GET /bermecars HTTP/1.1" 404 760
127.0.0.1 - tomcat [06/May/2024:10:47:39 +0200] "PUT /manager/text/deploy?path=%2Fbermecars&update=true HTTP/1.1" 200 97
0:0:0:0:0:0:0:1 - - [06/May/2024:10:48:13 +0200] "GET /bermecars HTTP/1.1" 404 760
0:0:0:0:0:0:0:1 - - [06/May/2024:10:48:14 +0200] "GET /bermecars HTTP/1.1" 404 760
0:0:0:0:0:0:0:1 - - [06/May/2024:10:48:15 +0200] "GET /bermecars HTTP/1.1" 404 760
127.0.0.1 - tomcat [06/May/2024:10:48:21 +0200] "PUT /manager/text/deploy?path=%2Fbermecars&update=true HTTP/1.1" 200 97
0:0:0:0:0:0:0:1 - - [06/May/2024:10:48:37 +0200] "GET /bermecars HTTP/1.1" 404 760
0:0:0:0:0:0:0:1 - - [06/May/2024:10:48:38 +0200] "GET /bermecars HTTP/1.1" 404 760
0:0:0:0:0:0:0:1 - - [06/May/2024:10:48:38 +0200] "GET /bermecars HTTP/1.1" 404 760
0:0:0:0:0:0:0:1 - - [06/May/2024:10:48:38 +0200] "GET /bermecars HTTP/1.1" 404 760
0:0:0:0:0:0:0:1 - - [06/May/2024:10:48:38 +0200] "GET /bermecars HTTP/1.1" 404 760
127.0.0.1 - tomcat [06/May/2024:10:51:26 +0200] "PUT /manager/text/deploy?path=%2Fbermecars&update=true HTTP/1.1" 200 97
0:0:0:0:0:0:0:1 - - [06/May/2024:10:51:31 +0200] "GET /bermecars HTTP/1.1" 404 760
0:0:0:0:0:0:0:1 - - [06/May/2024:10:51:32 +0200] "GET /bermecars HTTP/1.1" 404 760
0:0:0:0:0:0:0:1 - - [06/May/2024:10:51:32 +0200] "GET /bermecars HTTP/1.1" 404 760
0:0:0:0:0:0:0:1 - - [06/May/2024:10:51:32 +0200] "GET /bermecars HTTP/1.1" 404 760
0:0:0:0:0:0:0:1 - - [06/May/2024:10:51:34 +0200] "GET /bermecars HTTP/1.1" 404 760
127.0.0.1 - tomcat [06/May/2024:10:53:34 +0200] "PUT /manager/text/deploy?path=%2Fbermecars&update=true HTTP/1.1" 200 97
0:0:0:0:0:0:0:1 - - [06/May/2024:10:53:36 +0200] "GET /bermecars HTTP/1.1" 404 760
127.0.0.1 - tomcat [06/May/2024:10:53:55 +0200] "PUT /manager/text/deploy?path=%2Fbermecars HTTP/1.1" 200 67
127.0.0.1 - tomcat [06/May/2024:10:53:55 +0200] "PUT /manager/text/deploy?path=%2Fbermecars HTTP/1.1" 200 67
127.0.0.1 - tomcat [06/May/2024:10:53:57 +0200] "PUT /manager/text/deploy?path=%2Fbermecars HTTP/1.1" 200 67
127.0.0.1 - tomcat [06/May/2024:10:53:58 +0200] "PUT /manager/text/deploy?path=%2Fbermecars HTTP/1.1" 200 67
127.0.0.1 - tomcat [06/May/2024:10:54:07 +0200] "PUT /manager/text/deploy?path=%2Fbermecars&update=true HTTP/1.1" 200 97
0:0:0:0:0:0:0:1 - - [06/May/2024:10:54:38 +0200] "GET /bermecars HTTP/1.1" 404 760
0:0:0:0:0:0:0:1 - - [06/May/2024:10:54:39 +0200] "GET /bermecars HTTP/1.1" 404 760
0:0:0:0:0:0:0:1 - - [06/May/2024:10:54:39 +0200] "GET /bermecars HTTP/1.1" 404 760
0:0:0:0:0:0:0:1 - - [06/May/2024:10:54:39 +0200] "GET /bermecars HTTP/1.1" 404 760
127.0.0.1 - tomcat [06/May/2024:10:57:13 +0200] "PUT /manager/text/deploy?path=%2Fbermecars&update=true HTTP/1.1" 200 97
0:0:0:0:0:0:0:1 - - [06/May/2024:10:57:19 +0200] "GET /bermecars HTTP/1.1" 404 760
0:0:0:0:0:0:0:1 - - [06/May/2024:10:57:20 +0200] "GET /bermecars HTTP/1.1" 404 760
0:0:0:0:0:0:0:1 - - [06/May/2024:10:57:20 +0200] "GET /bermecars HTTP/1.1" 404 760
0:0:0:0:0:0:0:1 - - [06/May/2024:10:57:20 +0200] "GET /bermecars HTTP/1.1" 404 760
0:0:0:0:0:0:0:1 - - [06/May/2024:10:57:20 +0200] "GET /bermecars HTTP/1.1" 404 760
127.0.0.1 - tomcat [06/May/2024:10:57:42 +0200] "PUT /manager/text/deploy?path=%2Fbermecars&update=true HTTP/1.1" 200 97
127.0.0.1 - tomcat [06/May/2024:11:03:10 +0200] "PUT /manager/text/deploy?path=%2Fbermecars&update=true HTTP/1.1" 200 97
0:0:0:0:0:0:0:1 - - [06/May/2024:11:03:11 +0200] "GET /bermecars HTTP/1.1" 404 760
0:0:0:0:0:0:0:1 - - [06/May/2024:11:03:13 +0200] "GET /bermecars HTTP/1.1" 404 760
0:0:0:0:0:0:0:1 - - [06/May/2024:11:03:14 +0200] "GET /bermecars HTTP/1.1" 404 760
127.0.0.1 - tomcat [06/May/2024:11:08:00 +0200] "PUT /manager/text/deploy?path=%2Fbermecars&update=true HTTP/1.1" 200 97
0:0:0:0:0:0:0:1 - - [06/May/2024:11:10:15 +0200] "GET /bermecars HTTP/1.1" 404 760
127.0.0.1 - tomcat [06/May/2024:15:08:34 +0200] "PUT /manager/text/deploy?path=%2Fbermecars&update=true HTTP/1.1" 200 97
0:0:0:0:0:0:0:1 - - [06/May/2024:15:08:43 +0200] "GET /bermecars HTTP/1.1" 404 760
0:0:0:0:0:0:0:1 - - [06/May/2024:15:08:45 +0200] "GET /bermecars HTTP/1.1" 404 760
127.0.0.1 - tomcat [06/May/2024:15:09:27 +0200] "PUT /manager/text/deploy?path=%2Fbermecars&update=true HTTP/1.1" 200 97
0:0:0:0:0:0:0:1 - - [06/May/2024:15:09:29 +0200] "GET /bermecars HTTP/1.1" 404 760
0:0:0:0:0:0:0:1 - - [06/May/2024:15:09:30 +0200] "GET /bermecars HTTP/1.1" 404 760
127.0.0.1 - tomcat [06/May/2024:15:11:47 +0200] "PUT /manager/text/deploy?path=%2Fbermecars&update=true HTTP/1.1" 200 97
127.0.0.1 - tomcat [06/May/2024:15:29:35 +0200] "PUT /manager/text/deploy?path=%2Fbermecars&update=true HTTP/1.1" 200 97
0:0:0:0:0:0:0:1 - - [06/May/2024:15:29:47 +0200] "GET /bermecars HTTP/1.1" 404 760
0:0:0:0:0:0:0:1 - - [06/May/2024:15:29:47 +0200] "GET /bermecars HTTP/1.1" 404 760
0:0:0:0:0:0:0:1 - - [06/May/2024:15:29:48 +0200] "GET /bermecars HTTP/1.1" 404 760
0:0:0:0:0:0:0:1 - - [06/May/2024:15:29:48 +0200] "GET /bermecars HTTP/1.1" 404 760
127.0.0.1 - tomcat [06/May/2024:15:34:35 +0200] "PUT /manager/text/deploy?path=%2Fbermecars&update=true HTTP/1.1" 200 97
127.0.0.1 - tomcat [06/May/2024:15:34:45 +0200] "PUT /manager/text/deploy?path=%2Fbermecars HTTP/1.1" 200 67
127.0.0.1 - tomcat [06/May/2024:15:34:46 +0200] "PUT /manager/text/deploy?path=%2Fbermecars HTTP/1.1" 200 67
127.0.0.1 - tomcat [06/May/2024:15:34:47 +0200] "PUT /manager/text/deploy?path=%2Fbermecars HTTP/1.1" 200 67
127.0.0.1 - tomcat [06/May/2024:15:34:48 +0200] "PUT /manager/text/deploy?path=%2Fbermecars HTTP/1.1" 200 67
127.0.0.1 - tomcat [06/May/2024:15:40:46 +0200] "PUT /manager/text/deploy?path=%2Fbermecars&update=true HTTP/1.1" 200 97
0:0:0:0:0:0:0:1 - - [06/May/2024:15:40:51 +0200] "GET /bermecars HTTP/1.1" 404 760
0:0:0:0:0:0:0:1 - - [06/May/2024:15:40:51 +0200] "GET /bermecars HTTP/1.1" 404 760
0:0:0:0:0:0:0:1 - - [06/May/2024:15:40:52 +0200] "GET /bermecars HTTP/1.1" 404 760
0:0:0:0:0:0:0:1 - - [06/May/2024:15:40:52 +0200] "GET /bermecars HTTP/1.1" 404 760
0:0:0:0:0:0:0:1 - - [06/May/2024:15:40:52 +0200] "GET /bermecars HTTP/1.1" 404 760
127.0.0.1 - tomcat [06/May/2024:15:41:21 +0200] "GET /manager/text/undeploy?path=%2Fbermecars HTTP/1.1" 200 69
127.0.0.1 - tomcat [06/May/2024:15:41:31 +0200] "PUT /manager/text/deploy?path=%2Fbermecars HTTP/1.1" 200 97
127.0.0.1 - tomcat [06/May/2024:15:42:35 +0200] "PUT /manager/text/deploy?path=%2Fbermecars HTTP/1.1" 200 67
127.0.0.1 - tomcat [06/May/2024:15:42:36 +0200] "PUT /manager/text/deploy?path=%2Fbermecars HTTP/1.1" 200 67
127.0.0.1 - tomcat [06/May/2024:15:42:37 +0200] "PUT /manager/text/deploy?path=%2Fbermecars HTTP/1.1" 200 67
127.0.0.1 - tomcat [06/May/2024:15:42:38 +0200] "PUT /manager/text/deploy?path=%2Fbermecars HTTP/1.1" 200 67
127.0.0.1 - tomcat [06/May/2024:15:42:48 +0200] "PUT /manager/text/deploy?path=%2Fbermecars&update=true HTTP/1.1" 200 97
127.0.0.1 - tomcat [06/May/2024:15:43:31 +0200] "PUT /manager/text/deploy?path=%2Fbermecars&update=true HTTP/1.1" 200 97
127.0.0.1 - tomcat [06/May/2024:15:44:41 +0200] "PUT /manager/text/deploy?path=%2Fbermecars&update=true HTTP/1.1" 200 97
127.0.0.1 - tomcat [06/May/2024:15:50:48 +0200] "PUT /manager/text/deploy?path=%2Fbermecars&update=true HTTP/1.1" 200 97
127.0.0.1 - tomcat [06/May/2024:15:50:56 +0200] "PUT /manager/text/deploy?path=%2Fbermecars HTTP/1.1" 200 67
127.0.0.1 - tomcat [06/May/2024:15:50:57 +0200] "PUT /manager/text/deploy?path=%2Fbermecars HTTP/1.1" 200 67
127.0.0.1 - tomcat [06/May/2024:15:50:58 +0200] "PUT /manager/text/deploy?path=%2Fbermecars HTTP/1.1" 200 67
127.0.0.1 - tomcat [06/May/2024:15:50:59 +0200] "PUT /manager/text/deploy?path=%2Fbermecars HTTP/1.1" 200 67
127.0.0.1 - tomcat [06/May/2024:15:52:38 +0200] "PUT /manager/text/deploy?path=%2Fbermecars&update=true HTTP/1.1" 200 97
127.0.0.1 - tomcat [06/May/2024:15:53:51 +0200] "PUT /manager/text/deploy?path=%2Fbermecars&update=true HTTP/1.1" 200 97
127.0.0.1 - tomcat [06/May/2024:15:57:49 +0200] "PUT /manager/text/deploy?path=%2Fbermecars&update=true HTTP/1.1" 200 97
0:0:0:0:0:0:0:1 - - [06/May/2024:15:57:59 +0200] "GET /bermecars HTTP/1.1" 404 760
0:0:0:0:0:0:0:1 - - [06/May/2024:15:58:00 +0200] "GET /bermecars HTTP/1.1" 404 760
0:0:0:0:0:0:0:1 - - [06/May/2024:15:58:00 +0200] "GET /bermecars HTTP/1.1" 404 760
0:0:0:0:0:0:0:1 - - [06/May/2024:15:58:00 +0200] "GET /bermecars HTTP/1.1" 404 760
0:0:0:0:0:0:0:1 - - [06/May/2024:15:58:00 +0200] "GET /bermecars HTTP/1.1" 404 760
0:0:0:0:0:0:0:1 - - [06/May/2024:15:58:00 +0200] "GET /bermecars HTTP/1.1" 404 760
0:0:0:0:0:0:0:1 - - [06/May/2024:15:58:01 +0200] "GET /bermecars HTTP/1.1" 404 760
0:0:0:0:0:0:0:1 - - [06/May/2024:15:58:01 +0200] "GET /bermecars HTTP/1.1" 404 760
0:0:0:0:0:0:0:1 - - [06/May/2024:15:58:01 +0200] "GET /bermecars HTTP/1.1" 404 760
0:0:0:0:0:0:0:1 - - [06/May/2024:15:58:01 +0200] "GET /bermecars HTTP/1.1" 404 760
0:0:0:0:0:0:0:1 - - [06/May/2024:15:59:21 +0200] "GET /bermecars HTTP/1.1" 404 760
0:0:0:0:0:0:0:1 - - [06/May/2024:15:59:21 +0200] "GET /bermecars HTTP/1.1" 404 760
0:0:0:0:0:0:0:1 - - [06/May/2024:15:59:21 +0200] "GET /bermecars HTTP/1.1" 404 760
0:0:0:0:0:0:0:1 - - [06/May/2024:15:59:22 +0200] "GET /bermecars HTTP/1.1" 404 760
0:0:0:0:0:0:0:1 - - [06/May/2024:15:59:22 +0200] "GET /bermecars HTTP/1.1" 404 760
127.0.0.1 - tomcat [06/May/2024:15:59:29 +0200] "PUT /manager/text/deploy?path=%2Fbermecars&update=true HTTP/1.1" 200 97
127.0.0.1 - tomcat [06/May/2024:19:45:53 +0200] "PUT /manager/text/deploy?path=%2Fbermecars&update=true HTTP/1.1" 200 97
127.0.0.1 - tomcat [06/May/2024:19:55:56 +0200] "PUT /manager/text/deploy?path=%2Fbermecars&update=true HTTP/1.1" 200 97
127.0.0.1 - tomcat [06/May/2024:20:13:52 +0200] "PUT /manager/text/deploy?path=%2Fbermecars HTTP/1.1" 200 67
127.0.0.1 - tomcat [06/May/2024:20:13:53 +0200] "PUT /manager/text/deploy?path=%2Fbermecars HTTP/1.1" 200 67
127.0.0.1 - tomcat [06/May/2024:20:13:54 +0200] "PUT /manager/text/deploy?path=%2Fbermecars HTTP/1.1" 200 67
127.0.0.1 - tomcat [06/May/2024:20:13:55 +0200] "PUT /manager/text/deploy?path=%2Fbermecars HTTP/1.1" 200 67
127.0.0.1 - tomcat [06/May/2024:20:14:07 +0200] "PUT /manager/text/deploy?path=%2Fbermecars&update=true HTTP/1.1" 200 97
127.0.0.1 - tomcat [06/May/2024:20:14:17 +0200] "PUT /manager/text/deploy?path=%2Fbermecars HTTP/1.1" 200 67
127.0.0.1 - tomcat [06/May/2024:20:14:18 +0200] "PUT /manager/text/deploy?path=%2Fbermecars HTTP/1.1" 200 67
127.0.0.1 - tomcat [06/May/2024:20:14:19 +0200] "PUT /manager/text/deploy?path=%2Fbermecars HTTP/1.1" 200 67
127.0.0.1 - tomcat [06/May/2024:20:14:20 +0200] "PUT /manager/text/deploy?path=%2Fbermecars HTTP/1.1" 200 67
127.0.0.1 - tomcat [06/May/2024:20:19:40 +0200] "PUT /manager/text/deploy?path=%2Fbermecars&update=true HTTP/1.1" 200 97
127.0.0.1 - tomcat [06/May/2024:20:23:02 +0200] "PUT /manager/text/deploy?path=%2Fbermecars&update=true HTTP/1.1" 200 97
127.0.0.1 - tomcat [06/May/2024:20:25:14 +0200] "PUT /manager/text/deploy?path=%2Fbermecars&update=true HTTP/1.1" 200 97
127.0.0.1 - tomcat [06/May/2024:20:27:46 +0200] "PUT /manager/text/deploy?path=%2Fbermecars&update=true HTTP/1.1" 200 97
127.0.0.1 - tomcat [06/May/2024:20:30:51 +0200] "PUT /manager/text/deploy?path=%2Fbermecars&update=true HTTP/1.1" 200 97
127.0.0.1 - tomcat [06/May/2024:20:38:15 +0200] "PUT /manager/text/deploy?path=%2Fbermecars&update=true HTTP/1.1" 200 97
127.0.0.1 - tomcat [06/May/2024:20:39:32 +0200] "PUT /manager/text/deploy?path=%2Fbermecars&update=true HTTP/1.1" 200 97
127.0.0.1 - tomcat [06/May/2024:20:53:00 +0200] "PUT /manager/text/deploy?path=%2Fbermecars&update=true HTTP/1.1" 200 97
127.0.0.1 - tomcat [06/May/2024:21:06:54 +0200] "PUT /manager/text/deploy?path=%2Fbermecars HTTP/1.1" 200 67
127.0.0.1 - tomcat [06/May/2024:21:06:55 +0200] "PUT /manager/text/deploy?path=%2Fbermecars HTTP/1.1" 200 67
127.0.0.1 - tomcat [06/May/2024:21:06:56 +0200] "PUT /manager/text/deploy?path=%2Fbermecars HTTP/1.1" 200 67
127.0.0.1 - tomcat [06/May/2024:21:06:57 +0200] "PUT /manager/text/deploy?path=%2Fbermecars HTTP/1.1" 200 67
127.0.0.1 - tomcat [06/May/2024:21:07:51 +0200] "PUT /manager/text/deploy?path=%2Fbermecars HTTP/1.1" 200 67
127.0.0.1 - tomcat [06/May/2024:21:07:53 +0200] "PUT /manager/text/deploy?path=%2Fbermecars HTTP/1.1" 200 67
127.0.0.1 - tomcat [06/May/2024:21:07:54 +0200] "PUT /manager/text/deploy?path=%2Fbermecars HTTP/1.1" 200 67
127.0.0.1 - tomcat [06/May/2024:21:07:55 +0200] "PUT /manager/text/deploy?path=%2Fbermecars HTTP/1.1" 200 67
127.0.0.1 - tomcat [06/May/2024:21:08:11 +0200] "GET /manager/text/undeploy?path=%2Fbermecars HTTP/1.1" 200 69
0:0:0:0:0:0:0:1 - - [06/May/2024:21:08:14 +0200] "GET /bermecars HTTP/1.1" 404 760
0:0:0:0:0:0:0:1 - - [06/May/2024:21:08:16 +0200] "GET /bermecars HTTP/1.1" 404 760
127.0.0.1 - tomcat [06/May/2024:21:08:22 +0200] "PUT /manager/text/deploy?path=%2Fbermecars HTTP/1.1" 200 97
127.0.0.1 - tomcat [06/May/2024:21:46:45 +0200] "PUT /manager/text/deploy?path=%2Fbermecars HTTP/1.1" 200 67
127.0.0.1 - tomcat [06/May/2024:21:46:46 +0200] "PUT /manager/text/deploy?path=%2Fbermecars HTTP/1.1" 200 67
127.0.0.1 - tomcat [06/May/2024:21:46:47 +0200] "PUT /manager/text/deploy?path=%2Fbermecars HTTP/1.1" 200 67
127.0.0.1 - tomcat [06/May/2024:21:46:48 +0200] "PUT /manager/text/deploy?path=%2Fbermecars HTTP/1.1" 200 67
127.0.0.1 - tomcat [06/May/2024:21:47:27 +0200] "PUT /manager/text/deploy?path=%2Fbermecars&update=true HTTP/1.1" 200 67
0:0:0:0:0:0:0:1 - - [06/May/2024:21:47:47 +0200] "GET /bermecars HTTP/1.1" 302 -
0:0:0:0:0:0:0:1 - - [06/May/2024:21:47:48 +0200] "GET /bermecars/ HTTP/1.1" 200 858
0:0:0:0:0:0:0:1 - - [06/May/2024:21:47:48 +0200] "GET /bermecars/login.jsp HTTP/1.1" 200 2432
0:0:0:0:0:0:0:1 - - [06/May/2024:21:57:52 +0200] "POST /bermecars/login HTTP/1.1" 200 2
0:0:0:0:0:0:0:1 - - [06/May/2024:21:57:52 +0200] "GET /bermecars HTTP/1.1" 302 -
0:0:0:0:0:0:0:1 - - [06/May/2024:21:57:53 +0200] "GET /bermecars/ HTTP/1.1" 200 3908
0:0:0:0:0:0:0:1 - - [06/May/2024:21:57:53 +0200] "GET /bermecar-pictures/amggtr.jpeg HTTP/1.1" 304 -
0:0:0:0:0:0:0:1 - - [06/May/2024:21:57:53 +0200] "GET /bermecar-pictures/r8.jpeg HTTP/1.1" 304 -
0:0:0:0:0:0:0:1 - - [06/May/2024:21:57:56 +0200] "GET /bermecars/view-car.jsp?id=2 HTTP/1.1" 200 2446
0:0:0:0:0:0:0:1 - - [06/May/2024:21:57:57 +0200] "GET /bermecars/reservecar?id=2 HTTP/1.1" 302 -
0:0:0:0:0:0:0:1 - - [06/May/2024:21:57:57 +0200] "GET /bermecars/reservation.jsp HTTP/1.1" 200 1413
0:0:0:0:0:0:0:1 - - [06/May/2024:21:58:00 +0200] "GET /bermecars HTTP/1.1" 302 -
0:0:0:0:0:0:0:1 - - [06/May/2024:21:58:00 +0200] "GET /bermecars/ HTTP/1.1" 200 3908
0:0:0:0:0:0:0:1 - - [06/May/2024:21:58:09 +0200] "GET /bermecars/?search=Au HTTP/1.1" 200 3228
127.0.0.1 - tomcat [06/May/2024:22:03:10 +0200] "PUT /manager/text/deploy?path=%2Fbermecars&update=true HTTP/1.1" 200 67
0:0:0:0:0:0:0:1 - - [06/May/2024:22:03:13 +0200] "GET /bermecars HTTP/1.1" 302 -
0:0:0:0:0:0:0:1 - - [06/May/2024:22:03:13 +0200] "GET /bermecars/ HTTP/1.1" 200 858
0:0:0:0:0:0:0:1 - - [06/May/2024:22:03:13 +0200] "GET /bermecars/login.jsp HTTP/1.1" 200 2432
0:0:0:0:0:0:0:1 - - [06/May/2024:22:03:19 +0200] "GET /bermecars/register.jsp HTTP/1.1" 200 2440
0:0:0:0:0:0:0:1 - - [06/May/2024:22:03:40 +0200] "POST /bermecars/register HTTP/1.1" 200 2
0:0:0:0:0:0:0:1 - - [06/May/2024:22:03:40 +0200] "GET /bermecars HTTP/1.1" 302 -
0:0:0:0:0:0:0:1 - - [06/May/2024:22:03:40 +0200] "GET /bermecars/ HTTP/1.1" 200 3908
0:0:0:0:0:0:0:1 - - [06/May/2024:22:04:01 +0200] "GET /bermecars/view-car.jsp?id=2 HTTP/1.1" 200 2446
0:0:0:0:0:0:0:1 - - [06/May/2024:22:04:08 +0200] "GET /bermecars/?search=Mer HTTP/1.1" 200 3241
0:0:0:0:0:0:0:1 - - [06/May/2024:22:04:12 +0200] "GET /bermecars/?search=Aud HTTP/1.1" 200 3228
0:0:0:0:0:0:0:1 - - [06/May/2024:22:04:17 +0200] "GET /bermecars/view-car.jsp?id=1 HTTP/1.1" 200 2433
0:0:0:0:0:0:0:1 - - [06/May/2024:22:04:20 +0200] "GET /bermecars/reservecar?id=1 HTTP/1.1" 302 -
0:0:0:0:0:0:0:1 - - [06/May/2024:22:04:20 +0200] "GET /bermecars/reservation.jsp HTTP/1.1" 200 1415
0:0:0:0:0:0:0:1 - - [06/May/2024:22:04:24 +0200] "GET /bermecars/logout HTTP/1.1" 302 -
0:0:0:0:0:0:0:1 - - [06/May/2024:22:04:24 +0200] "GET /bermecars HTTP/1.1" 302 -
0:0:0:0:0:0:0:1 - - [06/May/2024:22:04:24 +0200] "GET /bermecars/ HTTP/1.1" 200 858
0:0:0:0:0:0:0:1 - - [06/May/2024:22:04:24 +0200] "GET /bermecars/login.jsp HTTP/1.1" 200 2432
0:0:0:0:0:0:0:1 - - [06/May/2024:22:04:35 +0200] "GET /bermecars HTTP/1.1" 302 -
0:0:0:0:0:0:0:1 - - [06/May/2024:22:04:35 +0200] "GET /bermecars/ HTTP/1.1" 200 858
0:0:0:0:0:0:0:1 - - [06/May/2024:22:04:35 +0200] "GET /bermecars/login.jsp HTTP/1.1" 200 2432
0:0:0:0:0:0:0:1 - - [06/May/2024:22:04:44 +0200] "POST /bermecars/login HTTP/1.1" 200 2
0:0:0:0:0:0:0:1 - - [06/May/2024:22:04:44 +0200] "GET /bermecars HTTP/1.1" 302 -
0:0:0:0:0:0:0:1 - - [06/May/2024:22:04:44 +0200] "GET /bermecars/ HTTP/1.1" 200 3908
127.0.0.1 - tomcat [06/May/2024:22:11:42 +0200] "PUT /manager/text/deploy?path=%2Fbermecars&update=true HTTP/1.1" 200 67
0:0:0:0:0:0:0:1 - - [06/May/2024:22:11:48 +0200] "GET /bermecars/ HTTP/1.1" 200 858
0:0:0:0:0:0:0:1 - - [06/May/2024:22:11:48 +0200] "GET /bermecars/login.jsp HTTP/1.1" 200 2432
0:0:0:0:0:0:0:1 - - [06/May/2024:22:11:54 +0200] "POST /bermecars/login HTTP/1.1" 200 2
0:0:0:0:0:0:0:1 - - [06/May/2024:22:11:54 +0200] "POST /bermecars/login HTTP/1.1" 200 2
0:0:0:0:0:0:0:1 - - [06/May/2024:22:11:54 +0200] "GET /bermecars HTTP/1.1" 302 -
0:0:0:0:0:0:0:1 - - [06/May/2024:22:11:54 +0200] "GET /bermecars/ HTTP/1.1" 200 3908
0:0:0:0:0:0:0:1 - - [06/May/2024:22:11:56 +0200] "GET /bermecars/view-car.jsp?id=2 HTTP/1.1" 200 2446
0:0:0:0:0:0:0:1 - - [06/May/2024:22:11:57 +0200] "GET /bermecars/reservecar?id=2 HTTP/1.1" 302 -
0:0:0:0:0:0:0:1 - - [06/May/2024:22:11:57 +0200] "GET /bermecars/reservation.jsp HTTP/1.1" 500 2518
127.0.0.1 - tomcat [06/May/2024:22:12:12 +0200] "PUT /manager/text/deploy?path=%2Fbermecars&update=true HTTP/1.1" 200 67
0:0:0:0:0:0:0:1 - - [06/May/2024:22:12:15 +0200] "GET /bermecars/reservation.jsp HTTP/1.1" 500 5191
0:0:0:0:0:0:0:1 - - [06/May/2024:22:12:18 +0200] "GET /bermecars HTTP/1.1" 302 -
0:0:0:0:0:0:0:1 - - [06/May/2024:22:12:18 +0200] "GET /bermecars/ HTTP/1.1" 200 858
0:0:0:0:0:0:0:1 - - [06/May/2024:22:12:18 +0200] "GET /bermecars/login.jsp HTTP/1.1" 200 2432
0:0:0:0:0:0:0:1 - - [06/May/2024:22:12:22 +0200] "GET /bermecars HTTP/1.1" 302 -
0:0:0:0:0:0:0:1 - - [06/May/2024:22:12:22 +0200] "GET /bermecars/ HTTP/1.1" 200 858
0:0:0:0:0:0:0:1 - - [06/May/2024:22:12:22 +0200] "GET /bermecars/login.jsp HTTP/1.1" 200 2432
0:0:0:0:0:0:0:1 - - [06/May/2024:22:12:38 +0200] "GET /bermecars HTTP/1.1" 302 -
0:0:0:0:0:0:0:1 - - [06/May/2024:22:12:38 +0200] "GET /bermecars/ HTTP/1.1" 200 858
0:0:0:0:0:0:0:1 - - [06/May/2024:22:12:38 +0200] "GET /bermecars/login.jsp HTTP/1.1" 200 2432
0:0:0:0:0:0:0:1 - - [06/May/2024:22:12:43 +0200] "POST /bermecars/login HTTP/1.1" 200 2
0:0:0:0:0:0:0:1 - - [06/May/2024:22:12:43 +0200] "POST /bermecars/login HTTP/1.1" 200 2
0:0:0:0:0:0:0:1 - - [06/May/2024:22:12:43 +0200] "GET /bermecars HTTP/1.1" 302 -
0:0:0:0:0:0:0:1 - - [06/May/2024:22:12:43 +0200] "GET /bermecars/ HTTP/1.1" 200 3908
0:0:0:0:0:0:0:1 - - [06/May/2024:22:12:46 +0200] "GET /bermecars/view-car.jsp?id=2 HTTP/1.1" 200 2446
0:0:0:0:0:0:0:1 - - [06/May/2024:22:12:48 +0200] "GET /bermecars/reservecar?id=2 HTTP/1.1" 302 -
0:0:0:0:0:0:0:1 - - [06/May/2024:22:12:48 +0200] "GET /bermecars/reservation.jsp HTTP/1.1" 500 5191
127.0.0.1 - tomcat [06/May/2024:22:13:32 +0200] "PUT /manager/text/deploy?path=%2Fbermecars&update=true HTTP/1.1" 200 67
0:0:0:0:0:0:0:1 - - [06/May/2024:22:13:36 +0200] "GET /bermecars HTTP/1.1" 302 -
0:0:0:0:0:0:0:1 - - [06/May/2024:22:13:36 +0200] "GET /bermecars/ HTTP/1.1" 200 858
0:0:0:0:0:0:0:1 - - [06/May/2024:22:13:36 +0200] "GET /bermecars/login.jsp HTTP/1.1" 200 2432
0:0:0:0:0:0:0:1 - - [06/May/2024:22:13:44 +0200] "POST /bermecars/login HTTP/1.1" 200 2
0:0:0:0:0:0:0:1 - - [06/May/2024:22:13:44 +0200] "POST /bermecars/login HTTP/1.1" 200 73
0:0:0:0:0:0:0:1 - - [06/May/2024:22:13:44 +0200] "GET /bermecars HTTP/1.1" 302 -
0:0:0:0:0:0:0:1 - - [06/May/2024:22:13:44 +0200] "GET /bermecars/ HTTP/1.1" 200 3908
0:0:0:0:0:0:0:1 - - [06/May/2024:22:13:46 +0200] "GET /bermecars/view-car.jsp?id=2 HTTP/1.1" 200 2446
0:0:0:0:0:0:0:1 - - [06/May/2024:22:13:47 +0200] "GET /bermecars/reservecar?id=2 HTTP/1.1" 302 -
0:0:0:0:0:0:0:1 - - [06/May/2024:22:13:47 +0200] "GET /bermecars/reservation.jsp HTTP/1.1" 500 5185
127.0.0.1 - tomcat [06/May/2024:22:14:34 +0200] "PUT /manager/text/deploy?path=%2Fbermecars HTTP/1.1" 200 67
127.0.0.1 - tomcat [06/May/2024:22:14:35 +0200] "PUT /manager/text/deploy?path=%2Fbermecars HTTP/1.1" 200 67
127.0.0.1 - tomcat [06/May/2024:22:14:36 +0200] "PUT /manager/text/deploy?path=%2Fbermecars HTTP/1.1" 200 67
127.0.0.1 - tomcat [06/May/2024:22:14:37 +0200] "PUT /manager/text/deploy?path=%2Fbermecars HTTP/1.1" 200 67
127.0.0.1 - tomcat [06/May/2024:22:14:50 +0200] "PUT /manager/text/deploy?path=%2Fbermecars&update=true HTTP/1.1" 200 67
0:0:0:0:0:0:0:1 - - [06/May/2024:22:14:54 +0200] "GET /bermecars/reservation.jsp HTTP/1.1" 500 5257
0:0:0:0:0:0:0:1 - - [06/May/2024:22:14:55 +0200] "GET /bermecars/reservation.jsp HTTP/1.1" 500 2862
0:0:0:0:0:0:0:1 - - [06/May/2024:22:14:56 +0200] "GET /bermecars/reservation.jsp HTTP/1.1" 500 2862
0:0:0:0:0:0:0:1 - - [06/May/2024:22:14:57 +0200] "GET /bermecars HTTP/1.1" 302 -
0:0:0:0:0:0:0:1 - - [06/May/2024:22:14:57 +0200] "GET /bermecars/ HTTP/1.1" 200 858
0:0:0:0:0:0:0:1 - - [06/May/2024:22:14:57 +0200] "GET /bermecars/login.jsp HTTP/1.1" 200 2432
0:0:0:0:0:0:0:1 - - [06/May/2024:22:15:02 +0200] "POST /bermecars/login HTTP/1.1" 200 73
0:0:0:0:0:0:0:1 - - [06/May/2024:22:15:02 +0200] "POST /bermecars/login HTTP/1.1" 200 2
0:0:0:0:0:0:0:1 - - [06/May/2024:22:15:02 +0200] "GET /bermecars HTTP/1.1" 302 -
0:0:0:0:0:0:0:1 - - [06/May/2024:22:15:03 +0200] "GET /bermecars/ HTTP/1.1" 200 3908
0:0:0:0:0:0:0:1 - - [06/May/2024:22:15:05 +0200] "GET /bermecars/view-car.jsp?id=2 HTTP/1.1" 200 2446
0:0:0:0:0:0:0:1 - - [06/May/2024:22:15:06 +0200] "GET /bermecars/reservecar?id=2 HTTP/1.1" 302 -
0:0:0:0:0:0:0:1 - - [06/May/2024:22:15:06 +0200] "GET /bermecars/reservation.jsp HTTP/1.1" 500 5257
0:0:0:0:0:0:0:1 - - [06/May/2024:22:16:53 +0200] "GET /bermecars/reservation.jsp HTTP/1.1" 500 5257
0:0:0:0:0:0:0:1 - - [06/May/2024:22:16:55 +0200] "GET /bermecars/user-profile.jsp HTTP/1.1" 500 4088
0:0:0:0:0:0:0:1 - - [06/May/2024:22:17:12 +0200] "GET /bermecars HTTP/1.1" 404 760
127.0.0.1 - tomcat [06/May/2024:22:17:13 +0200] "PUT /manager/text/deploy?path=%2Fbermecars&update=true HTTP/1.1" 200 67
0:0:0:0:0:0:0:1 - - [06/May/2024:22:17:14 +0200] "GET /bermecars HTTP/1.1" 302 -
0:0:0:0:0:0:0:1 - - [06/May/2024:22:17:14 +0200] "GET /bermecars/ HTTP/1.1" 200 858
0:0:0:0:0:0:0:1 - - [06/May/2024:22:17:14 +0200] "GET /bermecars/login.jsp HTTP/1.1" 200 2432
0:0:0:0:0:0:0:1 - - [06/May/2024:22:17:18 +0200] "POST /bermecars/login HTTP/1.1" 200 73
0:0:0:0:0:0:0:1 - - [06/May/2024:22:17:20 +0200] "POST /bermecars/login HTTP/1.1" 200 2
0:0:0:0:0:0:0:1 - - [06/May/2024:22:17:20 +0200] "GET /bermecars HTTP/1.1" 302 -
0:0:0:0:0:0:0:1 - - [06/May/2024:22:17:20 +0200] "GET /bermecars/ HTTP/1.1" 200 3908
0:0:0:0:0:0:0:1 - - [06/May/2024:22:17:22 +0200] "GET /bermecars/user-profile.jsp HTTP/1.1" 500 3542
127.0.0.1 - tomcat [06/May/2024:22:17:42 +0200] "PUT /manager/text/deploy?path=%2Fbermecars&update=true HTTP/1.1" 200 67
0:0:0:0:0:0:0:1 - - [06/May/2024:22:17:43 +0200] "GET /bermecars/user-profile.jsp HTTP/1.1" 500 3038
0:0:0:0:0:0:0:1 - - [06/May/2024:22:17:44 +0200] "GET /bermecars/user-profile.jsp HTTP/1.1" 500 2882
0:0:0:0:0:0:0:1 - - [06/May/2024:22:17:44 +0200] "GET /bermecars/user-profile.jsp HTTP/1.1" 500 2882
0:0:0:0:0:0:0:1 - - [06/May/2024:22:17:49 +0200] "GET /bermecars/view-car.jsp?id=1 HTTP/1.1" 200 1753
0:0:0:0:0:0:0:1 - - [06/May/2024:22:17:51 +0200] "GET /bermecars/ HTTP/1.1" 200 858
0:0:0:0:0:0:0:1 - - [06/May/2024:22:17:51 +0200] "GET /bermecars/login.jsp HTTP/1.1" 200 2432
0:0:0:0:0:0:0:1 - - [06/May/2024:22:17:53 +0200] "POST /bermecars/login HTTP/1.1" 200 2
0:0:0:0:0:0:0:1 - - [06/May/2024:22:17:53 +0200] "GET /bermecars HTTP/1.1" 302 -
0:0:0:0:0:0:0:1 - - [06/May/2024:22:17:53 +0200] "GET /bermecars/ HTTP/1.1" 200 3908
0:0:0:0:0:0:0:1 - - [06/May/2024:22:17:55 +0200] "GET /bermecars/user-profile.jsp HTTP/1.1" 500 3038
127.0.0.1 - tomcat [06/May/2024:22:18:57 +0200] "PUT /manager/text/deploy?path=%2Fbermecars&update=true HTTP/1.1" 200 67
0:0:0:0:0:0:0:1 - - [06/May/2024:22:18:58 +0200] "GET /bermecars/user-profile.jsp HTTP/1.1" 500 3929
0:0:0:0:0:0:0:1 - - [06/May/2024:22:18:58 +0200] "GET /bermecars/user-profile.jsp HTTP/1.1" 500 2882
0:0:0:0:0:0:0:1 - - [06/May/2024:22:18:59 +0200] "GET /bermecars/user-profile.jsp HTTP/1.1" 500 2882
0:0:0:0:0:0:0:1 - - [06/May/2024:22:19:00 +0200] "GET /bermecars/user-profile.jsp HTTP/1.1" 500 2882
0:0:0:0:0:0:0:1 - - [06/May/2024:22:19:02 +0200] "GET /bermecars/user-profile.jsp HTTP/1.1" 500 3929
127.0.0.1 - tomcat [06/May/2024:22:19:20 +0200] "PUT /manager/text/deploy?path=%2Fbermecars&update=true HTTP/1.1" 200 67
0:0:0:0:0:0:0:1 - - [06/May/2024:22:19:22 +0200] "GET /bermecars/user-profile.jsp HTTP/1.1" 500 3483
127.0.0.1 - tomcat [06/May/2024:22:19:39 +0200] "PUT /manager/text/deploy?path=%2Fbermecars&update=true HTTP/1.1" 200 67
0:0:0:0:0:0:0:1 - - [06/May/2024:22:19:41 +0200] "GET /bermecars/user-profile.jsp HTTP/1.1" 500 3111
0:0:0:0:0:0:0:1 - - [06/May/2024:22:19:41 +0200] "GET /bermecars/user-profile.jsp HTTP/1.1" 500 2882
0:0:0:0:0:0:0:1 - - [06/May/2024:22:19:43 +0200] "GET /bermecars HTTP/1.1" 302 -
0:0:0:0:0:0:0:1 - - [06/May/2024:22:19:43 +0200] "GET /bermecars/ HTTP/1.1" 200 858
0:0:0:0:0:0:0:1 - - [06/May/2024:22:19:43 +0200] "GET /bermecars/login.jsp HTTP/1.1" 200 2432
0:0:0:0:0:0:0:1 - - [06/May/2024:22:19:49 +0200] "POST /bermecars/login HTTP/1.1" 200 2
0:0:0:0:0:0:0:1 - - [06/May/2024:22:19:49 +0200] "GET /bermecars HTTP/1.1" 302 -
0:0:0:0:0:0:0:1 - - [06/May/2024:22:19:49 +0200] "GET /bermecars/ HTTP/1.1" 200 3908
0:0:0:0:0:0:0:1 - - [06/May/2024:22:19:51 +0200] "GET /bermecars/user-profile.jsp HTTP/1.1" 500 3111
0:0:0:0:0:0:0:1 - - [06/May/2024:22:21:11 +0200] "GET /bermecars/user-profile.jsp HTTP/1.1" 500 3111
127.0.0.1 - tomcat [06/May/2024:22:21:13 +0200] "PUT /manager/text/deploy?path=%2Fbermecars&update=true HTTP/1.1" 200 67
0:0:0:0:0:0:0:1 - - [06/May/2024:22:21:15 +0200] "GET /bermecars/user-profile.jsp HTTP/1.1" 500 3242
0:0:0:0:0:0:0:1 - - [06/May/2024:22:21:16 +0200] "GET /bermecars/user-profile.jsp HTTP/1.1" 500 2882
0:0:0:0:0:0:0:1 - - [06/May/2024:22:21:18 +0200] "GET /bermecars/user-profile.jsp HTTP/1.1" 500 2882
0:0:0:0:0:0:0:1 - - [06/May/2024:22:21:18 +0200] "GET /bermecars/user-profile.jsp HTTP/1.1" 500 2882
0:0:0:0:0:0:0:1 - - [06/May/2024:22:21:19 +0200] "GET /bermecars/user-profile.jsp HTTP/1.1" 500 2882
0:0:0:0:0:0:0:1 - - [06/May/2024:22:21:21 +0200] "GET /bermecars/user-profile.jsp HTTP/1.1" 500 3242
127.0.0.1 - tomcat [06/May/2024:22:21:52 +0200] "PUT /manager/text/deploy?path=%2Fbermecars&update=true HTTP/1.1" 200 67
0:0:0:0:0:0:0:1 - - [06/May/2024:22:22:18 +0200] "GET /bermecars/user-profile.jsp HTTP/1.1" 500 2755
127.0.0.1 - tomcat [06/May/2024:22:22:34 +0200] "PUT /manager/text/deploy?path=%2Fbermecars&update=true HTTP/1.1" 200 67
0:0:0:0:0:0:0:1 - - [06/May/2024:22:22:34 +0200] "GET /bermecars/user-profile.jsp HTTP/1.1" 500 3683
0:0:0:0:0:0:0:1 - - [06/May/2024:22:22:35 +0200] "GET /bermecars/user-profile.jsp HTTP/1.1" 500 2882
0:0:0:0:0:0:0:1 - - [06/May/2024:22:22:36 +0200] "GET /bermecars/user-profile.jsp HTTP/1.1" 500 2882
0:0:0:0:0:0:0:1 - - [06/May/2024:22:22:38 +0200] "GET /bermecars/ HTTP/1.1" 200 858
0:0:0:0:0:0:0:1 - - [06/May/2024:22:22:38 +0200] "GET /bermecars/login.jsp HTTP/1.1" 200 2432
0:0:0:0:0:0:0:1 - - [06/May/2024:22:22:43 +0200] "POST /bermecars/login HTTP/1.1" 200 73
0:0:0:0:0:0:0:1 - - [06/May/2024:22:22:43 +0200] "POST /bermecars/login HTTP/1.1" 200 2
0:0:0:0:0:0:0:1 - - [06/May/2024:22:22:43 +0200] "GET /bermecars HTTP/1.1" 302 -
0:0:0:0:0:0:0:1 - - [06/May/2024:22:22:43 +0200] "GET /bermecars/ HTTP/1.1" 200 3908
0:0:0:0:0:0:0:1 - - [06/May/2024:22:22:51 +0200] "GET /bermecars/user-profile.jsp HTTP/1.1" 500 3683
127.0.0.1 - tomcat [06/May/2024:22:23:15 +0200] "PUT /manager/text/deploy?path=%2Fbermecars&update=true HTTP/1.1" 200 67
0:0:0:0:0:0:0:1 - - [06/May/2024:22:23:18 +0200] "GET /bermecars/user-profile.jsp HTTP/1.1" 500 3623
0:0:0:0:0:0:0:1 - - [06/May/2024:22:23:19 +0200] "GET /bermecars/user-profile.jsp HTTP/1.1" 500 2882
0:0:0:0:0:0:0:1 - - [06/May/2024:22:23:20 +0200] "GET /bermecars/user-profile.jsp HTTP/1.1" 500 2882
0:0:0:0:0:0:0:1 - - [06/May/2024:22:23:21 +0200] "GET /bermecars/user-profile.jsp HTTP/1.1" 500 2882
0:0:0:0:0:0:0:1 - - [06/May/2024:22:23:22 +0200] "GET /bermecars/user-profile.jsp HTTP/1.1" 500 2882
0:0:0:0:0:0:0:1 - - [06/May/2024:22:23:24 +0200] "GET /bermecars/user-profile.jsp HTTP/1.1" 500 3623
127.0.0.1 - tomcat [06/May/2024:22:24:57 +0200] "PUT /manager/text/deploy?path=%2Fbermecars&update=true HTTP/1.1" 200 67
0:0:0:0:0:0:0:1 - - [06/May/2024:22:25:00 +0200] "GET /bermecars/user-profile.jsp HTTP/1.1" 500 3242
0:0:0:0:0:0:0:1 - - [06/May/2024:22:25:06 +0200] "GET /bermecars/user-profile.jsp HTTP/1.1" 500 3242
0:0:0:0:0:0:0:1 - - [06/May/2024:22:25:06 +0200] "GET /bermecars/user-profile.jsp HTTP/1.1" 500 2882
0:0:0:0:0:0:0:1 - - [06/May/2024:22:25:08 +0200] "GET /bermecars/user-profile.jsp HTTP/1.1" 500 2882
0:0:0:0:0:0:0:1 - - [06/May/2024:22:25:09 +0200] "GET /bermecars/user-profile.jsp HTTP/1.1" 500 2882
0:0:0:0:0:0:0:1 - - [06/May/2024:22:25:10 +0200] "GET /bermecars/user-profile.jsp HTTP/1.1" 500 3242
127.0.0.1 - tomcat [06/May/2024:22:26:17 +0200] "PUT /manager/text/deploy?path=%2Fbermecars&update=true HTTP/1.1" 200 67
127.0.0.1 - tomcat [06/May/2024:22:26:25 +0200] "PUT /manager/text/deploy?path=%2Fbermecars&update=true HTTP/1.1" 200 67
0:0:0:0:0:0:0:1 - - [06/May/2024:22:26:29 +0200] "GET /bermecars HTTP/1.1" 302 -
0:0:0:0:0:0:0:1 - - [06/May/2024:22:26:29 +0200] "GET /bermecars/ HTTP/1.1" 200 858
0:0:0:0:0:0:0:1 - - [06/May/2024:22:26:29 +0200] "GET /bermecars/login.jsp HTTP/1.1" 200 2432
0:0:0:0:0:0:0:1 - - [06/May/2024:22:26:36 +0200] "POST /bermecars/login HTTP/1.1" 200 2
0:0:0:0:0:0:0:1 - - [06/May/2024:22:26:36 +0200] "GET /bermecars HTTP/1.1" 302 -
0:0:0:0:0:0:0:1 - - [06/May/2024:22:26:36 +0200] "GET /bermecars/ HTTP/1.1" 200 3908
0:0:0:0:0:0:0:1 - - [06/May/2024:22:26:38 +0200] "GET /bermecars/user-profile.jsp HTTP/1.1" 500 3037
127.0.0.1 - tomcat [06/May/2024:22:27:12 +0200] "PUT /manager/text/deploy?path=%2Fbermecars&update=true HTTP/1.1" 200 67
0:0:0:0:0:0:0:1 - - [06/May/2024:22:27:15 +0200] "GET /bermecars/user-profile.jsp HTTP/1.1" 500 3028
0:0:0:0:0:0:0:1 - - [06/May/2024:22:27:20 +0200] "GET /bermecars/user-profile.jsp HTTP/1.1" 500 3028
127.0.0.1 - tomcat [06/May/2024:22:27:35 +0200] "PUT /manager/text/deploy?path=%2Fbermecars&update=true HTTP/1.1" 200 67
0:0:0:0:0:0:0:1 - - [06/May/2024:22:27:40 +0200] "GET /bermecars/user-profile.jsp HTTP/1.1" 500 2301
0:0:0:0:0:0:0:1 - - [06/May/2024:22:27:41 +0200] "GET /bermecars/user-profile.jsp HTTP/1.1" 500 2882
0:0:0:0:0:0:0:1 - - [06/May/2024:22:27:42 +0200] "GET /bermecars/user-profile.jsp HTTP/1.1" 500 2882
0:0:0:0:0:0:0:1 - - [06/May/2024:22:27:44 +0200] "GET /bermecars/ HTTP/1.1" 200 858
0:0:0:0:0:0:0:1 - - [06/May/2024:22:27:44 +0200] "GET /bermecars/login.jsp HTTP/1.1" 200 2432
0:0:0:0:0:0:0:1 - - [06/May/2024:22:27:49 +0200] "POST /bermecars/login HTTP/1.1" 200 2
0:0:0:0:0:0:0:1 - - [06/May/2024:22:27:49 +0200] "GET /bermecars HTTP/1.1" 302 -
0:0:0:0:0:0:0:1 - - [06/May/2024:22:27:49 +0200] "GET /bermecars/ HTTP/1.1" 200 3908
0:0:0:0:0:0:0:1 - - [06/May/2024:22:27:51 +0200] "GET /bermecars/user-profile.jsp HTTP/1.1" 500 2301
127.0.0.1 - tomcat [06/May/2024:22:28:47 +0200] "PUT /manager/text/deploy?path=%2Fbermecars&update=true HTTP/1.1" 200 67
0:0:0:0:0:0:0:1 - - [06/May/2024:22:28:49 +0200] "GET /bermecars/user-profile.jsp HTTP/1.1" 500 2558
0:0:0:0:0:0:0:1 - - [06/May/2024:22:28:51 +0200] "GET /bermecars/user-profile.jsp HTTP/1.1" 500 2558
127.0.0.1 - tomcat [06/May/2024:22:35:50 +0200] "PUT /manager/text/deploy?path=%2Fbermecars&update=true HTTP/1.1" 200 67
0:0:0:0:0:0:0:1 - - [06/May/2024:22:35:52 +0200] "GET /bermecars/user-profile.jsp HTTP/1.1" 500 2248
0:0:0:0:0:0:0:1 - - [06/May/2024:22:36:31 +0200] "GET /bermecars/user-profile.jsp HTTP/1.1" 500 2248
0:0:0:0:0:0:0:1 - - [06/May/2024:22:36:31 +0200] "GET /bermecars/user-profile.jsp HTTP/1.1" 500 2882
0:0:0:0:0:0:0:1 - - [06/May/2024:22:36:34 +0200] "GET /bermecars/user-profile.jsp HTTP/1.1" 500 2882
0:0:0:0:0:0:0:1 - - [06/May/2024:22:36:34 +0200] "GET /bermecars/user-profile.jsp HTTP/1.1" 500 2882
0:0:0:0:0:0:0:1 - - [06/May/2024:22:36:34 +0200] "GET /bermecars/user-profile.jsp HTTP/1.1" 500 2882
0:0:0:0:0:0:0:1 - - [06/May/2024:22:36:38 +0200] "GET /bermecars HTTP/1.1" 302 -
0:0:0:0:0:0:0:1 - - [06/May/2024:22:36:38 +0200] "GET /bermecars/ HTTP/1.1" 200 858
0:0:0:0:0:0:0:1 - - [06/May/2024:22:36:38 +0200] "GET /bermecars/login.jsp HTTP/1.1" 200 2432
0:0:0:0:0:0:0:1 - - [06/May/2024:22:36:42 +0200] "POST /bermecars/login HTTP/1.1" 200 73
0:0:0:0:0:0:0:1 - - [06/May/2024:22:36:42 +0200] "POST /bermecars/login HTTP/1.1" 200 2
0:0:0:0:0:0:0:1 - - [06/May/2024:22:36:42 +0200] "GET /bermecars HTTP/1.1" 302 -
0:0:0:0:0:0:0:1 - - [06/May/2024:22:36:43 +0200] "GET /bermecars/ HTTP/1.1" 200 3908
0:0:0:0:0:0:0:1 - - [06/May/2024:22:36:45 +0200] "GET /bermecars/view-car.jsp?id=2 HTTP/1.1" 200 2446
0:0:0:0:0:0:0:1 - - [06/May/2024:22:36:46 +0200] "GET /bermecars/reservecar?id=2 HTTP/1.1" 302 -
0:0:0:0:0:0:0:1 - - [06/May/2024:22:36:46 +0200] "GET /bermecars/reservation.jsp HTTP/1.1" 500 5185
0:0:0:0:0:0:0:1 - - [06/May/2024:22:38:07 +0200] "GET /bermecars HTTP/1.1" 302 -
0:0:0:0:0:0:0:1 - - [06/May/2024:22:38:07 +0200] "GET /bermecars/ HTTP/1.1" 200 3908
0:0:0:0:0:0:0:1 - - [06/May/2024:22:38:08 +0200] "GET /bermecars/user-profile.jsp HTTP/1.1" 500 2248
127.0.0.1 - tomcat [06/May/2024:22:39:48 +0200] "PUT /manager/text/deploy?path=%2Fbermecars&update=true HTTP/1.1" 200 67
0:0:0:0:0:0:0:1 - - [06/May/2024:22:39:49 +0200] "GET /bermecars/user-profile.jsp HTTP/1.1" 500 2558
0:0:0:0:0:0:0:1 - - [06/May/2024:22:47:08 +0200] "GET /bermecars/user-profile.jsp HTTP/1.1" 500 2558
0:0:0:0:0:0:0:1 - - [06/May/2024:22:47:09 +0200] "GET /bermecars/user-profile.jsp HTTP/1.1" 404 760
127.0.0.1 - tomcat [06/May/2024:22:47:10 +0200] "PUT /manager/text/deploy?path=%2Fbermecars&update=true HTTP/1.1" 200 67
0:0:0:0:0:0:0:1 - - [06/May/2024:22:47:11 +0200] "GET /bermecars/user-profile.jsp HTTP/1.1" 500 2558
127.0.0.1 - tomcat [06/May/2024:22:48:28 +0200] "PUT /manager/text/deploy?path=%2Fbermecars&update=true HTTP/1.1" 200 67
0:0:0:0:0:0:0:1 - - [06/May/2024:22:48:32 +0200] "GET /bermecars/user-profile.jsp HTTP/1.1" 500 2808
0:0:0:0:0:0:0:1 - - [06/May/2024:22:48:33 +0200] "GET /bermecars/user-profile.jsp HTTP/1.1" 500 2882
0:0:0:0:0:0:0:1 - - [06/May/2024:22:48:33 +0200] "GET /bermecars/user-profile.jsp HTTP/1.1" 500 2882
0:0:0:0:0:0:0:1 - - [06/May/2024:22:48:35 +0200] "GET /bermecars/user-profile.jsp HTTP/1.1" 500 2882
0:0:0:0:0:0:0:1 - - [06/May/2024:22:50:20 +0200] "GET /bermecars/user-profile.jsp HTTP/1.1" 500 2808
0:0:0:0:0:0:0:1 - - [06/May/2024:22:50:21 +0200] "GET /bermecars/user-profile.jsp HTTP/1.1" 500 2882
0:0:0:0:0:0:0:1 - - [06/May/2024:22:50:21 +0200] "GET /bermecars/user-profile.jsp HTTP/1.1" 500 2882
0:0:0:0:0:0:0:1 - - [06/May/2024:22:50:22 +0200] "GET /bermecars/user-profile.jsp HTTP/1.1" 500 2882
0:0:0:0:0:0:0:1 - - [06/May/2024:22:50:24 +0200] "GET /bermecars HTTP/1.1" 302 -
0:0:0:0:0:0:0:1 - - [06/May/2024:22:50:24 +0200] "GET /bermecars/ HTTP/1.1" 200 858
0:0:0:0:0:0:0:1 - - [06/May/2024:22:50:24 +0200] "GET /bermecars/login.jsp HTTP/1.1" 200 2432
0:0:0:0:0:0:0:1 - - [06/May/2024:22:50:29 +0200] "POST /bermecars/login HTTP/1.1" 200 2
0:0:0:0:0:0:0:1 - - [06/May/2024:22:50:29 +0200] "GET /bermecars HTTP/1.1" 302 -
0:0:0:0:0:0:0:1 - - [06/May/2024:22:50:29 +0200] "GET /bermecars/ HTTP/1.1" 200 3908
0:0:0:0:0:0:0:1 - - [06/May/2024:22:50:32 +0200] "GET /bermecars/user-profile.jsp HTTP/1.1" 500 2808
127.0.0.1 - tomcat [06/May/2024:22:51:10 +0200] "PUT /manager/text/deploy?path=%2Fbermecars&update=true HTTP/1.1" 200 67
0:0:0:0:0:0:0:1 - - [06/May/2024:22:51:12 +0200] "GET /bermecars/user-profile.jsp HTTP/1.1" 500 2199
0:0:0:0:0:0:0:1 - - [06/May/2024:22:51:13 +0200] "GET /bermecars/user-profile.jsp HTTP/1.1" 500 2882
0:0:0:0:0:0:0:1 - - [06/May/2024:22:51:14 +0200] "GET /bermecars/user-profile.jsp HTTP/1.1" 500 2882
0:0:0:0:0:0:0:1 - - [06/May/2024:22:51:15 +0200] "GET /bermecars/user-profile.jsp HTTP/1.1" 500 2882
0:0:0:0:0:0:0:1 - - [06/May/2024:22:51:21 +0200] "GET /bermecars/user-profile.jsp HTTP/1.1" 500 2199
127.0.0.1 - tomcat [06/May/2024:22:51:40 +0200] "PUT /manager/text/deploy?path=%2Fbermecars&update=true HTTP/1.1" 200 67
0:0:0:0:0:0:0:1 - - [06/May/2024:22:51:42 +0200] "GET /bermecars/user-profile.jsp HTTP/1.1" 500 2528
0:0:0:0:0:0:0:1 - - [06/May/2024:22:51:43 +0200] "GET /bermecars/user-profile.jsp HTTP/1.1" 500 2528
0:0:0:0:0:0:0:1 - - [06/May/2024:22:51:45 +0200] "GET /bermecars/user-profile.jsp HTTP/1.1" 500 2528
0:0:0:0:0:0:0:1 - - [06/May/2024:22:51:49 +0200] "GET /bermecars/user-profile.jsp HTTP/1.1" 500 2528
127.0.0.1 - tomcat [06/May/2024:22:52:16 +0200] "PUT /manager/text/deploy?path=%2Fbermecars&update=true HTTP/1.1" 200 67
127.0.0.1 - tomcat [06/May/2024:22:53:34 +0200] "PUT /manager/text/deploy?path=%2Fbermecars&update=true HTTP/1.1" 200 67
0:0:0:0:0:0:0:1 - - [06/May/2024:22:53:36 +0200] "GET /bermecars/user-profile.jsp HTTP/1.1" 500 2238
0:0:0:0:0:0:0:1 - - [06/May/2024:22:53:37 +0200] "GET /bermecars/user-profile.jsp HTTP/1.1" 500 2882
0:0:0:0:0:0:0:1 - - [06/May/2024:22:53:38 +0200] "GET /bermecars/user-profile.jsp HTTP/1.1" 500 2882
0:0:0:0:0:0:0:1 - - [06/May/2024:22:53:40 +0200] "GET /bermecars/user-profile.jsp HTTP/1.1" 500 2882
0:0:0:0:0:0:0:1 - - [06/May/2024:22:53:41 +0200] "GET /bermecars/user-profile.jsp HTTP/1.1" 500 2238
127.0.0.1 - tomcat [06/May/2024:22:54:53 +0200] "PUT /manager/text/deploy?path=%2Fbermecars&update=true HTTP/1.1" 200 67
0:0:0:0:0:0:0:1 - - [06/May/2024:22:55:40 +0200] "GET /bermecars/user-profile.jsp HTTP/1.1" 500 3125
0:0:0:0:0:0:0:1 - - [06/May/2024:22:55:41 +0200] "GET /bermecars/user-profile.jsp HTTP/1.1" 500 2882
0:0:0:0:0:0:0:1 - - [06/May/2024:22:55:41 +0200] "GET /bermecars/user-profile.jsp HTTP/1.1" 500 2882
0:0:0:0:0:0:0:1 - - [06/May/2024:22:55:44 +0200] "GET /bermecars/user-profile.jsp HTTP/1.1" 500 3125
127.0.0.1 - tomcat [06/May/2024:22:56:15 +0200] "PUT /manager/text/deploy?path=%2Fbermecars&update=true HTTP/1.1" 200 67
0:0:0:0:0:0:0:1 - - [06/May/2024:22:56:16 +0200] "GET /bermecars/user-profile.jsp HTTP/1.1" 500 2541
0:0:0:0:0:0:0:1 - - [06/May/2024:22:56:17 +0200] "GET /bermecars/user-profile.jsp HTTP/1.1" 500 2541
0:0:0:0:0:0:0:1 - - [06/May/2024:22:56:17 +0200] "GET /bermecars/user-profile.jsp HTTP/1.1" 500 2541
0:0:0:0:0:0:0:1 - - [06/May/2024:22:56:17 +0200] "GET /bermecars/user-profile.jsp HTTP/1.1" 500 2541
0:0:0:0:0:0:0:1 - - [06/May/2024:22:56:17 +0200] "GET /bermecars/user-profile.jsp HTTP/1.1" 500 2541
0:0:0:0:0:0:0:1 - - [06/May/2024:22:56:18 +0200] "GET /bermecars/user-profile.jsp HTTP/1.1" 500 2541
0:0:0:0:0:0:0:1 - - [06/May/2024:22:56:18 +0200] "GET /bermecars/user-profile.jsp HTTP/1.1" 500 2541
0:0:0:0:0:0:0:1 - - [06/May/2024:22:56:20 +0200] "GET /bermecars/user-profile.jsp HTTP/1.1" 500 2541
127.0.0.1 - tomcat [06/May/2024:22:56:33 +0200] "PUT /manager/text/deploy?path=%2Fbermecars&update=true HTTP/1.1" 200 67
0:0:0:0:0:0:0:1 - - [06/May/2024:22:56:33 +0200] "GET /bermecars/user-profile.jsp HTTP/1.1" 500 3214
0:0:0:0:0:0:0:1 - - [06/May/2024:22:56:34 +0200] "GET /bermecars/user-profile.jsp HTTP/1.1" 500 2882
0:0:0:0:0:0:0:1 - - [06/May/2024:22:56:36 +0200] "GET /bermecars/user-profile.jsp HTTP/1.1" 500 2882
0:0:0:0:0:0:0:1 - - [06/May/2024:22:56:38 +0200] "GET /bermecars/user-profile.jsp HTTP/1.1" 500 3214
127.0.0.1 - tomcat [06/May/2024:22:57:32 +0200] "PUT /manager/text/deploy?path=%2Fbermecars&update=true HTTP/1.1" 200 67
127.0.0.1 - tomcat [06/May/2024:23:30:06 +0200] "PUT /manager/text/deploy?path=%2Fbermecars&update=true HTTP/1.1" 200 67
0:0:0:0:0:0:0:1 - - [06/May/2024:23:30:45 +0200] "GET /bermecars HTTP/1.1" 302 -
0:0:0:0:0:0:0:1 - - [06/May/2024:23:30:46 +0200] "GET /bermecars/ HTTP/1.1" 200 858
0:0:0:0:0:0:0:1 - - [06/May/2024:23:30:46 +0200] "GET /bermecars/login.jsp HTTP/1.1" 200 2432
0:0:0:0:0:0:0:1 - - [06/May/2024:23:30:46 +0200] "GET /favicon.ico HTTP/1.1" 200 21630
0:0:0:0:0:0:0:1 - - [06/May/2024:23:30:52 +0200] "POST /bermecars/login HTTP/1.1" 200 2
0:0:0:0:0:0:0:1 - - [06/May/2024:23:30:52 +0200] "GET /bermecars HTTP/1.1" 302 -
0:0:0:0:0:0:0:1 - - [06/May/2024:23:30:52 +0200] "GET /bermecars/ HTTP/1.1" 200 3908
0:0:0:0:0:0:0:1 - - [06/May/2024:23:30:52 +0200] "GET /bermecar-pictures/amggtr.jpeg HTTP/1.1" 200 9212
0:0:0:0:0:0:0:1 - - [06/May/2024:23:30:52 +0200] "GET /bermecar-pictures/r8.jpeg HTTP/1.1" 200 6389
0:0:0:0:0:0:0:1 - - [06/May/2024:23:30:57 +0200] "GET /bermecars/user-profile.jsp HTTP/1.1" 500 2542
127.0.0.1 - tomcat [06/May/2024:23:32:24 +0200] "PUT /manager/text/deploy?path=%2Fbermecars&update=true HTTP/1.1" 200 67
0:0:0:0:0:0:0:1 - - [06/May/2024:23:32:25 +0200] "GET /bermecars HTTP/1.1" 302 -
0:0:0:0:0:0:0:1 - - [06/May/2024:23:32:27 +0200] "GET /bermecars/ HTTP/1.1" 200 858
0:0:0:0:0:0:0:1 - - [06/May/2024:23:32:27 +0200] "GET /bermecars/login.jsp HTTP/1.1" 200 2432
0:0:0:0:0:0:0:1 - - [06/May/2024:23:32:35 +0200] "POST /bermecars/login HTTP/1.1" 200 2
0:0:0:0:0:0:0:1 - - [06/May/2024:23:32:35 +0200] "POST /bermecars/login HTTP/1.1" 200 2
0:0:0:0:0:0:0:1 - - [06/May/2024:23:32:35 +0200] "GET /bermecars HTTP/1.1" 302 -
0:0:0:0:0:0:0:1 - - [06/May/2024:23:32:35 +0200] "GET /bermecars/ HTTP/1.1" 200 3908
