0:0:0:0:0:0:0:1 - - [05/May/2024:10:51:46 +0200] "GET /coches HTTP/1.1" 302 -
0:0:0:0:0:0:0:1 - - [05/May/2024:10:51:48 +0200] "GET /coches/ HTTP/1.1" 200 2958
0:0:0:0:0:0:0:1 - - [05/May/2024:10:51:48 +0200] "GET /favicon.ico HTTP/1.1" 304 -
0:0:0:0:0:0:0:1 - - [05/May/2024:10:52:06 +0200] "GET /bermecars/ HTTP/1.1" 200 858
0:0:0:0:0:0:0:1 - - [05/May/2024:10:52:07 +0200] "GET /bermecars/login.jsp HTTP/1.1" 200 2107
127.0.0.1 - tomcat [05/May/2024:10:52:15 +0200] "PUT /manager/text/deploy?path=%2Fbermecars&update=true HTTP/1.1" 200 67
0:0:0:0:0:0:0:1 - - [05/May/2024:10:52:16 +0200] "GET /bermecars/login.jsp HTTP/1.1" 200 2107
0:0:0:0:0:0:0:1 - - [05/May/2024:10:52:28 +0200] "POST /bermecars/login HTTP/1.1" 200 73
0:0:0:0:0:0:0:1 - - [05/May/2024:10:52:28 +0200] "POST /bermecars/login HTTP/1.1" 200 73
0:0:0:0:0:0:0:1 - - [05/May/2024:10:52:28 +0200] "POST /bermecars/login HTTP/1.1" 200 73
0:0:0:0:0:0:0:1 - - [05/May/2024:10:52:28 +0200] "POST /bermecars/login HTTP/1.1" 200 73
0:0:0:0:0:0:0:1 - - [05/May/2024:10:52:33 +0200] "POST /bermecars/login HTTP/1.1" 200 2
0:0:0:0:0:0:0:1 - - [05/May/2024:10:52:33 +0200] "GET /bermecars HTTP/1.1" 302 -
0:0:0:0:0:0:0:1 - - [05/May/2024:10:52:33 +0200] "GET /bermecars/ HTTP/1.1" 200 2934
0:0:0:0:0:0:0:1 - - [05/May/2024:10:52:33 +0200] "GET /bermecar-pictures/testarossa.jpeg HTTP/1.1" 304 -
0:0:0:0:0:0:0:1 - - [05/May/2024:10:52:55 +0200] "GET /bermecars/view-car.jsp?id=1 HTTP/1.1" 200 2461
0:0:0:0:0:0:0:1 - - [05/May/2024:10:52:58 +0200] "GET /bermecars HTTP/1.1" 302 -
0:0:0:0:0:0:0:1 - - [05/May/2024:10:52:58 +0200] "GET /bermecars/ HTTP/1.1" 200 2934
127.0.0.1 - tomcat [05/May/2024:11:01:36 +0200] "PUT /manager/text/deploy?path=%2Fbermecars&update=true HTTP/1.1" 200 67
0:0:0:0:0:0:0:1 - - [05/May/2024:11:01:38 +0200] "GET /bermecars HTTP/1.1" 302 -
0:0:0:0:0:0:0:1 - - [05/May/2024:11:01:38 +0200] "GET /bermecars/ HTTP/1.1" 200 858
0:0:0:0:0:0:0:1 - - [05/May/2024:11:01:38 +0200] "GET /bermecars/login.jsp HTTP/1.1" 200 2107
0:0:0:0:0:0:0:1 - - [05/May/2024:11:01:44 +0200] "POST /bermecars/login HTTP/1.1" 200 73
0:0:0:0:0:0:0:1 - - [05/May/2024:11:01:53 +0200] "POST /bermecars/login HTTP/1.1" 500 5331
0:0:0:0:0:0:0:1 - - [05/May/2024:11:01:55 +0200] "POST /bermecars/login HTTP/1.1" 500 5331
0:0:0:0:0:0:0:1 - - [05/May/2024:11:01:57 +0200] "GET /bermecars/login.jsp HTTP/1.1" 200 2107
0:0:0:0:0:0:0:1 - - [05/May/2024:11:02:02 +0200] "POST /bermecars/login HTTP/1.1" 500 5331
0:0:0:0:0:0:0:1 - - [05/May/2024:11:02:04 +0200] "POST /bermecars/login HTTP/1.1" 500 5331
0:0:0:0:0:0:0:1 - - [05/May/2024:11:02:05 +0200] "POST /bermecars/login HTTP/1.1" 500 5331
0:0:0:0:0:0:0:1 - - [05/May/2024:11:02:05 +0200] "POST /bermecars/login HTTP/1.1" 500 5331
0:0:0:0:0:0:0:1 - - [05/May/2024:11:02:06 +0200] "POST /bermecars/login HTTP/1.1" 500 5331
0:0:0:0:0:0:0:1 - - [05/May/2024:11:02:06 +0200] "POST /bermecars/login HTTP/1.1" 500 5331
0:0:0:0:0:0:0:1 - - [05/May/2024:11:02:06 +0200] "POST /bermecars/login HTTP/1.1" 500 5331
127.0.0.1 - tomcat [05/May/2024:15:52:38 +0200] "PUT /manager/text/deploy?path=%2Fbermecars&update=true HTTP/1.1" 200 67
0:0:0:0:0:0:0:1 - - [05/May/2024:15:53:40 +0200] "GET /coches HTTP/1.1" 302 -
0:0:0:0:0:0:0:1 - - [05/May/2024:15:53:43 +0200] "GET /coches/ HTTP/1.1" 200 2958
0:0:0:0:0:0:0:1 - - [05/May/2024:15:53:43 +0200] "GET /coches/icons/user.png HTTP/1.1" 200 24784
0:0:0:0:0:0:0:1 - - [05/May/2024:15:53:43 +0200] "GET /bermecars HTTP/1.1" 302 -
0:0:0:0:0:0:0:1 - - [05/May/2024:15:53:44 +0200] "GET /bermecars/ HTTP/1.1" 200 858
0:0:0:0:0:0:0:1 - - [05/May/2024:15:53:44 +0200] "GET /bermecars/login.jsp HTTP/1.1" 200 2107
0:0:0:0:0:0:0:1 - - [05/May/2024:15:53:52 +0200] "POST /bermecars/login HTTP/1.1" 200 73
0:0:0:0:0:0:0:1 - - [05/May/2024:15:53:52 +0200] "POST /bermecars/login HTTP/1.1" 200 73
0:0:0:0:0:0:0:1 - - [05/May/2024:15:53:55 +0200] "POST /bermecars/login HTTP/1.1" 200 2
0:0:0:0:0:0:0:1 - - [05/May/2024:15:53:55 +0200] "GET /bermecars HTTP/1.1" 302 -
0:0:0:0:0:0:0:1 - - [05/May/2024:15:53:55 +0200] "GET /bermecars/ HTTP/1.1" 200 2934
0:0:0:0:0:0:0:1 - - [05/May/2024:15:53:55 +0200] "GET /bermecar-pictures/testarossa.jpeg HTTP/1.1" 200 9140
127.0.0.1 - tomcat [05/May/2024:16:00:07 +0200] "PUT /manager/text/deploy?path=%2Fbermecars&update=true HTTP/1.1" 200 67
0:0:0:0:0:0:0:1 - - [05/May/2024:16:00:10 +0200] "GET /bermecars/ HTTP/1.1" 200 858
0:0:0:0:0:0:0:1 - - [05/May/2024:16:00:10 +0200] "GET /bermecars/login.jsp HTTP/1.1" 200 2107
0:0:0:0:0:0:0:1 - - [05/May/2024:16:00:15 +0200] "POST /bermecars/login HTTP/1.1" 200 2
0:0:0:0:0:0:0:1 - - [05/May/2024:16:00:15 +0200] "GET /bermecars HTTP/1.1" 302 -
0:0:0:0:0:0:0:1 - - [05/May/2024:16:00:15 +0200] "GET /bermecars/ HTTP/1.1" 200 2943
0:0:0:0:0:0:0:1 - - [05/May/2024:16:00:20 +0200] "GET /bermecars/edit-car.jsp HTTP/1.1" 500 2512
127.0.0.1 - tomcat [05/May/2024:16:01:18 +0200] "PUT /manager/text/deploy?path=%2Fbermecars&update=true HTTP/1.1" 200 67
0:0:0:0:0:0:0:1 - - [05/May/2024:16:01:25 +0200] "GET /bermecars/view-car.jsp?id=1 HTTP/1.1" 200 1794
127.0.0.1 - tomcat [05/May/2024:16:02:16 +0200] "PUT /manager/text/deploy?path=%2Fbermecars&update=true HTTP/1.1" 200 67
0:0:0:0:0:0:0:1 - - [05/May/2024:16:02:27 +0200] "GET /bermecars/edit-car.jsp HTTP/1.1" 500 2512
0:0:0:0:0:0:0:1 - - [05/May/2024:16:03:07 +0200] "GET /bermecars/view-car.jsp?id=1 HTTP/1.1" 200 1794
127.0.0.1 - tomcat [05/May/2024:16:08:47 +0200] "PUT /manager/text/deploy?path=%2Fbermecars&update=true HTTP/1.1" 200 67
0:0:0:0:0:0:0:1 - - [05/May/2024:16:08:49 +0200] "GET /bermecars/ HTTP/1.1" 200 858
0:0:0:0:0:0:0:1 - - [05/May/2024:16:08:49 +0200] "GET /bermecars/login.jsp HTTP/1.1" 200 2224
0:0:0:0:0:0:0:1 - - [05/May/2024:16:08:53 +0200] "GET /bermecars/register-user.jsp HTTP/1.1" 200 750
127.0.0.1 - tomcat [05/May/2024:16:19:36 +0200] "PUT /manager/text/deploy?path=%2Fbermecars&update=true HTTP/1.1" 200 97
0:0:0:0:0:0:0:1 - - [05/May/2024:16:19:41 +0200] "GET /bermecars HTTP/1.1" 404 760
0:0:0:0:0:0:0:1 - - [05/May/2024:16:19:44 +0200] "GET /bermecars HTTP/1.1" 404 760
0:0:0:0:0:0:0:1 - - [05/May/2024:16:19:44 +0200] "GET /bermecars HTTP/1.1" 404 760
0:0:0:0:0:0:0:1 - - [05/May/2024:16:19:44 +0200] "GET /bermecars HTTP/1.1" 404 760
0:0:0:0:0:0:0:1 - - [05/May/2024:16:19:44 +0200] "GET /bermecars HTTP/1.1" 404 760
0:0:0:0:0:0:0:1 - - [05/May/2024:16:19:44 +0200] "GET /bermecars HTTP/1.1" 404 760
0:0:0:0:0:0:0:1 - - [05/May/2024:16:19:51 +0200] "GET /bermecars HTTP/1.1" 404 760
0:0:0:0:0:0:0:1 - - [05/May/2024:16:19:51 +0200] "GET /bermecars HTTP/1.1" 404 760
0:0:0:0:0:0:0:1 - - [05/May/2024:16:20:04 +0200] "GET /bermecar HTTP/1.1" 404 759
0:0:0:0:0:0:0:1 - - [05/May/2024:16:20:06 +0200] "GET /bermecar HTTP/1.1" 404 759
0:0:0:0:0:0:0:1 - - [05/May/2024:16:20:50 +0200] "GET /bermecar HTTP/1.1" 404 759
0:0:0:0:0:0:0:1 - - [05/May/2024:16:20:51 +0200] "GET /bermecar HTTP/1.1" 404 759
0:0:0:0:0:0:0:1 - - [05/May/2024:16:20:51 +0200] "GET /bermecar HTTP/1.1" 404 759
0:0:0:0:0:0:0:1 - - [05/May/2024:16:20:51 +0200] "GET /bermecar HTTP/1.1" 404 759
0:0:0:0:0:0:0:1 - - [05/May/2024:16:20:51 +0200] "GET /bermecar HTTP/1.1" 404 759
127.0.0.1 - tomcat [05/May/2024:16:20:57 +0200] "PUT /manager/text/deploy?path=%2Fbermecars&update=true HTTP/1.1" 200 67
0:0:0:0:0:0:0:1 - - [05/May/2024:16:21:07 +0200] "GET /bermecar HTTP/1.1" 404 759
0:0:0:0:0:0:0:1 - - [05/May/2024:16:21:10 +0200] "GET /bermecars HTTP/1.1" 302 -
0:0:0:0:0:0:0:1 - - [05/May/2024:16:21:10 +0200] "GET /bermecars/ HTTP/1.1" 200 858
0:0:0:0:0:0:0:1 - - [05/May/2024:16:21:10 +0200] "GET /bermecars/login.jsp HTTP/1.1" 200 2224
0:0:0:0:0:0:0:1 - - [05/May/2024:16:21:13 +0200] "GET /bermecars/register-user.jsp HTTP/1.1" 200 2102
0:0:0:0:0:0:0:1 - - [05/May/2024:16:21:23 +0200] "POST /bermecars/register HTTP/1.1" 500 8958
0:0:0:0:0:0:0:1 - - [05/May/2024:16:21:39 +0200] "POST /bermecars/login HTTP/1.1" 200 73
0:0:0:0:0:0:0:1 - - [05/May/2024:16:21:40 +0200] "POST /bermecars/login HTTP/1.1" 200 73
0:0:0:0:0:0:0:1 - - [05/May/2024:16:22:25 +0200] "POST /bermecars/login HTTP/1.1" 200 73
0:0:0:0:0:0:0:1 - - [05/May/2024:16:23:07 +0200] "GET /bermecars/register-user.jsp HTTP/1.1" 200 2102
0:0:0:0:0:0:0:1 - - [05/May/2024:16:23:13 +0200] "POST /bermecars/register HTTP/1.1" 500 8958
0:0:0:0:0:0:0:1 - - [05/May/2024:16:23:14 +0200] "POST /bermecars/register HTTP/1.1" 500 8958
0:0:0:0:0:0:0:1 - - [05/May/2024:16:23:15 +0200] "POST /bermecars/register HTTP/1.1" 500 8962
127.0.0.1 - tomcat [05/May/2024:16:24:19 +0200] "PUT /manager/text/deploy?path=%2Fbermecars&update=true HTTP/1.1" 200 67
0:0:0:0:0:0:0:1 - - [05/May/2024:16:24:23 +0200] "GET /bermecars/register-user.jsp HTTP/1.1" 200 2325
0:0:0:0:0:0:0:1 - - [05/May/2024:16:24:24 +0200] "GET /bermecars HTTP/1.1" 302 -
0:0:0:0:0:0:0:1 - - [05/May/2024:16:24:24 +0200] "GET /bermecars/ HTTP/1.1" 200 858
0:0:0:0:0:0:0:1 - - [05/May/2024:16:24:24 +0200] "GET /bermecars/login.jsp HTTP/1.1" 200 2224
0:0:0:0:0:0:0:1 - - [05/May/2024:16:24:26 +0200] "GET /bermecars/register-user.jsp HTTP/1.1" 200 2325
0:0:0:0:0:0:0:1 - - [05/May/2024:16:24:43 +0200] "POST /bermecars/register HTTP/1.1" 500 8953
127.0.0.1 - tomcat [05/May/2024:16:26:01 +0200] "PUT /manager/text/deploy?path=%2Fbermecars&update=true HTTP/1.1" 200 67
127.0.0.1 - tomcat [05/May/2024:16:26:12 +0200] "PUT /manager/text/deploy?path=%2Fbermecars&update=true HTTP/1.1" 200 67
0:0:0:0:0:0:0:1 - - [05/May/2024:16:26:19 +0200] "GET /bermecars/register-user.jsp HTTP/1.1" 200 2325
0:0:0:0:0:0:0:1 - - [05/May/2024:16:26:20 +0200] "GET /bermecars/register-user.jsp HTTP/1.1" 200 2325
0:0:0:0:0:0:0:1 - - [05/May/2024:16:26:23 +0200] "GET /bermecars/register-user.jsp HTTP/1.1" 200 2325
0:0:0:0:0:0:0:1 - - [05/May/2024:16:26:31 +0200] "POST /bermecars/register HTTP/1.1" 500 8953
0:0:0:0:0:0:0:1 - - [05/May/2024:16:26:33 +0200] "POST /bermecars/register HTTP/1.1" 500 8953
0:0:0:0:0:0:0:1 - - [05/May/2024:16:26:33 +0200] "POST /bermecars/register HTTP/1.1" 500 8953
0:0:0:0:0:0:0:1 - - [05/May/2024:16:26:34 +0200] "POST /bermecars/register HTTP/1.1" 500 8953
0:0:0:0:0:0:0:1 - - [05/May/2024:16:26:34 +0200] "POST /bermecars/register HTTP/1.1" 500 8953
0:0:0:0:0:0:0:1 - - [05/May/2024:16:26:37 +0200] "POST /bermecars/register HTTP/1.1" 500 8953
0:0:0:0:0:0:0:1 - - [05/May/2024:16:26:39 +0200] "POST /bermecars/register HTTP/1.1" 500 8953
0:0:0:0:0:0:0:1 - - [05/May/2024:16:26:40 +0200] "POST /bermecars/register HTTP/1.1" 500 8953
0:0:0:0:0:0:0:1 - - [05/May/2024:16:26:40 +0200] "POST /bermecars/register HTTP/1.1" 500 8953
0:0:0:0:0:0:0:1 - - [05/May/2024:16:26:42 +0200] "POST /bermecars/register HTTP/1.1" 500 8953
0:0:0:0:0:0:0:1 - - [05/May/2024:16:26:42 +0200] "POST /bermecars/register HTTP/1.1" 500 8953
0:0:0:0:0:0:0:1 - - [05/May/2024:16:26:42 +0200] "POST /bermecars/register HTTP/1.1" 500 8953
0:0:0:0:0:0:0:1 - - [05/May/2024:16:26:42 +0200] "POST /bermecars/register HTTP/1.1" 500 8953
0:0:0:0:0:0:0:1 - - [05/May/2024:16:26:51 +0200] "GET /bermecars/register-user.jsp HTTP/1.1" 200 2325
127.0.0.1 - tomcat [05/May/2024:16:28:00 +0200] "PUT /manager/text/deploy?path=%2Fbermecars&update=true HTTP/1.1" 200 67
0:0:0:0:0:0:0:1 - - [05/May/2024:16:28:10 +0200] "GET /bermecars/register-user.jsp HTTP/1.1" 200 2325
0:0:0:0:0:0:0:1 - - [05/May/2024:16:28:10 +0200] "GET /bermecars/register-user.jsp HTTP/1.1" 200 2325
0:0:0:0:0:0:0:1 - - [05/May/2024:16:28:10 +0200] "GET /bermecars/register-user.jsp HTTP/1.1" 200 2325
0:0:0:0:0:0:0:1 - - [05/May/2024:16:28:11 +0200] "GET /bermecars/register-user.jsp HTTP/1.1" 200 2325
0:0:0:0:0:0:0:1 - - [05/May/2024:16:28:11 +0200] "GET /bermecars/register-user.jsp HTTP/1.1" 200 2325
0:0:0:0:0:0:0:1 - - [05/May/2024:16:28:11 +0200] "GET /bermecars/register-user.jsp HTTP/1.1" 200 2325
0:0:0:0:0:0:0:1 - - [05/May/2024:16:28:11 +0200] "GET /bermecars/register-user.jsp HTTP/1.1" 200 2325
127.0.0.1 - tomcat [05/May/2024:16:28:25 +0200] "PUT /manager/text/deploy?path=%2Fbermecars&update=true HTTP/1.1" 200 67
0:0:0:0:0:0:0:1 - - [05/May/2024:16:28:29 +0200] "GET /bermecars/register-user.jsp HTTP/1.1" 200 2325
0:0:0:0:0:0:0:1 - - [05/May/2024:16:28:37 +0200] "GET /bermecars HTTP/1.1" 302 -
0:0:0:0:0:0:0:1 - - [05/May/2024:16:28:37 +0200] "GET /bermecars/ HTTP/1.1" 200 858
0:0:0:0:0:0:0:1 - - [05/May/2024:16:28:37 +0200] "GET /bermecars/login.jsp HTTP/1.1" 200 2219
0:0:0:0:0:0:0:1 - - [05/May/2024:16:28:40 +0200] "GET /bermecars/register.jsp HTTP/1.1" 200 2329
0:0:0:0:0:0:0:1 - - [05/May/2024:16:28:50 +0200] "POST /bermecars/register HTTP/1.1" 500 8955
127.0.0.1 - tomcat [05/May/2024:16:30:11 +0200] "PUT /manager/text/deploy?path=%2Fbermecars&update=true HTTP/1.1" 200 67
0:0:0:0:0:0:0:1 - - [05/May/2024:16:30:23 +0200] "GET /bermecars/register.jsp HTTP/1.1" 200 2329
0:0:0:0:0:0:0:1 - - [05/May/2024:16:30:24 +0200] "GET /bermecars/register.jsp HTTP/1.1" 200 2329
0:0:0:0:0:0:0:1 - - [05/May/2024:16:30:31 +0200] "POST /bermecars/register HTTP/1.1" 500 9234
127.0.0.1 - tomcat [05/May/2024:16:32:04 +0200] "PUT /manager/text/deploy?path=%2Fbermecars&update=true HTTP/1.1" 200 67
0:0:0:0:0:0:0:1 - - [05/May/2024:16:32:08 +0200] "GET /bermecars/register.jsp HTTP/1.1" 200 2329
0:0:0:0:0:0:0:1 - - [05/May/2024:16:32:09 +0200] "GET /bermecars/register.jsp HTTP/1.1" 200 2329
0:0:0:0:0:0:0:1 - - [05/May/2024:16:32:16 +0200] "POST /bermecars/register HTTP/1.1" 200 2
0:0:0:0:0:0:0:1 - - [05/May/2024:16:32:16 +0200] "GET /bermecars HTTP/1.1" 302 -
0:0:0:0:0:0:0:1 - - [05/May/2024:16:32:16 +0200] "GET /bermecars/ HTTP/1.1" 200 2934
0:0:0:0:0:0:0:1 - - [05/May/2024:16:32:31 +0200] "GET /bermecars HTTP/1.1" 302 -
0:0:0:0:0:0:0:1 - - [05/May/2024:16:32:31 +0200] "GET /bermecars/ HTTP/1.1" 200 2934
0:0:0:0:0:0:0:1 - - [05/May/2024:16:32:32 +0200] "GET /bermecars/logout HTTP/1.1" 302 -
0:0:0:0:0:0:0:1 - - [05/May/2024:16:32:32 +0200] "GET /bermecars HTTP/1.1" 302 -
0:0:0:0:0:0:0:1 - - [05/May/2024:16:32:32 +0200] "GET /bermecars/ HTTP/1.1" 200 858
0:0:0:0:0:0:0:1 - - [05/May/2024:16:32:32 +0200] "GET /bermecars/login.jsp HTTP/1.1" 200 2219
0:0:0:0:0:0:0:1 - - [05/May/2024:16:32:37 +0200] "POST /bermecars/login HTTP/1.1" 200 2
0:0:0:0:0:0:0:1 - - [05/May/2024:16:32:37 +0200] "GET /bermecars HTTP/1.1" 302 -
0:0:0:0:0:0:0:1 - - [05/May/2024:16:32:38 +0200] "GET /bermecars/ HTTP/1.1" 200 2934
127.0.0.1 - tomcat [05/May/2024:16:47:45 +0200] "PUT /manager/text/deploy?path=%2Fbermecars&update=true HTTP/1.1" 200 67
0:0:0:0:0:0:0:1 - - [05/May/2024:16:47:51 +0200] "GET /bermecars/ HTTP/1.1" 200 858
0:0:0:0:0:0:0:1 - - [05/May/2024:16:47:51 +0200] "GET /bermecars/login.jsp HTTP/1.1" 200 2219
0:0:0:0:0:0:0:1 - - [05/May/2024:16:47:52 +0200] "GET /bermecars/login.jsp HTTP/1.1" 200 2219
0:0:0:0:0:0:0:1 - - [05/May/2024:16:47:58 +0200] "POST /bermecars/login HTTP/1.1" 200 2
0:0:0:0:0:0:0:1 - - [05/May/2024:16:47:58 +0200] "GET /bermecars HTTP/1.1" 302 -
0:0:0:0:0:0:0:1 - - [05/May/2024:16:47:59 +0200] "GET /bermecars/ HTTP/1.1" 200 2934
0:0:0:0:0:0:0:1 - - [05/May/2024:16:48:07 +0200] "GET /bermecars/logout HTTP/1.1" 302 -
0:0:0:0:0:0:0:1 - - [05/May/2024:16:48:07 +0200] "GET /bermecars HTTP/1.1" 302 -
0:0:0:0:0:0:0:1 - - [05/May/2024:16:48:07 +0200] "GET /bermecars/ HTTP/1.1" 200 858
0:0:0:0:0:0:0:1 - - [05/May/2024:16:48:07 +0200] "GET /bermecars/login.jsp HTTP/1.1" 200 2219
0:0:0:0:0:0:0:1 - - [05/May/2024:16:48:09 +0200] "GET /bermecars/register.jsp HTTP/1.1" 200 2329
0:0:0:0:0:0:0:1 - - [05/May/2024:16:48:17 +0200] "POST /bermecars/register HTTP/1.1" 500 3184
0:0:0:0:0:0:0:1 - - [05/May/2024:16:48:21 +0200] "POST /bermecars/register HTTP/1.1" 500 3184
127.0.0.1 - tomcat [05/May/2024:16:48:58 +0200] "PUT /manager/text/deploy?path=%2Fbermecars&update=true HTTP/1.1" 200 67
0:0:0:0:0:0:0:1 - - [05/May/2024:16:49:14 +0200] "GET /bermecars/register.jsp HTTP/1.1" 200 2329
0:0:0:0:0:0:0:1 - - [05/May/2024:16:49:22 +0200] "POST /bermecars/register HTTP/1.1" 200 2
0:0:0:0:0:0:0:1 - - [05/May/2024:16:49:23 +0200] "GET /bermecars HTTP/1.1" 302 -
0:0:0:0:0:0:0:1 - - [05/May/2024:16:49:23 +0200] "GET /bermecars/ HTTP/1.1" 200 2934
0:0:0:0:0:0:0:1 - - [05/May/2024:16:49:27 +0200] "GET /bermecars/logout HTTP/1.1" 302 -
0:0:0:0:0:0:0:1 - - [05/May/2024:16:49:27 +0200] "GET /bermecars HTTP/1.1" 302 -
0:0:0:0:0:0:0:1 - - [05/May/2024:16:49:27 +0200] "GET /bermecars/ HTTP/1.1" 200 858
0:0:0:0:0:0:0:1 - - [05/May/2024:16:49:27 +0200] "GET /bermecars/login.jsp HTTP/1.1" 200 2219
0:0:0:0:0:0:0:1 - - [05/May/2024:16:49:33 +0200] "POST /bermecars/login HTTP/1.1" 200 2
0:0:0:0:0:0:0:1 - - [05/May/2024:16:49:33 +0200] "GET /bermecars HTTP/1.1" 302 -
0:0:0:0:0:0:0:1 - - [05/May/2024:16:49:33 +0200] "GET /bermecars/ HTTP/1.1" 200 2934
0:0:0:0:0:0:0:1 - - [05/May/2024:16:50:20 +0200] "GET /bermecars/logout HTTP/1.1" 302 -
0:0:0:0:0:0:0:1 - - [05/May/2024:16:50:20 +0200] "GET /bermecars HTTP/1.1" 302 -
0:0:0:0:0:0:0:1 - - [05/May/2024:16:50:20 +0200] "GET /bermecars/ HTTP/1.1" 200 858
0:0:0:0:0:0:0:1 - - [05/May/2024:16:50:20 +0200] "GET /bermecars/login.jsp HTTP/1.1" 200 2219
0:0:0:0:0:0:0:1 - - [05/May/2024:16:50:22 +0200] "GET /bermecars/register.jsp HTTP/1.1" 200 2329
0:0:0:0:0:0:0:1 - - [05/May/2024:16:50:33 +0200] "POST /bermecars/register HTTP/1.1" 200 2
0:0:0:0:0:0:0:1 - - [05/May/2024:16:50:33 +0200] "GET /bermecars HTTP/1.1" 302 -
0:0:0:0:0:0:0:1 - - [05/May/2024:16:50:33 +0200] "GET /bermecars/ HTTP/1.1" 200 2934
0:0:0:0:0:0:0:1 - - [05/May/2024:16:50:35 +0200] "GET /bermecars/logout HTTP/1.1" 302 -
0:0:0:0:0:0:0:1 - - [05/May/2024:16:50:35 +0200] "GET /bermecars HTTP/1.1" 302 -
0:0:0:0:0:0:0:1 - - [05/May/2024:16:50:35 +0200] "GET /bermecars/ HTTP/1.1" 200 858
0:0:0:0:0:0:0:1 - - [05/May/2024:16:50:35 +0200] "GET /bermecars/login.jsp HTTP/1.1" 200 2219
0:0:0:0:0:0:0:1 - - [05/May/2024:16:52:53 +0200] "POST /bermecars/login HTTP/1.1" 200 2
0:0:0:0:0:0:0:1 - - [05/May/2024:16:52:53 +0200] "GET /bermecars HTTP/1.1" 302 -
0:0:0:0:0:0:0:1 - - [05/May/2024:16:52:53 +0200] "GET /bermecars/ HTTP/1.1" 200 2934
127.0.0.1 - tomcat [05/May/2024:16:54:44 +0200] "PUT /manager/text/deploy?path=%2Fbermecars&update=true HTTP/1.1" 200 67
0:0:0:0:0:0:0:1 - - [05/May/2024:16:54:44 +0200] "GET /bermecars/ HTTP/1.1" 500 2539
127.0.0.1 - tomcat [05/May/2024:16:55:00 +0200] "PUT /manager/text/deploy?path=%2Fbermecars&update=true HTTP/1.1" 200 67
0:0:0:0:0:0:0:1 - - [05/May/2024:16:55:04 +0200] "GET /bermecars/ HTTP/1.1" 200 858
0:0:0:0:0:0:0:1 - - [05/May/2024:16:55:05 +0200] "GET /bermecars/login.jsp HTTP/1.1" 200 2219
0:0:0:0:0:0:0:1 - - [05/May/2024:16:55:11 +0200] "POST /bermecars/login HTTP/1.1" 200 2
0:0:0:0:0:0:0:1 - - [05/May/2024:16:55:11 +0200] "GET /bermecars HTTP/1.1" 302 -
0:0:0:0:0:0:0:1 - - [05/May/2024:16:55:11 +0200] "GET /bermecars/ HTTP/1.1" 200 2934
127.0.0.1 - tomcat [05/May/2024:16:56:07 +0200] "PUT /manager/text/deploy?path=%2Fbermecars&update=true HTTP/1.1" 200 67
0:0:0:0:0:0:0:1 - - [05/May/2024:16:56:08 +0200] "GET /bermecars/ HTTP/1.1" 200 858
0:0:0:0:0:0:0:1 - - [05/May/2024:16:56:08 +0200] "GET /bermecars/login.jsp HTTP/1.1" 200 2219
0:0:0:0:0:0:0:1 - - [05/May/2024:16:56:13 +0200] "POST /bermecars/login HTTP/1.1" 200 2
0:0:0:0:0:0:0:1 - - [05/May/2024:16:56:13 +0200] "GET /bermecars HTTP/1.1" 302 -
0:0:0:0:0:0:0:1 - - [05/May/2024:16:56:14 +0200] "GET /bermecars/ HTTP/1.1" 200 2934
127.0.0.1 - tomcat [05/May/2024:16:57:52 +0200] "PUT /manager/text/deploy?path=%2Fbermecars&update=true HTTP/1.1" 200 67
0:0:0:0:0:0:0:1 - - [05/May/2024:16:57:54 +0200] "GET /bermecars/ HTTP/1.1" 200 858
0:0:0:0:0:0:0:1 - - [05/May/2024:16:57:54 +0200] "GET /bermecars/login.jsp HTTP/1.1" 200 2219
0:0:0:0:0:0:0:1 - - [05/May/2024:16:57:59 +0200] "POST /bermecars/login HTTP/1.1" 200 2
0:0:0:0:0:0:0:1 - - [05/May/2024:16:57:59 +0200] "GET /bermecars HTTP/1.1" 302 -
0:0:0:0:0:0:0:1 - - [05/May/2024:16:57:59 +0200] "GET /bermecars/ HTTP/1.1" 200 2980
127.0.0.1 - tomcat [05/May/2024:17:00:00 +0200] "PUT /manager/text/deploy?path=%2Fbermecars&update=true HTTP/1.1" 200 67
127.0.0.1 - tomcat [05/May/2024:17:00:17 +0200] "PUT /manager/text/deploy?path=%2Fbermecars&update=true HTTP/1.1" 200 67
0:0:0:0:0:0:0:1 - - [05/May/2024:17:00:19 +0200] "GET /bermecars/ HTTP/1.1" 500 5908
127.0.0.1 - tomcat [05/May/2024:17:01:19 +0200] "PUT /manager/text/deploy?path=%2Fbermecars&update=true HTTP/1.1" 200 67
127.0.0.1 - tomcat [05/May/2024:17:01:25 +0200] "PUT /manager/text/deploy?path=%2Fbermecars&update=true HTTP/1.1" 200 67
0:0:0:0:0:0:0:1 - - [05/May/2024:17:01:26 +0200] "GET /bermecars/ HTTP/1.1" 500 2697
0:0:0:0:0:0:0:1 - - [05/May/2024:17:01:27 +0200] "GET /bermecars/ HTTP/1.1" 500 2838
0:0:0:0:0:0:0:1 - - [05/May/2024:17:01:29 +0200] "GET /bermecars/ HTTP/1.1" 500 2838
0:0:0:0:0:0:0:1 - - [05/May/2024:17:01:30 +0200] "GET /bermecars/ HTTP/1.1" 500 2838
0:0:0:0:0:0:0:1 - - [05/May/2024:17:01:30 +0200] "GET /bermecars/ HTTP/1.1" 500 2697
0:0:0:0:0:0:0:1 - - [05/May/2024:17:01:31 +0200] "GET /bermecars/ HTTP/1.1" 500 2838
0:0:0:0:0:0:0:1 - - [05/May/2024:17:01:31 +0200] "GET /bermecars/ HTTP/1.1" 500 2838
0:0:0:0:0:0:0:1 - - [05/May/2024:17:01:33 +0200] "GET /bermecars/ HTTP/1.1" 500 2838
0:0:0:0:0:0:0:1 - - [05/May/2024:17:01:34 +0200] "GET /bermecars/ HTTP/1.1" 500 2838
0:0:0:0:0:0:0:1 - - [05/May/2024:17:01:34 +0200] "GET /bermecars/ HTTP/1.1" 500 2838
0:0:0:0:0:0:0:1 - - [05/May/2024:17:01:35 +0200] "GET /bermecars/ HTTP/1.1" 500 2697
0:0:0:0:0:0:0:1 - - [05/May/2024:17:01:35 +0200] "GET /bermecars/ HTTP/1.1" 500 2838
0:0:0:0:0:0:0:1 - - [05/May/2024:17:01:39 +0200] "GET /bermecars/login.jsp HTTP/1.1" 200 2219
0:0:0:0:0:0:0:1 - - [05/May/2024:17:01:44 +0200] "POST /bermecars/login HTTP/1.1" 200 2
0:0:0:0:0:0:0:1 - - [05/May/2024:17:01:44 +0200] "GET /bermecars HTTP/1.1" 302 -
0:0:0:0:0:0:0:1 - - [05/May/2024:17:01:45 +0200] "GET /bermecars/ HTTP/1.1" 500 2697
127.0.0.1 - tomcat [05/May/2024:17:02:04 +0200] "PUT /manager/text/deploy?path=%2Fbermecars&update=true HTTP/1.1" 200 67
0:0:0:0:0:0:0:1 - - [05/May/2024:17:02:05 +0200] "GET /bermecars/ HTTP/1.1" 200 858
0:0:0:0:0:0:0:1 - - [05/May/2024:17:02:05 +0200] "GET /bermecars/login.jsp HTTP/1.1" 200 2219
0:0:0:0:0:0:0:1 - - [05/May/2024:17:02:11 +0200] "POST /bermecars/login HTTP/1.1" 200 73
0:0:0:0:0:0:0:1 - - [05/May/2024:17:02:11 +0200] "POST /bermecars/login HTTP/1.1" 200 73
0:0:0:0:0:0:0:1 - - [05/May/2024:17:02:13 +0200] "POST /bermecars/login HTTP/1.1" 200 2
0:0:0:0:0:0:0:1 - - [05/May/2024:17:02:13 +0200] "GET /bermecars HTTP/1.1" 302 -
0:0:0:0:0:0:0:1 - - [05/May/2024:17:02:13 +0200] "GET /bermecars/ HTTP/1.1" 200 2971
127.0.0.1 - tomcat [05/May/2024:17:03:03 +0200] "PUT /manager/text/deploy?path=%2Fbermecars&update=true HTTP/1.1" 200 67
0:0:0:0:0:0:0:1 - - [05/May/2024:17:03:05 +0200] "GET /bermecars/ HTTP/1.1" 500 5460
127.0.0.1 - tomcat [05/May/2024:17:03:24 +0200] "PUT /manager/text/deploy?path=%2Fbermecars&update=true HTTP/1.1" 200 67
0:0:0:0:0:0:0:1 - - [05/May/2024:17:03:30 +0200] "GET /bermecars/ HTTP/1.1" 200 858
0:0:0:0:0:0:0:1 - - [05/May/2024:17:03:30 +0200] "GET /bermecars/login.jsp HTTP/1.1" 200 2219
127.0.0.1 - tomcat [05/May/2024:17:04:17 +0200] "PUT /manager/text/deploy?path=%2Fbermecars&update=true HTTP/1.1" 200 67
0:0:0:0:0:0:0:1 - - [05/May/2024:17:04:24 +0200] "GET /bermecars/login.jsp HTTP/1.1" 200 2219
0:0:0:0:0:0:0:1 - - [05/May/2024:17:04:37 +0200] "GET /bermecars/login.jsp HTTP/1.1" 200 2219
0:0:0:0:0:0:0:1 - - [05/May/2024:17:04:44 +0200] "GET /bermecars/login.jsp HTTP/1.1" 200 2219
0:0:0:0:0:0:0:1 - - [05/May/2024:17:04:44 +0200] "GET /bermecars/login.jsp HTTP/1.1" 200 2219
0:0:0:0:0:0:0:1 - - [05/May/2024:17:04:45 +0200] "GET /bermecars/login.jsp HTTP/1.1" 200 2219
0:0:0:0:0:0:0:1 - - [05/May/2024:17:04:45 +0200] "GET /bermecars/login.jsp HTTP/1.1" 200 2219
0:0:0:0:0:0:0:1 - - [05/May/2024:17:04:45 +0200] "GET /bermecars/login.jsp HTTP/1.1" 200 2219
0:0:0:0:0:0:0:1 - - [05/May/2024:17:04:46 +0200] "GET /bermecars/login.jsp HTTP/1.1" 200 2219
127.0.0.1 - tomcat [05/May/2024:17:04:55 +0200] "PUT /manager/text/deploy?path=%2Fbermecars&update=true HTTP/1.1" 200 67
0:0:0:0:0:0:0:1 - - [05/May/2024:17:04:58 +0200] "GET /bermecars/login.jsp HTTP/1.1" 200 2214
0:0:0:0:0:0:0:1 - - [05/May/2024:17:04:59 +0200] "GET /bermecars/login.jsp HTTP/1.1" 200 2214
127.0.0.1 - tomcat [05/May/2024:17:05:38 +0200] "PUT /manager/text/deploy?path=%2Fbermecars&update=true HTTP/1.1" 200 67
0:0:0:0:0:0:0:1 - - [05/May/2024:17:05:39 +0200] "GET /bermecars/login.jsp HTTP/1.1" 200 2231
0:0:0:0:0:0:0:1 - - [05/May/2024:17:06:05 +0200] "GET /bermecars/login.jsp HTTP/1.1" 200 2231
127.0.0.1 - tomcat [05/May/2024:17:06:14 +0200] "PUT /manager/text/deploy?path=%2Fbermecars&update=true HTTP/1.1" 200 67
0:0:0:0:0:0:0:1 - - [05/May/2024:17:06:14 +0200] "GET /bermecars/login.jsp HTTP/1.1" 200 2232
127.0.0.1 - tomcat [05/May/2024:17:09:48 +0200] "PUT /manager/text/deploy?path=%2Fbermecars&update=true HTTP/1.1" 200 67
0:0:0:0:0:0:0:1 - - [05/May/2024:17:09:50 +0200] "GET /bermecars/login.jsp HTTP/1.1" 200 2371
0:0:0:0:0:0:0:1 - - [05/May/2024:17:09:50 +0200] "GET /bermecars/login.jsp HTTP/1.1" 200 2371
127.0.0.1 - tomcat [05/May/2024:17:10:27 +0200] "PUT /manager/text/deploy?path=%2Fbermecars&update=true HTTP/1.1" 200 67
0:0:0:0:0:0:0:1 - - [05/May/2024:17:10:27 +0200] "GET /bermecars/login.jsp HTTP/1.1" 200 2445
0:0:0:0:0:0:0:1 - - [05/May/2024:17:10:35 +0200] "GET /bermecars/login.jsp HTTP/1.1" 200 2445
127.0.0.1 - tomcat [05/May/2024:17:10:42 +0200] "PUT /manager/text/deploy?path=%2Fbermecars&update=true HTTP/1.1" 200 67
0:0:0:0:0:0:0:1 - - [05/May/2024:17:10:43 +0200] "GET /bermecars/login.jsp HTTP/1.1" 200 2449
0:0:0:0:0:0:0:1 - - [05/May/2024:17:11:01 +0200] "GET /bermecars/login.jsp HTTP/1.1" 200 2449
127.0.0.1 - tomcat [05/May/2024:17:11:09 +0200] "PUT /manager/text/deploy?path=%2Fbermecars&update=true HTTP/1.1" 200 67
0:0:0:0:0:0:0:1 - - [05/May/2024:17:11:10 +0200] "GET /bermecars/login.jsp HTTP/1.1" 200 2448
0:0:0:0:0:0:0:1 - - [05/May/2024:17:11:14 +0200] "GET /bermecars/register.jsp HTTP/1.1" 200 2329
127.0.0.1 - tomcat [05/May/2024:17:12:26 +0200] "PUT /manager/text/deploy?path=%2Fbermecars&update=true HTTP/1.1" 200 67
0:0:0:0:0:0:0:1 - - [05/May/2024:17:12:27 +0200] "GET /bermecars/login.jsp HTTP/1.1" 200 2447
0:0:0:0:0:0:0:1 - - [05/May/2024:17:12:28 +0200] "GET /bermecars/login.jsp HTTP/1.1" 200 2447
0:0:0:0:0:0:0:1 - - [05/May/2024:17:12:28 +0200] "GET /bermecars/login.jsp HTTP/1.1" 200 2447
0:0:0:0:0:0:0:1 - - [05/May/2024:17:12:28 +0200] "GET /bermecars/login.jsp HTTP/1.1" 200 2447
0:0:0:0:0:0:0:1 - - [05/May/2024:17:12:28 +0200] "GET /bermecars/login.jsp HTTP/1.1" 200 2447
0:0:0:0:0:0:0:1 - - [05/May/2024:17:12:36 +0200] "GET /bermecars/login.jsp HTTP/1.1" 200 2447
127.0.0.1 - tomcat [05/May/2024:17:12:43 +0200] "PUT /manager/text/deploy?path=%2Fbermecars&update=true HTTP/1.1" 200 67
0:0:0:0:0:0:0:1 - - [05/May/2024:17:12:45 +0200] "GET /bermecars/login.jsp HTTP/1.1" 200 2448
0:0:0:0:0:0:0:1 - - [05/May/2024:17:13:10 +0200] "GET /bermecars/login.jsp HTTP/1.1" 200 2448
0:0:0:0:0:0:0:1 - - [05/May/2024:17:13:11 +0200] "GET /bermecars/login.jsp HTTP/1.1" 200 2448
127.0.0.1 - tomcat [05/May/2024:17:13:24 +0200] "PUT /manager/text/deploy?path=%2Fbermecars&update=true HTTP/1.1" 200 67
0:0:0:0:0:0:0:1 - - [05/May/2024:17:13:25 +0200] "GET /bermecars/login.jsp HTTP/1.1" 200 2455
127.0.0.1 - tomcat [05/May/2024:17:13:47 +0200] "PUT /manager/text/deploy?path=%2Fbermecars&update=true HTTP/1.1" 200 67
0:0:0:0:0:0:0:1 - - [05/May/2024:17:13:51 +0200] "GET /bermecars/login.jsp HTTP/1.1" 200 2455
127.0.0.1 - tomcat [05/May/2024:17:13:54 +0200] "PUT /manager/text/deploy?path=%2Fbermecars&update=true HTTP/1.1" 200 67
0:0:0:0:0:0:0:1 - - [05/May/2024:17:14:00 +0200] "GET /bermecars/login.jsp HTTP/1.1" 200 2455
127.0.0.1 - tomcat [05/May/2024:17:14:04 +0200] "PUT /manager/text/deploy?path=%2Fbermecars&update=true HTTP/1.1" 200 67
0:0:0:0:0:0:0:1 - - [05/May/2024:17:14:06 +0200] "GET /bermecars/login.jsp HTTP/1.1" 200 2455
0:0:0:0:0:0:0:1 - - [05/May/2024:17:14:21 +0200] "GET /bermecars/login.jsp HTTP/1.1" 200 2455
0:0:0:0:0:0:0:1 - - [05/May/2024:17:14:22 +0200] "GET /bermecars/login.jsp HTTP/1.1" 200 2455
127.0.0.1 - tomcat [05/May/2024:17:14:29 +0200] "PUT /manager/text/deploy?path=%2Fbermecars&update=true HTTP/1.1" 200 67
0:0:0:0:0:0:0:1 - - [05/May/2024:17:14:31 +0200] "GET /bermecars/login.jsp HTTP/1.1" 200 2455
127.0.0.1 - tomcat [05/May/2024:17:14:54 +0200] "PUT /manager/text/deploy?path=%2Fbermecars&update=true HTTP/1.1" 200 67
0:0:0:0:0:0:0:1 - - [05/May/2024:17:14:56 +0200] "GET /bermecars/login.jsp HTTP/1.1" 200 2455
0:0:0:0:0:0:0:1 - - [05/May/2024:17:14:57 +0200] "GET /bermecars/login.jsp HTTP/1.1" 200 2455
0:0:0:0:0:0:0:1 - - [05/May/2024:17:15:03 +0200] "GET /bermecars/login.jsp HTTP/1.1" 200 2455
127.0.0.1 - tomcat [05/May/2024:17:15:10 +0200] "PUT /manager/text/deploy?path=%2Fbermecars&update=true HTTP/1.1" 200 67
0:0:0:0:0:0:0:1 - - [05/May/2024:17:15:13 +0200] "GET /bermecars/login.jsp HTTP/1.1" 200 2455
0:0:0:0:0:0:0:1 - - [05/May/2024:17:15:14 +0200] "GET /bermecars/register.jsp HTTP/1.1" 200 2329
127.0.0.1 - tomcat [05/May/2024:17:15:25 +0200] "PUT /manager/text/deploy?path=%2Fbermecars&update=true HTTP/1.1" 200 67
127.0.0.1 - tomcat [05/May/2024:17:15:32 +0200] "PUT /manager/text/deploy?path=%2Fbermecars&update=true HTTP/1.1" 200 67
0:0:0:0:0:0:0:1 - - [05/May/2024:17:15:33 +0200] "GET /bermecars/login.jsp HTTP/1.1" 200 2450
127.0.0.1 - tomcat [05/May/2024:17:15:50 +0200] "PUT /manager/text/deploy?path=%2Fbermecars&update=true HTTP/1.1" 200 67
0:0:0:0:0:0:0:1 - - [05/May/2024:17:15:53 +0200] "GET /bermecars/login.jsp HTTP/1.1" 200 2445
0:0:0:0:0:0:0:1 - - [05/May/2024:17:16:02 +0200] "GET /bermecars/login.jsp HTTP/1.1" 404 753
127.0.0.1 - tomcat [05/May/2024:17:16:03 +0200] "PUT /manager/text/deploy?path=%2Fbermecars&update=true HTTP/1.1" 200 67
0:0:0:0:0:0:0:1 - - [05/May/2024:17:16:04 +0200] "GET /bermecars/login.jsp HTTP/1.1" 200 2450
0:0:0:0:0:0:0:1 - - [05/May/2024:17:16:05 +0200] "GET /bermecars/register.jsp HTTP/1.1" 200 2329
127.0.0.1 - tomcat [05/May/2024:17:16:59 +0200] "PUT /manager/text/deploy?path=%2Fbermecars&update=true HTTP/1.1" 200 67
0:0:0:0:0:0:0:1 - - [05/May/2024:17:17:00 +0200] "GET /bermecars/register.jsp HTTP/1.1" 200 2451
127.0.0.1 - tomcat [05/May/2024:17:17:23 +0200] "PUT /manager/text/deploy?path=%2Fbermecars&update=true HTTP/1.1" 200 67
0:0:0:0:0:0:0:1 - - [05/May/2024:17:17:31 +0200] "GET /bermecars/register.jsp HTTP/1.1" 200 2448
0:0:0:0:0:0:0:1 - - [05/May/2024:17:17:32 +0200] "GET /bermecars/register.jsp HTTP/1.1" 200 2448
127.0.0.1 - tomcat [05/May/2024:17:17:50 +0200] "PUT /manager/text/deploy?path=%2Fbermecars&update=true HTTP/1.1" 200 67
127.0.0.1 - tomcat [05/May/2024:17:18:02 +0200] "PUT /manager/text/deploy?path=%2Fbermecars&update=true HTTP/1.1" 200 67
0:0:0:0:0:0:0:1 - - [05/May/2024:17:18:10 +0200] "GET /bermecars/register.jsp HTTP/1.1" 200 2452
0:0:0:0:0:0:0:1 - - [05/May/2024:17:18:28 +0200] "GET /bermecars/login.jsp HTTP/1.1" 200 2450
0:0:0:0:0:0:0:1 - - [05/May/2024:17:18:31 +0200] "GET /bermecars/register.jsp HTTP/1.1" 200 2452
0:0:0:0:0:0:0:1 - - [05/May/2024:17:18:31 +0200] "GET /bermecars/login.jsp HTTP/1.1" 200 2450
0:0:0:0:0:0:0:1 - - [05/May/2024:17:18:32 +0200] "GET /bermecars/register.jsp HTTP/1.1" 200 2452
0:0:0:0:0:0:0:1 - - [05/May/2024:17:18:33 +0200] "GET /bermecars/login.jsp HTTP/1.1" 200 2450
0:0:0:0:0:0:0:1 - - [05/May/2024:17:18:33 +0200] "GET /bermecars/register.jsp HTTP/1.1" 200 2452
0:0:0:0:0:0:0:1 - - [05/May/2024:17:18:35 +0200] "GET /bermecars HTTP/1.1" 302 -
0:0:0:0:0:0:0:1 - - [05/May/2024:17:18:35 +0200] "GET /bermecars/ HTTP/1.1" 200 858
0:0:0:0:0:0:0:1 - - [05/May/2024:17:18:35 +0200] "GET /bermecars/login.jsp HTTP/1.1" 200 2450
0:0:0:0:0:0:0:1 - - [05/May/2024:17:18:40 +0200] "POST /bermecars/login HTTP/1.1" 200 2
0:0:0:0:0:0:0:1 - - [05/May/2024:17:18:40 +0200] "GET /bermecars HTTP/1.1" 302 -
0:0:0:0:0:0:0:1 - - [05/May/2024:17:18:40 +0200] "GET /bermecars/ HTTP/1.1" 200 2932
0:0:0:0:0:0:0:1 - - [05/May/2024:17:18:42 +0200] "GET /bermecars/logout HTTP/1.1" 302 -
0:0:0:0:0:0:0:1 - - [05/May/2024:17:18:42 +0200] "GET /bermecars HTTP/1.1" 302 -
0:0:0:0:0:0:0:1 - - [05/May/2024:17:18:42 +0200] "GET /bermecars/ HTTP/1.1" 200 858
0:0:0:0:0:0:0:1 - - [05/May/2024:17:18:42 +0200] "GET /bermecars/login.jsp HTTP/1.1" 200 2450
0:0:0:0:0:0:0:1 - - [05/May/2024:17:18:43 +0200] "GET /bermecars/register.jsp HTTP/1.1" 200 2452
0:0:0:0:0:0:0:1 - - [05/May/2024:17:18:50 +0200] "GET /bermecars/login.jsp HTTP/1.1" 200 2450
127.0.0.1 - tomcat [05/May/2024:17:23:07 +0200] "PUT /manager/text/deploy?path=%2Fbermecars&update=true HTTP/1.1" 200 67
0:0:0:0:0:0:0:1 - - [05/May/2024:17:23:09 +0200] "GET /bermecars/login.jsp HTTP/1.1" 200 2432
0:0:0:0:0:0:0:1 - - [05/May/2024:17:23:14 +0200] "POST /bermecars/login HTTP/1.1" 200 2
0:0:0:0:0:0:0:1 - - [05/May/2024:17:23:14 +0200] "GET /bermecars HTTP/1.1" 302 -
0:0:0:0:0:0:0:1 - - [05/May/2024:17:23:14 +0200] "GET /bermecars/ HTTP/1.1" 200 2947
0:0:0:0:0:0:0:1 - - [05/May/2024:17:23:16 +0200] "GET /bermecars/user-profile.jsp HTTP/1.1" 500 4701
127.0.0.1 - tomcat [05/May/2024:17:24:49 +0200] "PUT /manager/text/deploy?path=%2Fbermecars&update=true HTTP/1.1" 200 67
0:0:0:0:0:0:0:1 - - [05/May/2024:17:25:00 +0200] "GET /bermecars/user-profile.jsp HTTP/1.1" 500 3892
0:0:0:0:0:0:0:1 - - [05/May/2024:17:25:01 +0200] "GET /bermecars/user-profile.jsp HTTP/1.1" 500 2882
0:0:0:0:0:0:0:1 - - [05/May/2024:17:25:01 +0200] "GET /bermecars/user-profile.jsp HTTP/1.1" 500 2882
0:0:0:0:0:0:0:1 - - [05/May/2024:17:25:04 +0200] "GET /bermecars/user-profile.jsp HTTP/1.1" 500 2882
0:0:0:0:0:0:0:1 - - [05/May/2024:17:25:06 +0200] "GET /bermecars/user-profile.jsp HTTP/1.1" 500 3892
127.0.0.1 - tomcat [05/May/2024:17:25:25 +0200] "PUT /manager/text/deploy?path=%2Fbermecars&update=true HTTP/1.1" 200 67
0:0:0:0:0:0:0:1 - - [05/May/2024:17:25:27 +0200] "GET /bermecars/user-profile.jsp HTTP/1.1" 500 3954
0:0:0:0:0:0:0:1 - - [05/May/2024:17:25:28 +0200] "GET /bermecars/user-profile.jsp HTTP/1.1" 500 2882
0:0:0:0:0:0:0:1 - - [05/May/2024:17:25:31 +0200] "GET /bermecars/user-profile.jsp HTTP/1.1" 500 2882
0:0:0:0:0:0:0:1 - - [05/May/2024:17:25:31 +0200] "GET /bermecars/user-profile.jsp HTTP/1.1" 500 3954
127.0.0.1 - tomcat [05/May/2024:17:26:30 +0200] "PUT /manager/text/deploy?path=%2Fbermecars&update=true HTTP/1.1" 200 67
0:0:0:0:0:0:0:1 - - [05/May/2024:17:26:35 +0200] "GET /bermecars/user-profile.jsp HTTP/1.1" 500 3393
0:0:0:0:0:0:0:1 - - [05/May/2024:17:26:46 +0200] "GET /bermecars HTTP/1.1" 302 -
0:0:0:0:0:0:0:1 - - [05/May/2024:17:26:47 +0200] "GET /bermecars/ HTTP/1.1" 200 858
0:0:0:0:0:0:0:1 - - [05/May/2024:17:26:47 +0200] "GET /bermecars/login.jsp HTTP/1.1" 200 2432
0:0:0:0:0:0:0:1 - - [05/May/2024:17:26:52 +0200] "POST /bermecars/login HTTP/1.1" 200 2
0:0:0:0:0:0:0:1 - - [05/May/2024:17:26:52 +0200] "GET /bermecars HTTP/1.1" 302 -
0:0:0:0:0:0:0:1 - - [05/May/2024:17:26:52 +0200] "GET /bermecars/ HTTP/1.1" 200 2947
0:0:0:0:0:0:0:1 - - [05/May/2024:17:26:55 +0200] "GET /bermecars/user-profile.jsp HTTP/1.1" 500 3393
127.0.0.1 - tomcat [05/May/2024:17:31:00 +0200] "PUT /manager/text/deploy?path=%2Fbermecars&update=true HTTP/1.1" 200 67
127.0.0.1 - tomcat [05/May/2024:17:31:08 +0200] "PUT /manager/text/deploy?path=%2Fbermecars&update=true HTTP/1.1" 200 67
0:0:0:0:0:0:0:1 - - [05/May/2024:17:31:12 +0200] "GET /bermecars/ HTTP/1.1" 200 858
0:0:0:0:0:0:0:1 - - [05/May/2024:17:31:12 +0200] "GET /bermecars/login.jsp HTTP/1.1" 200 2432
0:0:0:0:0:0:0:1 - - [05/May/2024:17:31:18 +0200] "POST /bermecars/login HTTP/1.1" 200 2
0:0:0:0:0:0:0:1 - - [05/May/2024:17:31:18 +0200] "GET /bermecars HTTP/1.1" 302 -
0:0:0:0:0:0:0:1 - - [05/May/2024:17:31:18 +0200] "GET /bermecars/ HTTP/1.1" 200 2947
0:0:0:0:0:0:0:1 - - [05/May/2024:17:31:20 +0200] "GET /bermecars/user-profile.jsp HTTP/1.1" 500 3126
127.0.0.1 - tomcat [05/May/2024:17:31:50 +0200] "PUT /manager/text/deploy?path=%2Fbermecars&update=true HTTP/1.1" 200 67
0:0:0:0:0:0:0:1 - - [05/May/2024:17:31:52 +0200] "GET /bermecars/user-profile.jsp HTTP/1.1" 500 3024
0:0:0:0:0:0:0:1 - - [05/May/2024:17:31:58 +0200] "POST /bermecars/login HTTP/1.1" 200 2
0:0:0:0:0:0:0:1 - - [05/May/2024:17:31:58 +0200] "GET /bermecars HTTP/1.1" 302 -
0:0:0:0:0:0:0:1 - - [05/May/2024:17:31:59 +0200] "GET /bermecars/ HTTP/1.1" 200 2947
0:0:0:0:0:0:0:1 - - [05/May/2024:17:32:01 +0200] "GET /bermecars/user-profile.jsp HTTP/1.1" 500 3024
127.0.0.1 - tomcat [05/May/2024:17:32:50 +0200] "PUT /manager/text/deploy?path=%2Fbermecars&update=true HTTP/1.1" 200 67
0:0:0:0:0:0:0:1 - - [05/May/2024:17:32:52 +0200] "GET /bermecars/user-profile.jsp HTTP/1.1" 500 3427
0:0:0:0:0:0:0:1 - - [05/May/2024:17:32:52 +0200] "GET /bermecars/user-profile.jsp HTTP/1.1" 500 2882
0:0:0:0:0:0:0:1 - - [05/May/2024:17:32:54 +0200] "GET /bermecars/user-profile.jsp HTTP/1.1" 500 2882
0:0:0:0:0:0:0:1 - - [05/May/2024:17:32:56 +0200] "GET /bermecars/user-profile.jsp HTTP/1.1" 500 3427
127.0.0.1 - tomcat [05/May/2024:17:33:14 +0200] "PUT /manager/text/deploy?path=%2Fbermecars&update=true HTTP/1.1" 200 67
0:0:0:0:0:0:0:1 - - [05/May/2024:17:33:20 +0200] "GET /bermecars/user-profile.jsp HTTP/1.1" 500 3396
127.0.0.1 - tomcat [05/May/2024:17:33:57 +0200] "PUT /manager/text/deploy?path=%2Fbermecars&update=true HTTP/1.1" 200 67
0:0:0:0:0:0:0:1 - - [05/May/2024:17:34:10 +0200] "GET /bermecars/user-profile.jsp HTTP/1.1" 500 3427
0:0:0:0:0:0:0:1 - - [05/May/2024:17:34:11 +0200] "GET /bermecars/user-profile.jsp HTTP/1.1" 500 2882
0:0:0:0:0:0:0:1 - - [05/May/2024:17:34:11 +0200] "GET /bermecars/user-profile.jsp HTTP/1.1" 500 2882
0:0:0:0:0:0:0:1 - - [05/May/2024:17:34:14 +0200] "GET /bermecars/user-profile.jsp HTTP/1.1" 500 3427
127.0.0.1 - tomcat [05/May/2024:17:34:48 +0200] "PUT /manager/text/deploy?path=%2Fbermecars&update=true HTTP/1.1" 200 67
0:0:0:0:0:0:0:1 - - [05/May/2024:17:34:50 +0200] "GET /bermecars/user-profile.jsp HTTP/1.1" 500 3017
0:0:0:0:0:0:0:1 - - [05/May/2024:17:34:51 +0200] "GET /bermecars/ HTTP/1.1" 200 858
0:0:0:0:0:0:0:1 - - [05/May/2024:17:34:52 +0200] "GET /bermecars/login.jsp HTTP/1.1" 200 2432
0:0:0:0:0:0:0:1 - - [05/May/2024:17:34:56 +0200] "POST /bermecars/login HTTP/1.1" 200 2
0:0:0:0:0:0:0:1 - - [05/May/2024:17:34:56 +0200] "GET /bermecars HTTP/1.1" 302 -
0:0:0:0:0:0:0:1 - - [05/May/2024:17:34:56 +0200] "GET /bermecars/ HTTP/1.1" 200 2947
0:0:0:0:0:0:0:1 - - [05/May/2024:17:34:59 +0200] "GET /bermecars/user-profile.jsp HTTP/1.1" 500 3017
0:0:0:0:0:0:0:1 - - [05/May/2024:17:35:19 +0200] "GET /bermecars/user-profile.jsp HTTP/1.1" 500 3017
0:0:0:0:0:0:0:1 - - [05/May/2024:17:35:20 +0200] "GET /bermecars/user-profile.jsp HTTP/1.1" 500 2882
0:0:0:0:0:0:0:1 - - [05/May/2024:17:35:21 +0200] "GET /bermecars/user-profile.jsp HTTP/1.1" 500 2882
0:0:0:0:0:0:0:1 - - [05/May/2024:17:35:22 +0200] "GET /bermecars/user-profile.jsp HTTP/1.1" 500 2882
0:0:0:0:0:0:0:1 - - [05/May/2024:17:35:22 +0200] "GET /bermecars/user-profile.jsp HTTP/1.1" 500 2882
0:0:0:0:0:0:0:1 - - [05/May/2024:17:35:23 +0200] "GET /bermecars/user-profile.jsp HTTP/1.1" 500 2882
0:0:0:0:0:0:0:1 - - [05/May/2024:17:35:23 +0200] "GET /bermecars/user-profile.jsp HTTP/1.1" 500 2882
0:0:0:0:0:0:0:1 - - [05/May/2024:17:35:23 +0200] "GET /bermecars/user-profile.jsp HTTP/1.1" 500 2882
0:0:0:0:0:0:0:1 - - [05/May/2024:17:35:32 +0200] "GET /bermecars/user-profile.jsp HTTP/1.1" 404 760
127.0.0.1 - tomcat [05/May/2024:17:35:33 +0200] "PUT /manager/text/deploy?path=%2Fbermecars&update=true HTTP/1.1" 200 67
0:0:0:0:0:0:0:1 - - [05/May/2024:17:35:34 +0200] "GET /bermecars/user-profile.jsp HTTP/1.1" 500 3433
0:0:0:0:0:0:0:1 - - [05/May/2024:17:35:39 +0200] "GET /bermecars HTTP/1.1" 302 -
0:0:0:0:0:0:0:1 - - [05/May/2024:17:35:39 +0200] "GET /bermecars/ HTTP/1.1" 200 858
0:0:0:0:0:0:0:1 - - [05/May/2024:17:35:39 +0200] "GET /bermecars/login.jsp HTTP/1.1" 200 2432
0:0:0:0:0:0:0:1 - - [05/May/2024:17:35:46 +0200] "POST /bermecars/login HTTP/1.1" 200 2
0:0:0:0:0:0:0:1 - - [05/May/2024:17:35:46 +0200] "GET /bermecars HTTP/1.1" 302 -
0:0:0:0:0:0:0:1 - - [05/May/2024:17:35:46 +0200] "POST /bermecars/login HTTP/1.1" 200 2
0:0:0:0:0:0:0:1 - - [05/May/2024:17:35:46 +0200] "GET /bermecars HTTP/1.1" 302 -
0:0:0:0:0:0:0:1 - - [05/May/2024:17:35:46 +0200] "GET /bermecars/ HTTP/1.1" 200 2947
0:0:0:0:0:0:0:1 - - [05/May/2024:17:35:46 +0200] "GET /bermecars/ HTTP/1.1" 200 2947
0:0:0:0:0:0:0:1 - - [05/May/2024:17:36:01 +0200] "GET /bermecars/user-profile.jsp HTTP/1.1" 500 3433
127.0.0.1 - tomcat [05/May/2024:17:36:21 +0200] "PUT /manager/text/deploy?path=%2Fbermecars&update=true HTTP/1.1" 200 67
0:0:0:0:0:0:0:1 - - [05/May/2024:17:36:32 +0200] "GET /bermecars/ HTTP/1.1" 200 858
0:0:0:0:0:0:0:1 - - [05/May/2024:17:36:32 +0200] "GET /bermecars/login.jsp HTTP/1.1" 200 2432
0:0:0:0:0:0:0:1 - - [05/May/2024:17:36:37 +0200] "POST /bermecars/login HTTP/1.1" 200 2
0:0:0:0:0:0:0:1 - - [05/May/2024:17:36:37 +0200] "GET /bermecars HTTP/1.1" 302 -
0:0:0:0:0:0:0:1 - - [05/May/2024:17:36:37 +0200] "GET /bermecars/ HTTP/1.1" 200 2947
0:0:0:0:0:0:0:1 - - [05/May/2024:17:36:40 +0200] "GET /bermecars/user-profile.jsp HTTP/1.1" 500 2887
127.0.0.1 - tomcat [05/May/2024:17:37:21 +0200] "PUT /manager/text/deploy?path=%2Fbermecars&update=true HTTP/1.1" 200 67
0:0:0:0:0:0:0:1 - - [05/May/2024:17:37:26 +0200] "GET /bermecars HTTP/1.1" 302 -
0:0:0:0:0:0:0:1 - - [05/May/2024:17:37:26 +0200] "GET /bermecars/ HTTP/1.1" 200 858
0:0:0:0:0:0:0:1 - - [05/May/2024:17:37:26 +0200] "GET /bermecars/login.jsp HTTP/1.1" 200 2432
0:0:0:0:0:0:0:1 - - [05/May/2024:17:37:32 +0200] "POST /bermecars/login HTTP/1.1" 200 2
0:0:0:0:0:0:0:1 - - [05/May/2024:17:37:32 +0200] "GET /bermecars HTTP/1.1" 302 -
0:0:0:0:0:0:0:1 - - [05/May/2024:17:37:32 +0200] "GET /bermecars/ HTTP/1.1" 200 2947
0:0:0:0:0:0:0:1 - - [05/May/2024:17:37:35 +0200] "GET /bermecars/user-profile.jsp HTTP/1.1" 500 3036
127.0.0.1 - tomcat [05/May/2024:17:37:59 +0200] "PUT /manager/text/deploy?path=%2Fbermecars&update=true HTTP/1.1" 200 67
0:0:0:0:0:0:0:1 - - [05/May/2024:17:38:01 +0200] "GET /bermecars/user-profile.jsp HTTP/1.1" 500 3060
0:0:0:0:0:0:0:1 - - [05/May/2024:17:38:04 +0200] "GET /bermecars/ HTTP/1.1" 200 858
0:0:0:0:0:0:0:1 - - [05/May/2024:17:38:04 +0200] "GET /bermecars/login.jsp HTTP/1.1" 200 2432
0:0:0:0:0:0:0:1 - - [05/May/2024:17:38:12 +0200] "POST /bermecars/login HTTP/1.1" 200 2
0:0:0:0:0:0:0:1 - - [05/May/2024:17:38:12 +0200] "GET /bermecars HTTP/1.1" 302 -
0:0:0:0:0:0:0:1 - - [05/May/2024:17:38:12 +0200] "GET /bermecars/ HTTP/1.1" 200 2947
0:0:0:0:0:0:0:1 - - [05/May/2024:17:38:14 +0200] "GET /bermecars/user-profile.jsp HTTP/1.1" 500 3060
127.0.0.1 - tomcat [05/May/2024:17:38:35 +0200] "PUT /manager/text/deploy?path=%2Fbermecars&update=true HTTP/1.1" 200 67
0:0:0:0:0:0:0:1 - - [05/May/2024:17:38:38 +0200] "GET /bermecars HTTP/1.1" 302 -
0:0:0:0:0:0:0:1 - - [05/May/2024:17:38:38 +0200] "GET /bermecars/ HTTP/1.1" 200 858
0:0:0:0:0:0:0:1 - - [05/May/2024:17:38:38 +0200] "GET /bermecars/login.jsp HTTP/1.1" 200 2432
0:0:0:0:0:0:0:1 - - [05/May/2024:17:38:44 +0200] "POST /bermecars/login HTTP/1.1" 200 2
0:0:0:0:0:0:0:1 - - [05/May/2024:17:38:44 +0200] "GET /bermecars HTTP/1.1" 302 -
0:0:0:0:0:0:0:1 - - [05/May/2024:17:38:44 +0200] "GET /bermecars/ HTTP/1.1" 200 2947
0:0:0:0:0:0:0:1 - - [05/May/2024:17:38:46 +0200] "GET /bermecars/user-profile.jsp HTTP/1.1" 500 2982
0:0:0:0:0:0:0:1 - - [05/May/2024:17:38:51 +0200] "GET /bermecars HTTP/1.1" 302 -
0:0:0:0:0:0:0:1 - - [05/May/2024:17:38:51 +0200] "GET /bermecars/ HTTP/1.1" 200 2947
0:0:0:0:0:0:0:1 - - [05/May/2024:17:38:52 +0200] "GET /bermecars HTTP/1.1" 302 -
0:0:0:0:0:0:0:1 - - [05/May/2024:17:38:52 +0200] "GET /bermecars/ HTTP/1.1" 200 2947
0:0:0:0:0:0:0:1 - - [05/May/2024:17:39:07 +0200] "GET /bermecars HTTP/1.1" 302 -
0:0:0:0:0:0:0:1 - - [05/May/2024:17:39:07 +0200] "GET /bermecars/ HTTP/1.1" 200 2947
0:0:0:0:0:0:0:1 - - [05/May/2024:17:39:11 +0200] "GET /bermecars/logout HTTP/1.1" 302 -
0:0:0:0:0:0:0:1 - - [05/May/2024:17:39:11 +0200] "GET /bermecars HTTP/1.1" 302 -
0:0:0:0:0:0:0:1 - - [05/May/2024:17:39:11 +0200] "GET /bermecars/ HTTP/1.1" 200 858
0:0:0:0:0:0:0:1 - - [05/May/2024:17:39:11 +0200] "GET /bermecars/login.jsp HTTP/1.1" 200 2432
0:0:0:0:0:0:0:1 - - [05/May/2024:17:39:27 +0200] "GET /bermecars/register.jsp HTTP/1.1" 200 2440
0:0:0:0:0:0:0:1 - - [05/May/2024:17:39:42 +0200] "POST /bermecars/register HTTP/1.1" 200 2
0:0:0:0:0:0:0:1 - - [05/May/2024:17:39:42 +0200] "GET /bermecars HTTP/1.1" 302 -
0:0:0:0:0:0:0:1 - - [05/May/2024:17:39:43 +0200] "GET /bermecars/ HTTP/1.1" 200 2947
0:0:0:0:0:0:0:1 - - [05/May/2024:17:39:56 +0200] "GET /bermecars/logout HTTP/1.1" 302 -
0:0:0:0:0:0:0:1 - - [05/May/2024:17:39:56 +0200] "GET /bermecars HTTP/1.1" 302 -
0:0:0:0:0:0:0:1 - - [05/May/2024:17:39:56 +0200] "GET /bermecars/ HTTP/1.1" 200 858
0:0:0:0:0:0:0:1 - - [05/May/2024:17:39:56 +0200] "GET /bermecars/login.jsp HTTP/1.1" 200 2432
0:0:0:0:0:0:0:1 - - [05/May/2024:17:40:04 +0200] "POST /bermecars/login HTTP/1.1" 200 2
0:0:0:0:0:0:0:1 - - [05/May/2024:17:40:04 +0200] "GET /bermecars HTTP/1.1" 302 -
0:0:0:0:0:0:0:1 - - [05/May/2024:17:40:04 +0200] "GET /bermecars/ HTTP/1.1" 200 2947
127.0.0.1 - tomcat [05/May/2024:20:15:26 +0200] "PUT /manager/text/deploy?path=%2Fbermecars&update=true HTTP/1.1" 200 67
0:0:0:0:0:0:0:1 - - [05/May/2024:20:17:34 +0200] "GET /bermecars/ HTTP/1.1" 200 858
0:0:0:0:0:0:0:1 - - [05/May/2024:20:17:35 +0200] "GET /bermecars/login.jsp HTTP/1.1" 200 2432
0:0:0:0:0:0:0:1 - - [05/May/2024:20:17:40 +0200] "POST /bermecars/login HTTP/1.1" 200 2
0:0:0:0:0:0:0:1 - - [05/May/2024:20:17:40 +0200] "GET /bermecars HTTP/1.1" 302 -
0:0:0:0:0:0:0:1 - - [05/May/2024:20:17:40 +0200] "GET /bermecars/ HTTP/1.1" 200 2947
0:0:0:0:0:0:0:1 - - [05/May/2024:20:17:40 +0200] "GET /bermecar-pictures/testarossa.jpeg HTTP/1.1" 304 -
127.0.0.1 - tomcat [05/May/2024:20:27:28 +0200] "PUT /manager/text/deploy?path=%2Fbermecars&update=true HTTP/1.1" 200 67
127.0.0.1 - tomcat [05/May/2024:20:29:00 +0200] "PUT /manager/text/deploy?path=%2Fbermecars&update=true HTTP/1.1" 200 67
0:0:0:0:0:0:0:1 - - [05/May/2024:20:29:02 +0200] "GET /bermecars HTTP/1.1" 302 -
0:0:0:0:0:0:0:1 - - [05/May/2024:20:29:02 +0200] "GET /bermecars/ HTTP/1.1" 500 2517
127.0.0.1 - tomcat [05/May/2024:20:29:57 +0200] "PUT /manager/text/deploy?path=%2Fbermecars&update=true HTTP/1.1" 200 67
0:0:0:0:0:0:0:1 - - [05/May/2024:20:30:02 +0200] "GET /bermecars/ HTTP/1.1" 500 3420
0:0:0:0:0:0:0:1 - - [05/May/2024:20:30:03 +0200] "GET /bermecars/ HTTP/1.1" 500 2838
0:0:0:0:0:0:0:1 - - [05/May/2024:20:30:04 +0200] "GET /bermecars/ HTTP/1.1" 500 2838
0:0:0:0:0:0:0:1 - - [05/May/2024:20:30:05 +0200] "GET /bermecars/ HTTP/1.1" 500 2838
0:0:0:0:0:0:0:1 - - [05/May/2024:20:30:07 +0200] "GET /bermecars/ HTTP/1.1" 500 3420
127.0.0.1 - tomcat [05/May/2024:20:31:09 +0200] "PUT /manager/text/deploy?path=%2Fbermecars&update=true HTTP/1.1" 200 67
0:0:0:0:0:0:0:1 - - [05/May/2024:20:31:15 +0200] "GET /bermecars/ HTTP/1.1" 500 3439
0:0:0:0:0:0:0:1 - - [05/May/2024:20:31:15 +0200] "GET /bermecars/ HTTP/1.1" 500 2838
0:0:0:0:0:0:0:1 - - [05/May/2024:20:31:17 +0200] "GET /bermecars/ HTTP/1.1" 500 2838
0:0:0:0:0:0:0:1 - - [05/May/2024:20:31:18 +0200] "GET /bermecars/ HTTP/1.1" 500 2838
0:0:0:0:0:0:0:1 - - [05/May/2024:20:31:18 +0200] "GET /bermecars/ HTTP/1.1" 500 2838
0:0:0:0:0:0:0:1 - - [05/May/2024:20:31:19 +0200] "GET /bermecars/ HTTP/1.1" 500 3439
127.0.0.1 - tomcat [05/May/2024:20:31:43 +0200] "PUT /manager/text/deploy?path=%2Fbermecars&update=true HTTP/1.1" 200 67
0:0:0:0:0:0:0:1 - - [05/May/2024:20:31:44 +0200] "GET /bermecars/ HTTP/1.1" 500 2340
0:0:0:0:0:0:0:1 - - [05/May/2024:20:31:45 +0200] "GET /bermecars/ HTTP/1.1" 500 2838
0:0:0:0:0:0:0:1 - - [05/May/2024:20:31:46 +0200] "GET /bermecars/ HTTP/1.1" 500 2838
0:0:0:0:0:0:0:1 - - [05/May/2024:20:31:47 +0200] "GET /bermecars/ HTTP/1.1" 500 2838
0:0:0:0:0:0:0:1 - - [05/May/2024:20:31:48 +0200] "GET /bermecars/ HTTP/1.1" 500 2838
0:0:0:0:0:0:0:1 - - [05/May/2024:20:31:49 +0200] "GET /bermecars/ HTTP/1.1" 500 2340
127.0.0.1 - tomcat [05/May/2024:20:32:22 +0200] "PUT /manager/text/deploy?path=%2Fbermecars&update=true HTTP/1.1" 200 67
0:0:0:0:0:0:0:1 - - [05/May/2024:20:32:27 +0200] "GET /bermecars/ HTTP/1.1" 200 858
0:0:0:0:0:0:0:1 - - [05/May/2024:20:32:27 +0200] "GET /bermecars/login.jsp HTTP/1.1" 200 2432
0:0:0:0:0:0:0:1 - - [05/May/2024:20:32:33 +0200] "POST /bermecars/login HTTP/1.1" 200 2
0:0:0:0:0:0:0:1 - - [05/May/2024:20:32:33 +0200] "GET /bermecars HTTP/1.1" 302 -
0:0:0:0:0:0:0:1 - - [05/May/2024:20:32:33 +0200] "GET /bermecars/ HTTP/1.1" 200 4009
127.0.0.1 - tomcat [05/May/2024:20:33:41 +0200] "PUT /manager/text/deploy?path=%2Fbermecars&update=true HTTP/1.1" 200 67
127.0.0.1 - tomcat [05/May/2024:20:33:54 +0200] "PUT /manager/text/deploy?path=%2Fbermecars&update=true HTTP/1.1" 200 67
0:0:0:0:0:0:0:1 - - [05/May/2024:20:33:56 +0200] "GET /bermecars/ HTTP/1.1" 500 2517
127.0.0.1 - tomcat [05/May/2024:20:34:17 +0200] "PUT /manager/text/deploy?path=%2Fbermecars&update=true HTTP/1.1" 200 67
0:0:0:0:0:0:0:1 - - [05/May/2024:20:34:22 +0200] "GET /bermecars/ HTTP/1.1" 200 858
0:0:0:0:0:0:0:1 - - [05/May/2024:20:34:22 +0200] "GET /bermecars/login.jsp HTTP/1.1" 200 2432
0:0:0:0:0:0:0:1 - - [05/May/2024:20:34:29 +0200] "POST /bermecars/login HTTP/1.1" 200 2
0:0:0:0:0:0:0:1 - - [05/May/2024:20:34:29 +0200] "GET /bermecars HTTP/1.1" 302 -
0:0:0:0:0:0:0:1 - - [05/May/2024:20:34:29 +0200] "GET /bermecars/ HTTP/1.1" 200 3025
127.0.0.1 - tomcat [05/May/2024:20:36:48 +0200] "PUT /manager/text/deploy?path=%2Fbermecars&update=true HTTP/1.1" 200 67
0:0:0:0:0:0:0:1 - - [05/May/2024:20:36:51 +0200] "GET /bermecars/ HTTP/1.1" 200 858
0:0:0:0:0:0:0:1 - - [05/May/2024:20:36:51 +0200] "GET /bermecars/login.jsp HTTP/1.1" 200 2432
0:0:0:0:0:0:0:1 - - [05/May/2024:20:36:57 +0200] "POST /bermecars/login HTTP/1.1" 200 2
0:0:0:0:0:0:0:1 - - [05/May/2024:20:36:57 +0200] "GET /bermecars HTTP/1.1" 302 -
0:0:0:0:0:0:0:1 - - [05/May/2024:20:36:57 +0200] "GET /bermecars/ HTTP/1.1" 200 3231
0:0:0:0:0:0:0:1 - - [05/May/2024:20:37:09 +0200] "GET /bermecars/?search=t HTTP/1.1" 500 12057
